RAM[0m
[0;32mI (285) spi_flash: detected chi�ets Jul 29 2019 12:21:46

rst:0x1 (POWERON_RESET),boot:0x3f (SPI_FAST_FLASH_BOOT)
configsip: 153911750, SPIWP:0xee
clk_drv:0x00,q_drv:0x00,d_drv:0x00,cs0_drv:0x00,hd_drv:0x00,wp_drv:0x00
mode:DIO, clock div:2
load:0x3fff0030,len:7172
load:0x40078000,len:15532
load:0x40080400,len:4
load:0x40080404,len:3904
entry 0x40080640
[0;32mI (30) boot: ESP-IDF v5.2 2nd stage bootloader[0m
[0;32mI (30) boot: compile time Mar 15 2025 06:48:00[0m
[0;32mI (30) boot: Multicore bootloader[0m
[0;32mI (34) boot: chip revision: v3.1[0m
[0;32mI (38) boot.esp32: SPI Speed      : 40MHz[0m
[0;32mI (43) boot.esp32: SPI Mode       : DIO[0m
[0;32mI (47) boot.esp32: SPI Flash Size : 2MB[0m
[0;32mI (52) boot: Enabling RNG early entropy source...[0m
[0;32mI (57) boot: Partition Table:[0m
[0;32mI (61) boot: ## Label            Usage          Type ST Offset   Length[0m
[0;32mI (68) boot:  0 nvs              WiFi data        01 02 00009000 00006000[0m
[0;32mI (75) boot:  1 phy_init         RF data          01 01 0000f000 00001000[0m
[0;32mI (83) boot:  2 factory          factory app      00 00 00010000 00100000[0m
[0;32mI (90) boot: End of partition table[0m
[0;32mI (95) esp_image: segment 0: paddr=00010020 vaddr=3f400020 size=0a19ch ( 41372) map[0m
[0;32mI (117) esp_image: segment 1: paddr=0001a1c4 vaddr=3ffb0000 size=02264h (  8804) load[0m
[0;32mI (121) esp_image: segment 2: paddr=0001c430 vaddr=40080000 size=03be8h ( 15336) load[0m
[0;32mI (129) esp_image: segment 3: paddr=00020020 vaddr=400d0020 size=148f4h ( 84212) map[0m
[0;32mI (160) esp_image: segment 4: paddr=0003491c vaddr=40083be8 size=091f8h ( 37368) load[0m
[0;32mI (182) boot: Loaded app from partition at offset 0x10000[0m
[0;32mI (182) boot: Disabling RNG early entropy source...[0m
[0;32mI (193) cpu_start: Multicore app[0m
[0;32mI (202) cpu_start: Pro cpu start user code[0m
[0;32mI (202) cpu_start: cpu freq: 160000000 Hz[0m
[0;32mI (202) cpu_start: Application information:[0m
[0;32mI (205) cpu_start: Project name:     04_led[0m
[0;32mI (210) cpu_start: App version:      1[0m
[0;32mI (214) cpu_start: Compile time:     Jun 22 2025 03:11:22[0m
[0;32mI (220) cpu_start: ELF file SHA256:  7a3bc9e8c...[0m
[0;32mI (226) cpu_start: ESP-IDF:          v5.2-dirty[0m
[0;32mI (231) cpu_start: Min chip rev:     v0.0[0m
[0;32mI (236) cpu_start: Max chip rev:     v3.99 [0m
[0;32mI (241) cpu_start: Chip rev:         v3.1[0m
[0;32mI (246) heap_init: Initializing. RAM available for dynamic allocation:[0m
[0;32mI (253) heap_init: At 3FFAE6E0 len 00001920 (6 KiB): DRAM[0m
[0;32mI (259) heap_init: At 3FFB2C60 len 0002D3A0 (180 KiB): DRAM[0m
[0;32mI (265) heap_init: At 3FFE0440 len 00003AE0 (14 KiB): D/IRAM[0m
[0;32mI (271) heap_init: At 3FFE4350 len 0001BCB0 (111 KiB): D/IRAM[0m
[0;32mI (278) heap_initiB): IRAM[0m
[0;32mI (285) spi_flash: detected chip: gd[0m
) spi_flash: flash io: dio[0m
[0;33mW (292) spi_flash: Detected size(8192k) larger than the size in the binary image header(2048k). Using the size in the binary image header.[0m
[0;32mI (306) main_task: Started on CPU0[0m
[0;32mI (316) main_task: Calling app_main()[0m
[0;32mI (316) gpio: GPIO[39]| InputEn: 1| OutputEn: 0| OpenDrain: 0| Pullup: 1| Pulldown: 0| Intr:0 [0m
[0;32mI (316) button: first btn add[0m
[0;32mI (326) button: run button timer[0m
[0;32mI (326) gpio: GPIO[27]| InputEn: 0| OutputEn: 1| OpenDrain: 0| Pullup: 0| Pulldown: 0| Intr:0 [0m
[0;32mI (336) main_task: Returned from app_main()[0m
[0;32mI (6516) button: short press detect[0m
[0;32mI (6516) LED: led level is 0[0m
[0;32mI (7266) button: short press detect[0m
[0;32mI (7266) LED: led level is 0[0m
[0;32mI (8546) button: short press detect[0m
[0;32mI (8546) LED: led level is 0[0m
[0;32mI (9536) button: short press detect[0m
[0;32mI (9536) LED: led level is 0[0m
