ets Jul 29 2019 12:21:46

rst:0x1 (POWERON_RESET),boot:0x3f (SPI_FAST_FLASH_BOOT)
configsip: 153911750, SPIWP:0xee
clk_drv:0x00,q_drv:0x00,d_drv:0x00,cs0_drv:0x00,hd_drv:0x00,wp_drv:0x00
mode:DIO, clock div:2
load:0x3fff0030,len:7172
load:0x40078000,len:15532
load:0x40080400,len:4
load:0x40080404,len:3904
entry 0x40080640
[0;32mI (30) boot: ESP-IDF v5.2-dirty 2nd stage bootloader[0m
[0;32mI (30) boot: compile time Jun 28 2025 06:39:52[0m
[0;32mI (30) boot: Multicore bootloader[0m
[0;32mI (35) boot: chip revision: v3.1[0m
[0;32mI (38) boot.esp32: SPI Speed      : 40MHz[0m
[0;32mI (43) boot.esp32: SPI Mode       : DIO[0m
[0;32mI (48) bop32: SPI Flash Size : 2MB[0m
[0;32mI (52) boot: Enabling RNG early entropy source...[0m
[0;32mI (58) boot: Partition Table) boot:  0 nvs              WiFi data        01 02 00009000 0000m
[0;32mI (83) boot:  2 factory          factory app      00 00 00010000 00100000[0m
[0;32mI (91) boot: End of partition table[0m
[0;32mI (95) esp_image: segment 0: paddr=00010020 vaddr=3f400020 size=2393ch (145724) map[0m
[0;32mI (153) esp_image: segment 1: paddr=00033964 vaddr=3ffb0000 size=03b9ch ( 15260) load[0m
[0;32mI (159) esp_image: segment 2: paddr=00037508 vaddr=40080000 size=08b10h ( 35600) load[0m
[0;32mI (174) esp_image: segment 3: paddr=00040020 vaddr=400d0020 size=8cbb4h (576436) map[0m
[0;32mI (371) esp_image: segment 4: paddr=000ccbdc vaddr=40088b10 size=0d434h ( 54324) load[0m
[0;32mI (404) boot: Loaded app from partition at offset 0x10000[0m
[0;32mI (404) boot: Disabling RNG early entropy source...[0m
[0;32mI (415) cpu_start: Multicore app[0m
[0;32mI (424) cpu_start: Pro cpu start user code[0m
[0;32mI (424) cpu_start: cpu freq: 160000000 Hz[0m
[0;32mI (424) cpu_start: Application information:[0m
[0;32mI (427) cpu_start: Project name:     19_mqtt_test[0m
[0;32mI (433) cpu_start: App version:      1[0m
[0;32mI (437) cpu_start: Compile time:     Jun 28 2025 06:39:25[0m
[0;32mI (443) cpu_start: ELF file SHA256:  18e07d7c2...[0m
[0;32mI (449) cpu_start: ESP-IDF:          v5.2-dirty[0m
[0;32mI (454) cpu_start: Min chip rev:     v0.0[0m
[0;32mI (459) cpu_start: Max chip rev:     v3.99 [0m
[0;32mI (463) cpu_start: Chip rev:         v3.1[0m
[0;32mI (468) heap_init: Initializing. RAM available for dynamic allocation:[0m
[0;32mI (475) heap_init: At 3FFAE6E0 len 00001920 (6 KiB): DRAM[0m
[0;32mI (481) heap_init: At 3FFB7ED8 len 00028128 (160 KiB): DRAM[0m
[0;32mI (488) heap_init: At 3FFE0440 len 00003AE0 (14 KiB): D/IRAM[0m
[0;32mI (494) heap_init: At 3FFE4350 len 0001BCB0 (111 KiB): D/IRAM[0m
[0;32mI (500) heap_init: At 40095F44 len 0000A0BC (40 KiB): IRAM[0m
[0;32mI (508) spi_flash: detected chip: gd[0m
[0;32mI (511) spi_flash: flash io: dio[0m
[0;33mW (515) spi_flash: Detected size(8192k) larger than the size in the binary image header(2048k). Using the size in the binary image header.[0m
[0;32mI (529) main_task: Started on CPU0[0m
[0;32mI (539) main_task: Calling app_main()[0m
[0;33mW (539) wifi:wifi osi_nvs_open fail ret=4353[0m

[0;33mW (539) wifi_init: Failed to unregister Rx callbacks[0m
[0;31mE (539) wifi_init: Failed to deinit Wi-Fi driver (0x3001)[0m
[0;31mE (549) wifi_init: Failed to deinit Wi-Fi (0x3001)[0m
ESP_ERROR_CHECK failed: esp_err_t 0x1101 (ESP_ERR_NVS_NOT_INITIALIZED) at 0x400d62f7
file: "../main/simple_wifi_sta.c" line 203
func: wifi_sta_init
expression: esp_wifi_init(&config)

abort() was called at PC 0x40088997 on core 0


Backtrace: 0x4008179a:0x3ffb9fd0 0x400889a1:0x3ffb9ff0 0x4009015d:0x3ffba010 0x40088997:0x3ffba080 0x400d62f7:0x3ffba0b0 0x400d60b9:0x3ffba1b0 0x4015ac4b:0x3ffba1d0 0x400894ad:0x3ffba200




ELF file SHA256: 18e07d7c2

Rebooting...
ets Jul 29 2019 12:21:46

rst:0xc (SW_CPU_RESET),boot:0x3f (SPI_FAST_FLASH_BOOT)
configsip: 153911750, SPIWP:0xee
clk_drv:0x00,q_drv:0x00,d_drv:0x00,cs0_drv:0x00,hd_drv:0x00,wp_drv:0x00
mode:DIO, clock div:2
load:0x3fff0030,len:7172
load:0x40078000,len:15532
load:0x40080400,len:4
load:0x40080404,len:3904
entry 0x40080640
[0;32mI (30) boot: ESP-IDF v5.2-dirty 2nd stage bootloader[0m
[0;32mI (30) boot: compile time Jun 28 2025 06:39:52[0m
[0;32mI (30) boot: Multicore bootloader[0m
[0;32mI (35) boot: chip revision: v3.1[0m
[0;32mI (38) boot.esp32: SPI Speed      : 40MHz[0m
[0;32mI (43) boot.esp32: SPI Mode       : DIO[0m
[0;32mI (48) boot.esp32: SPI Flash Size : 2MB[0m
[0;32mI (52) boot: Enabling RNG early entropy source...[0m
[0;32mI (57) boot: Partition Table:[0m
[0;32mI (61) boot: ## Label            Usage          Type ST Offset   Length[0m
[0;32mI (68) boot:  0 nvs              WiFi data        01 02 00009000 00006000[0m
[0;32mI (76) boot:  1 phy_init         RF data          01 01 0000f000 00001000[0m
[0;32mI (83) boot:  2 factory          factory app      00 00 00010000 00100000[0m
[0;32mI (91) boot: End of partition table[0m
[0;32mI (95) esp_image: segment 0: paddr=00010020 vaddr=3f400020 size=2393ch (145724) map[0m
[0;32mI (153) esp_image: segment 1: paddr=00033964 vaddr=3ffb0000 size=03b9ch ( 15260) load[0m
[0;32mI (159) esp_image: segment 2: paddr=00037508 vaddr=40080000 size=08b10h ( 35600) load[age: segment 3: paddr=00040020 vaddr=400d0020 size=8cbb4h (576436) map[0m
[0;32mI (371) esp_image: segment 4: paddr=000ccbdc vaddr=40088b10 size=0d434h ( 54324) load[0m
[0;32mI (404) boot: Loaded app from partition at offset 0x10000[0m
[0;32mI (404) boot: Disabling RNG early entropy source...[0m
[0;32mI (415) cpu_start: Multicore app[0m
[0;32mI (424) cpu_start: Pro cpu start user code[0m
[0;32mI (424) cpu_start: cpu freq: 160000000 Hz[0m
[0;32mI (424) cpu_start: Application information:[0m
[0;32mI (427) cpu_start: Project name:     19_mqtt_test[0m
[0;32mI (433) cpu_start: App version:      1[0m
[0;32mI (437) cpu_start: Compile time:     Jun 28 2025 06:39:25[0m
[0;32mI (443) cpu_start: ELF file SHA256:  18e07d7c2...[0m
[0;32mI (449) cpu_start: ESP-IDF:          v5.2-dirty[0m
[0;32mI (454) cpu_start: Min chip rev:     v0.0[0m
[0;32mI (458) cpu_start: Max chip rev:     v3.99 [0m
[0;32mI (463) cpu_start: Chip rev:         v3.1[0m
[0;32mI (468) heap_init: Initializing. RAM available for dynamic allocation:[0m
[0;32mI (475) heap_init: At 3FFAE6E0 len 00001920 (6 KiB): DRAM[0m
[0;32mI (481) heap_init: At 3FFB7ED8 len 00028128 (160 KiB): DRAM[0m
[0;32mI (488) heap_init: At 3FFE0440 len 00003AE0 (14 KiB): D/IRAM[0m
[0;32mI (494) heap_init: At 3FFE4350 len 0001BCB0 (111 KiB): D/IRAM[0m
[0;32mI (500) heap_init: At 40095F44 len 0000A0BC (40 KiB): IRAM[0m
[0;32mI (508) spi_flash: detected chip: gd[0m
[0;32mI (511) spi_flash: flash io: dio[0m
[0;33mW (515) spi_flash: Detected size(8192k) larger than the size in the binary image header(2048k). Using the size in the binary image header.[0m
[0;32mI (529) main_task: Started on CPU0[0m
[0;32mI (539) main_task: Calling app_main()[0m
[0;33mW (539) wifi:wifi osi_nvs_open fail ret=4353[0m

[0;33mW (539) wifi_init: Failed to unregister Rx callbacks[0m
[0;31mE (539) wifi_init: Failed to deinit Wi-Fi driver (0x3001)[0m
[0;31mE (549) wifi_init: Failed to deinit Wi-Fi (0x3001)[0m
ESP_ERROR_CHECK failed: esp_err_t 0x1101 (ESP_ERR_NVS_NOT_INITIALIZED) at 0x400d62f7
file: "../main/simple_wifi_sta.c" line 203
func: wifi_sta_init
expression: esp_wifi_init(&config)

abort() was called at PC 0x40088997 on core 0


Backtrace: 0x4008179a:0x3ffb9fd0 0x400889a1:0x3ffb9ff0 0x4009015d:0x3ffba010 0x40088997:0x3ffba080 0x400d62f7:0x3ffba0b0 0x400d60b9:0x3ffba1b0 0x4015ac4b:0x3ffba1d0 0x400894ad:0x3ffba200




ELF file SHA256: 18e07d7c2

Rebooting...ets Jul 29 2019 12:21:46

rst:0xc (SW_CPU_RESET),boot:0x3f (SPI_FAST_FLASH_BOOT)
configsip: 153911750, SPIWP:0xee
clk_drv:0x00,q_drv:0x00,d_drv:0x00,cs0_drv:0x00,hd_drv:0x00,wp_drv:0x00
mode:DIO, clock div:2
load:0x3fff0030,len:7172
load:0x40078000,len:15532
load:0x40080400,len:4
load:0x40080404,len:3904
entry 0x40080640
[0;32mI (30) boot: ESP-IDF v5.2-dirty 2nd stage bootloader[0m
[0;32mI (30) boot: compile time Jun 28 2025 06:39:52[0m
[0;32mI (30) boot: Multicore bootloader[0m
[0;32mI (35) boot: chip revision: v3.1[0m
[0;32mI (38) boot.esp32: SPI Speed      : 40MHz[0m
[0;32mI (43) boot.esp32: SPI Mode       : DIO[0m
[0;32mI (47) boot.esp32: SPI Flash Size : 2MB[0m
[0;32mI (52) boot: Enabling RNG early entropy source...[0m
[0;32mI (57) boot: Partition Table:[0m
[0;32mI (61) boot: ## Label            Usage          Type ST Offset   Length[0m
[0;32mI (68) boot:  0 nvs              WiFi data        01 02 00009000 00006000[0m
[0;32mI (76) boot:  1 phy_init         RF data          01 01 0000f000 00001000[0m
[0;32mI (83) boot:  2 factory          factory app      00 00 00010000 00100000[0m
[0;32mI (91) boot: End of partition table[0m
[0;32mI (95) esp_image: segment 0: paddr=00010020 vaddr=3f400020 size=2393ch (145724) map[0m
[0;32mI (153) esp_image: segment 1: paddr=00033964 vaddr=3ffb0000 size=03b9ch ( 15260) load[0m
[0;32mI (159) esp_image: segment 2: paddr=00037508 vaddr=40080000 size=08b10h ( 35600) load[0m
[0;32mI (173) esp_image: segment 3: paddr=00040020 vaddr=400d0020 size=8cbb4h (576436) map[0m
[0;32mI (371) esp_image: segment 4: paddr=000ccbdc vaddr=40088b10 size=0d434h ( 54324) load[0m
[0;32mI (404) boot: Loaded app from partition at offset 0x10000[0m
[0;32mI (404) boot: Disabling RNG early entropy source...[0m
[0;32mI (415) cpu_start: Multicore app[0m
[0;32mI (424) cpu_start: Pro cpu start user code[0m
[0;32mI (424) cpu_start: cpu freq: 160000000 Hz[0m
[0;32mI (424) cpu_start: Application information:[0m
[0;32mI (427) cpu_start: Project name:     19_mqtt_test[0m
[0;32mI (433) cpu_start: App version:      1[0m
[0;32mI (437) cpu_start: Compile time:     Jun 28 2025 06:39:25[0m
[0;32mI (443) cpu_start: ELF file SHA256:  18e07d7c2...[0m
[0;32mI (449) cpu_start: ESP-IDF:          v5.2-dirty[0m
[0;32mI (454) cpu_start: Min chip rev:     v0.0[0m
[0;32mI (458) cpu_start: Max chip rev:     v3.99 [0m
[0;32mI (463) cpu_start: Chip rev:         v3.1[0m
[0;32mI (468) heap_init: Initializing. RAM available for dynamic allocation:[0m
[0;32mI (475) heap_init: At 3FFAE6E0 len 00001920 (6 KiB): DRAM[0m
[0;32mI (481) heap_init: At 3FFB7ED8 len 00028128 (160 KiB): DRAM[0m
[0;32mI (487) heap_init: At 3FFE0440 len 00003AE0 (14 KiB): D/IRAM[0m
[0;32mI (494) heap_init: At 3FFE4350 len 0001BCB0 (111 KiB): D/IRAM[0m
[0;32mI (500) heap_init: At 40095F44 len 0000A0BC (40 KiB): IRAM[0m
[0;32mI (508) spi_flash: detected chip: gd[0m
[0;32mI (511) spi_flash: flash io: dio[0m
[0;33mW (515) spi_flash: Detected size(8192k) larger than the size in the binary image header(2048k). Using the size in the binary image header.[0m
[0;32mI (529) main_task: Started on CPU0[0m
[0;32mI (539) main_task: Calling app_main()[0m
[0;33mW (539) wifi:wifi osi_nvs_open fail ret=4353[0m

[0;33mW (539) wifi_init: Failed to unregister Rx callbacks[0m
[0;31mE (539) wifi_init: Failed to deinit Wi-Fi driver (0x3001)[0m
[0;31mE (549) wifi_init: Failed to deinit Wi-Fi (0x3001)[0m
ESP_ERROR_CHECK failed: esp_err_t 0x1101 (ESP_ERR_NVS_NOT_INITIALIZED) at 0x400d62f7
file: "../main/simple_wifi_sta.c" line 203
func: wifi_sta_init
expression: esp_wifi_init(&config)

abort() was called at PC 0x40088997 on core 0


Backtrace: 0x4008179a:0x3ffb9fd0 0x400889a1:0x3ffb9ff0 0x4009015d:0x3ffba010 0x40088997:0x3ffba080 0x400d62f7:0x3ffba0b0 0x400d60b9:0x3ffba1b0 0x4015ac4b:0x3ffba1d0 0x400894ad:0x3ffba200




ELF file SHA256: 18e07d7c2

Rebooting...
ets Jul 29 2019 12:21:46

rst:0xc (SW_CPU_RESET),boot:0x3f (SPI_FAST_FLASH_BOOT)
configsip: 153911750, SPIWP:0xee
clk_drv:0x00,q_drv:0x00,d_drv:0x00,cs0_drv:0x00,hd_drv:0x00,wp_drv:0x00
mode:DIO, clock div:2
load:0x3fff0030,len:7172
load:0x40078000,len:15532
load:0x40080400,len:4
load:0x40080404,len:3904
entry 0x40080640
[0;32mI (30) boot: ESP-IDF v5.2-dirty 2nd stage bootloader[0m
[0;32mI (30) boot: compile time Jun 28 2025 06:39:52[0m
[0;32mI (30) boot: Multicore bootloader[0m
[0;32mI (35) boot: chip revision: v3.1[0m
[0;32mI (38) boot.esp32: SPI Speed      : 40MHz[0m
[0;32mI (43) boot.esp32: SPI Mode       : DIO[0m
[0;32mI (47) boot.esp32: SPI Flash Size : 2MB[0m
[0;32mI (52) boot: Enabling RNG early entropy source...[0m
[0;32mI (57) boot: Partition Table:[0m
[0;32mI (61) boot: ## Label            Usage          Type ST Offset   Length[0m
[0;32mI (68) boot:  0 nvs              WiFi data        01 02 00009000 00006000[0m
[0;32mI (76) boot:  1 phy_init         RF data          01 01 0000f000 0000[0m
[0;32mI (83) boot:  2 factory          factory app      00 00 00010000 00100000[0m
[0;32mI (91) boot: End of partiti: segment 0: paddr=00010020 vaddr=3f400020 size=2393ch (145724) map[0m
[0;32mI (153) esp_image: segment 1: paddr=00033964 vaddr=3ffb0000 size=03b9ch ( 15260) load[0m
[0;32mI (159) esp_image: segment 2: paddr=00037508 vaddr=40080000 size=08b10h ( 35600) load[0m
[0;32mI (173) esp_image: segment 3: paddr=00040020 vaddr=400d0020 size=8cbb4h (576436) map[0m
[0;32mI (371) esp_image: segment 4: paddr=000ccbdc vaddr=40088b10 size=0d434h ( 54324) load[0m
[0;32mI (404) boot: Loaded app from partition at offset 0x10000[0m
[0;32mI (404) boot: Disabling RNG early entropy source...[0m
[0;32mI (415) cpu_start: Multicore app[0m
[0;32mI (424) cpu_start: Pro cpu start user code[0m
[0;32mI (424) cpu_start: cpu freq: 160000000 Hz[0m
[0;32mI (424) cpu_start: Application information:[0m
[0;32mI (427) cpu_start: Project name:     19_mqtt_test[0m
[0;32mI (433) cpu_start: App version:      1[0m
[0;32mI (437) cpu_start: Compile time:     Jun 28 2025 06:39:25[0m
[0;32mI (443) cpu_start: ELF file SHA256:  18e07d7c2...[0m
[0;32mI (449) cpu_start: ESP-IDF:          v5.2-dirty[0m
[0;32mI (454) cpu_start: Min chip rev:     v0.0[0m
[0;32mI (458) cpu_start: Max chip rev:     v3.99 [0m
[0;32mI (463) cpu_start: Chip rev:         v3.1[0m
[0;32mI (468) heap_init: Initializing. RAM available for dynamic allocation:[0m
[0;32mI (475) heap_init: At 3FFAE6E0 len 00001920 (6 KiB): DRAM[0m
[0;32mI (481) heap_init: At 3FFB7ED8 len 00028128 (160 KiB): DRAM[0m
[0;32mI (487) heap_init: At 3FFE0440 len 00003AE0 (14 KiB): D/IRAM[0m
[0;32mI (494) heap_init: At 3FFE4350 len 0001BCB0 (111 KiB): D/IRAM[0m
[0;32mI (500) heap_init: At 40095F44 len 0000A0BC (40 KiB): IRAM[0m
[0;32mI (508) spi_flash: detected chip: gd[0m
[0;32mI (511) spi_flash: flash io: dio[0m
[0;33mW (515) spi_flash: Detected size(8192k) larger than the size in the binary image header(2048k). Using the size in the binary image header.[0m
[0;32mI (529) main_task: Started on CPU0[0m
[0;32mI (539) main_task: Calling app_main()[0m
[0;33mW (539) wifi:wifi osi_nvs_open fail ret=4353[0m

[0;33mW (539) wifi_init: Failed to unregister Rx callbacks[0m
[0;31mE (539) wifi_init: Failed to deinit Wi-Fi driver (0x3001)[0m
[0;31mE (549) wifi_init: Failed to deinit Wi-Fi (0x3001)[0m
ESP_ERROR_CHECK failed: esp_err_t 0x1101 (ESP_ERR_NVS_NOT_INITIALIZED) at 0x400d62f7
file: "../main/simple_wifi_sta.c" line 203
func: wifi_sta_init
expression: esp_wifi_init(&config)

abort() was called at PC 0x40088997 on core 0


Backtrace: 0x4008179a:0x3ffb9fd0 0x400889a1:0x3ffb9ff0 0x4009015d:0x3ffba010 0x40088997:0x3ffba080 0x400d62f7:0x3ffba0b0 0x400d60b9:0x3ffba1b0 0x4015ac4b:0x3ffba1d0 0x400894ad:0x3ffba200




ELF file SHA256: 18e07d7c2

Rebooting...
ets Jul 29 2019 12:21:46

rst:0xc (SW_CPU_RESET),boot:0x3f (SPI_FAST_FLASH_BOOT)
configsip: 153911750, SPIWP:0xee
clk_drv:0x00,q_drv:0x00,d_drv:0x00,cs0_drv:0x00,hd_drv:0x00,wp_drv:0x00
mode:DIO, clock div:2
load:0x3fff0030,len:7172
load:0x40078000,len:15532
load:0x40080400,len:4
load:0x40080404,len:3904
entry 0x40080640
[0;32mI (30) boot: ESP-IDF v5.2-dirty 2nd stage bootloader[0m
[0;32mI (30) boot: compile time Jun 28 2025 06:39:52[0m
[0;32mI (30) boot: Multicore bootloader[0m
[0;32mI (35) boot: chip revision: v3.1[0m
[0;32mI (38) boot.esp32: SPI Speed      : 40MHz[0m
[0;32mI (43) boot.esp32: SPI Mode       : DIO[0m
[0;32mI (47) boot.esp32: SPI Flash Size : 2MB[0m
[0;32mI (52) boot: Enabling RNG early entropy source...[0m
[0;32mI (57) boot: Partition Table:[0m
[0;32mI (61) boot: ## Label            Usage          Type ST Offset   Length[0m
[0;32mI (68) boot:  0 nvs              WiFi data        01 02 00009000 00006000[0m
[0;32mI (76) boot:  1 phy_init         RF data          01 01 0000f000 00001000[0m
[0;32mI (83) boot:  2 factory          factory app      00 00 00010000 00100000[0m
[0;32mI (91) boot: End of partition table[0m
[0;32mI (95) esp_image: segment 0: paddr=00010020 vaddr=3f400020 size=2393ch (145724) map[0m
[0;32mI (153) esp_image: segment 1: paddr=00033964 vaddr=3ffb0000 size=03b9ch ( 15260) load[0m
[0;32mI (159) esp_image: segment 2: paddr=00037508 vaddr=40080000 size=08b10h ( 35600) load[0m
[0;32mI (173) esp_image: segment 3: paddr=00040020 vaddr=400d0020 size=8cbb4h (576436) map[0m
[0;32mI (371) esp_image: segment 4: paddr=000ccbdc vaddr=40088b10 size=0d434h ( 54324) load[0m
[0;32mI (404) boot: Loaded app from partition at offset 0x10000[0m
[0;32mI (404) boot: Disabling RNG early entropy source...[0m
[0;32mI (415) cpu_start: Multicore app[0m
[0;32mI (424) cpu_start: Pro cpu start user code[0m
[0;32mI (424) cpu_start: cpu freq: 160000000 Hz[0m
[0;32mI (424) cpu_start: Application information:[0m
[0;32mI (427) cpu_start: Project name:     19_mqtt_test[0m
[0;32mI (433) cpu_start: App version:      1[0m
[0;32mI (437) cpu_start: Compile time:     Jun 28 2025 06:39:25[0m
[0;32mI (443) cpu_start: ELF file SHA256:  18e07d7c2...[0m
[0;32mI (449) cpu_start: ESP-IDF:          v5.2-dirty[0m
[0;32mI (454) cpu_start: Min chip rev:     v0.0[0m
[0;32mI (458) cpu_start: Max chip rev:     v3.99 [0m
[0;32mI (463) cpu_start: Chip rev:         v3.1[0m
[0;32mI (468) heap_init: Initializing. RAM available for dynamic allocation:[0m
[0;32mI (475) heap_init: At 3FFAE6E0 len 00001920 (6 KiB): DRAM[0m
[0;32mI (481) heap_init: At 3FFB7ED8 len 00028128 (160 KiB): DRAM[0m
[0;350 len 0001BCB0 (111 KiB): D/IRAM[0m
[0;32mI (500) heap_init: At 40095F44 len 0000A0BC (40 KiB): IRAM[0m
[0;32mI (508) spi_flash: detected chip: gd[0m
[0;32mI (511) spi_flash: flash io: dio[0m
[0;33mW (515) spi_fhe size in the binary image header(2048k). Using the size in the binary image header.[0m
[0;32mI (529) main_task: Started on CPU0[0m
[0;32mI (539) main_task: Calling app_main()[0m
[0;33mW (539) wifi:wifi osi_nvs_open fail ret=4353[0m

[0;33mW (539) wifi_init: Failed to unregister Rx callbacks[0m
[0;31mE (539) wifi_init: Failed to deinit Wi-Fi driver (0x3001)[0m
[0;31mE (549) wifi_init: Failed to deinit Wi-Fi (0x3001)[0m
ESP_ERROR_CHECK failed: esp_err_t 0x1101 (ESP_ERR_NVS_NOT_INITIALIZED) at 0x400d62f7
file: "../main/simple_wifi_sta.c" line 203
func: wifi_sta_init
expression: esp_wifi_init(&config)

abort() was called at PC 0x40088997 on core 0


Backtrace: 0x4008179a:0x3ffb9fd0 0x400889a1:0x3ffb9ff0 0x40090 0x40088997:0x3ffba080 0x400d62f7:0x3ffba0b0 0x400d60b9:0x3ffba1b0 0x4015ac4b:0x3ffba1d0 0x400894ad:0x3ffba200




ELF file SHA256: 18e07d7c2

Rebooting...
ets Jul 29 2019 12:21:46

rst:0xc (SW_CPU_RESET),boot:0x3f (SPI_FAST_FLASH_BOOT)
configsip: 153911750, SPIWP:0xee
clk_drv:0x00,q_drv:0x00,d_drv:0x00,cs0_drv:0x00,hd_drv:0x00,wp_drv:0x00
mode:DIO, clock div:2
load:0x3fff0030,len:7172
load:0x40078000,len:15532
load:0x40080400,len:4
load:0x40080404,len:3904
entry 0x40080640
[0;32mI (30) boot: ESP-IDF v5.2-dirty 2nd stage bootloader[0m
[0;32mI (30) boot: compile time Jun 28 2025 06:39:52[0m
[0;32mI (30) boot: Multicore bootloader[0m
[0;32mI (35) boot: chip revision: v3.1[0m
[0;32mI (38) boot.esp3
[0;32mI (43) boot.esp32: SPI M        Usage          Type ST Offset   Length[0m
[0;32mI (68) boot:  0 nvs              WiFi data        01 02 00009000 00006000[0m
[0;32mI (76) boot:  1 phy_init         RF data          01 01 0000f000 00001000[0m
[0;32mI (83) boot:  2 factory          factory app      00 00 00010000 00100000[0m
[0;32mI (91) boot: End of partition table[0m
[0;32mI (95) esp_image: segment 0: paddr=00010020 vaddr=3f400020 size=2393ch (145724) map[0m
[0;32mI (153) esp_image: segment 1: paddr=00033964 vaddr=3ffb0000 size=03b9ch ( 15260) load[0m
[0;32mI (159) esp_image: segment 2: paddr=00037508 vaddr=40080000 size=08b10h ( 35600) load[0m
[0;32mI (173) esp_image: segment 3: paddr=00040020 vaddr=400d0020 size=8cbb4h (576436) map[0m
[0;32mI (371) esp_image: segment 4: paddr=000ccbdc vaddr=40088b10 size=0d434h ( 54324) load[0m
[0;32mI (404) boot: Loaded app from partition at offset 0x10000[0m
[0;32mI (404) boot: Disabling RNG early entropy source...[0m
[0;32mI (415) cpu_start: Multicore app[0m
[0;32mI (424) cpu_start: Pro cpu start user code[0m
[0;32mI (424) cpu_start: cpu freq: 160000000 Hz[0m
[0;32mI (424) cpu_start: Application information:[0m
[0;32mI (427) cpu_start: Project name:     19_mqtt_test[0m
[0;32mI (433) cpu_start: App version:      1[0m
[0;32mI (437) cpu_start: Compile time:     Jun 28 2025 06:39:25[0m
[0;32mI (443) cpu_start: ELF file SHA256:  18e07d7c2...[0m
[0;32mI (449) cpu_start: ESP-IDF:          v5.2-dirty[0m
[0;32mI (454) cpu_start: Min chip rev:     v0.0[0m
[0;32mI (458) cpu_start: Max chip rev:     v3.99 [0m
[0;32mI (463) cpu_start: Chip rev:         v3.1[0m
[0;32mI (468) heap_init: Initializing. RAM available for dynamic allocation:[0m
[0;32mI (475) heap_init: At 3FFAE6E0 len 00001920 (6 KiB): DRAM[0m
[0;32mI (481) heap_init: At 3FFB7ED8 len 00028128 (160 KiB): DRAM[0m
[0;32mI (487) heap_init: At 3FFE0440 len 00003AE0 (14 KiB): D/IRAM[0m
[0;32mI (494) heap_init: At 3FFE4350 len 0001BCB0 (111 KiB): D/IRAM[0m
[0;32mI (500) heap_init: At 40095F44 len 0000A0BC (40 KiB): IRAM[0m
[0;32mI (508) spi_flash: detected chip: gd[0m
[0;32mI (511) spi_flash: flash io: dio[0m
[0;33mW (515) spi_flash: Detected size(8192k) larger than the size in the binary image header(2048k). Using the size in the binary image header.[0m
[0;32mI (529) main_task: Started on CPU0[0m
[0;32mI (539) main_task: Calling app_main()[0m
[0;33mW (539) wifi:wifi osi_nvs_open fail ret=4353[0m

[0;33mW (539) wifi_init: Failed to unregister Rx callbacks[0m
[0;31mE (539) wifi_init: Failed to deinit Wi-Fi driver (0x3001)[0m
[0;31mE (549) wifi_init: Failed to deinit Wi-Fi (0x3001)[0m
ESP_ERROR_CHECK failed: esp_err_t 0x1101 (ESP_ERR_NVS_NOT_INITIALIZED) at 0x400d62f7
file: "../main/simple_wifi_sta.c" line 203
func: wifi_sta_init
expression: esp_wifi_init(&config)

abort() was called at PC 0x40088997 on core 0


Backtrace: 0x4008179a:0x3ffb9fd0 0x400889a1:0x3ffb9ff0 0x4009015d:0x3ffba010 0x40088997:0x3ffba080 0x400d62f7:0x3ffba0b0 0x400d60b9:0x3ffba1b0 0x4015ac4b:0x3ffba1d0 0x400894ad:0x3ffba200




ELF file SHA256: 18e07d7c2

Rebooting...
ets Jul 29 2019 12:21:46

rst:0xc (SW_CPU_RESET),boot:0x3f (SPI_FAST_FLASH_BOOT)
configsip: 153911750, SPIWP:0xee
clk_drv:0x00,q_drv:0x00,d_drv:0x00,cs0_drv:0x00,hd_drv:0x00,wp_drv:0x00
mode:DIO, clock div:2
load:0x3fff0030,len:7172
load:0x40078000,len:15532
load:0x40080400,len:4
load:0x40080404,len:3904
entry 0x40080640
[0;32mI (30) boot: ESP-IDF v5.2-dirty 2nd stage bootloader[0m
[0;32mI (30) boot: compile time Jun 28 2025 06:39:52[0m
[0;32mI (30) boot: Multicore bootloader[0m
[0;32mI (35) boot: chip revision: v3.1[0m
