ets Jul 29 2019 12:21:46

rst:0x1 (POWERON_RESET),boot:0x3f (SPI_FAST_FLASH_BOOT)
configsip: 153911750, SPIWP:0xee
clk_drv:0x00,q_drv:0x00,d_drv:0x00,cs0_drv:0x00,hd_drv:0x00,wp_drv:0x00
mode:DIO, clock div:2
load:0x3fff0030,len:7172
load:0x40078000,len:15532
load:0x40080400,len:4
load:0x40080404,len:3904
entry 0x40080640
[0;32mI (30) boot: ESP-IDF v5.2-dirty 2nd stage bootloader[0m
[0;32mI (30) boot: compile time Jun 28 2025 06:39:52[0m
[0;32mI (30) boot: Multicore bootloader[0m
[0;32mI (35) boot: chip revision: v3.1[0m
[0;32mI (38) boot.esp32: SPI Speed      : 40MHz[0m
[0;32mI (43) boot.esp32: SPI Mode       : DIO[0m
[0;32mI (48) boot.esp32: SPI Flash Size : 2MB[0m
[0;32mI (52) boot: Enabling RNG early entropy source...[0m
[0;32mI (58) boot: Partition Table:[0m
[0;32mI (61) boot: ## Label            Usage          Type ST Offset   Length[0m
[0;32mI (68) boot:  0 nvs              WiFi data        01 02 00009000 00006000[0m
[0;32mI (76) boot:  1 phy_init         RF data          01 01 0000f000 00001000[0m
[0;32mI (83) boot:  2 factory          factory app      00 00 00010000 00100000[0m
[0;32mI (91) boot: End of partition table[0m
[0;32mI (95) esp_image: segment 0: paddr=00010020 vaddr=3f400020 size=22918h (141592) map[0m
[0;32mI (152) esp_image: segment 1: paddr=00032940 vaddr=3ffb0000 size=03b6ch ( 15212) load[0m
[0;32mI (158) esp_image: segment 2: paddr=000364b4 vaddr=40080000 size=09b64h ( 39780) load[0m
[0;32mI (174) esp_image: segment 3: paddr=00040020 vaddr=400d0020 size=84cech (543980) map[0m
[0;32mI (360) esp_image: segment 4: paddr=000c4d14 vaddr=40089b64 size=0c3e0h ( 50144) load[0m
[0;32mI (391) boot: Loaded app from partition at offset 0x10000[0m
[0;32mI (391) boot: Disabling RNG early entropy source...[0m
[0;32mI (403) cpu_start: Multicore app[0m
[0;32mI (412) cpu_start: Pro cpu start user code[0m
[0;32mI (412) cpu_start: cpu freq: 160000000 Hz[0m
[0;32mI (412) cpu_start: Application information:[0m
[0;32mI (415) cpu_start: Project name:     19_mqtt_test[0m
[0;32mI (420) cpu_start: App version:      1[0m
[0;32mI (425) cpu_start: Compile time:     Jun 28 2025 06:39:25[0m
[0;32mI (431) cpu_start: ELF file SHA256:  5d9242aad...[0m
[0;32mI (436) cpu_start: ESP-IDF:          v5.2-dirty[0m
[0;32mI (441) cpu_start: Min chip rev:     v0.0[0m
[0;32mI (446) cpu_start: Max chip rev:     v3.99 [0m
[0;32mI (451) cpu_start: Chip rev:         v3.1[0m
[0;32mI (456) heap_init: Initializing. RAM available for dynamic allocation:[0m
[0;32mI (463) heap_init: At 3FFAE6E0 len 00001920 (6 KiB): DRAM[0m
[0;32mI (469) heap_init: At 3FFB7D98 len 00028268 (160 KiB): DRAM[0m
[0;32mI (475) heap_init: At 3FFE0440 len 00003AE0 (14 KiB): D/IRAM[0m
[0;32mI (481) heap_init: At 3FFE4350 len 0001BCB0 (111 KiB): D/IRAM[0m
[0;32mI (488) heap_init: At 40095F44 len 0000A0BC (40 KiB): IRAM[0m
[0;32mI (495) spi_flash: detected chip: gd[0m
[0;32mI (498) spi_flash: flash io: dio[0m
[0;33mW (502) spi_flash: Detected size(8192k) larger than the size in the binary image header(2048k). Using the size in the binary image header.[0m
[0;32mI (516) main_task: Started on CPU0[0m
[0;32mI (526) main_task: Calling app_main()[0m
[0;33mW (526) wifi:wifi osi_nvs_open fail ret=4353[0m

[0;33mW (526) wifi_init: Failed to unregister Rx callbacks[0m
[0;31mE (526) wifi_init: Failed to deinit Wi-Fi driver (0x3001)[0m
[0;31mE (536) wifi_init: Failed to deinit Wi-Fi (0x3001)[0m
ESP_ERROR_CHECK failed: esp_err_t 0x1101 (ESP_ERR_NVS_NOT_INITIALIZED) at 0x400d6274
file: "../main/simple_wifi_sta.c" line 203
func: wifi_sta_init
expression: esp_wifi_init(&config)

abort() was called at PC 0x40088997 on core 0


Backtrace: 0x4008179a:0x3ffb9dc0 0x400889a1:0x3ffb9de0 0x4009015d:0x3ffb9e00 0x40088997:0x3ffb9e70 0x400d6274:0x3ffb9ea0 0x400d6009:0x3ffba050 0x40152d7b:0x3ffba090 0x400894ad:0x3ffba0c0




ELF file SHA256: 5d9242aad

Rebooting...
ets Jul 29 2019 12:21:46

rst:0xc (SW_CPU_RESET),boot:0x3f (SPI_FAST_FLASH_BOOT)
configsip: 153911750, SPIWP:0xee
clk_drv:0x00,q_drv:0x00,d_drv:0x00,cs0_drv:0x00,hd_drv:0x00,wp_drv:0x00
mode:DIO, clock div:2
load:0x3fff0030,len:7172
load:0x40078000,len:15532
load:0x40080400,len:4
load:0x40080404,len:3904
entry 0x40080640
[0;32mI (30) boot: ESP-IDF v5.2-dirty 2nd stage bootloader[0m
[0;32mI (30) boot: compile time Jun 28 2025 06:39:52[0m
[0;32mI (30) boot: Multicore bootloader[0m
[0;32mI (35) boot: chip revision: v3.1[0m
[0;32mI (38) boot.esp32: SPI Speed      : 40MHz[0m
[0;32mI (43) boot.esp32: SPI Mode       : DIO[0m
[0;32mI (47) boot.esp32: SPI Flash Size : 2MB[0m
[0;32mI (52) boot: Enabling RNG early entropy source...[0m
[0;32mI (57) boot: Partition Table:[0m
[0;32mI (61) boot: ## Label            Usage          Type ST Offset   Length[0m
[0;32mI (68) boot:  0 nvs              WiFi data        01 02 00009000 00006000[0m
[0;32mI (76) boot:  1 phy_init         RF data          01 01 0000f000 00001000[0m
[0;32mI (83) boot:  2 factory          factory app      00 00 00010000 00100000[0m
[0;32mI (91) boot: End of partition table[0m
[0;32mI (95) esp_image: segment 0: paddr=00010020 vaddr=3f400020 size=22918h (141592) map[0m
[0;32mI (152) esp_image: segment 1: paddr=00032940 vaddr=3ffb0000 size=03b6ch ( 15212) load[0m
[0;32mI (158) esp_image: segment 2: paddr=000364b4 vaddr=40080000 size=09b64h ( 39780) load[0m
[0;32mI (174) esp_image: segment 3: paddr=00040020 vaddr=400d0020 size=84cech (543980) map[0m
[0;32mI (360) esp_image: segment 4: paddr=000c4d14 vaddr=40089b64 size=0c3e0h ( 50144) load[0m
[0;32mI (391) boot: Loaded app from partition at offset 0x10000[0m
[0;32mI (391) boot: Disabling RNG early entropy source...[0m
[0;32mI (403) cpu_start: Multicore app[0m
[0;32mI (412) cpu_start: Pro cpu start user code[0m
[0;32mI (412) cpu_start: cpu freq: 160000000 Hz[0m
[0;32mI (412) cpu_start: Application information:[0m
[0;32mI (415) cpu_start: Project name:     19_mqtt_test[0m
[0;32mI (420) cpu_start: App version:      1[0m
[0;32mI (424) cpu_start: Compile time:     Jun 28 2025 06:39:25[0m
[0;32mI (431) cpu_start: ELF file SHA256:  5d9242aad...[0m
[0;32mI (436) cpu_start: ESP-IDF:          v5.2-dirty[0m
[0;32mI (441) cpu_start: Min chip rev:     v0.0[0m
[0;32mI (446) cpu_start: Max chip rev:     v3.99 [0m
[0;32mI (451) cpu_start: Chip rev:         v3.1[0m
[0;32mI (456) heap_init: Initializing. RAM available for dynamic allocation:[0m
[0;32mI (463) heap_init: At 3FFAE6E0 len 00001920 (6 KiB): DRAM[0m
[0;32mI (469) heap_init: At 3FFB7D98 len 00028268 (160 KiB): DRAM[0m
[0;32mI (475) heap_init: At 3FFE0440 len 00003AE0 (14 KiB): D/IRAM[0m
[0;32mI (481) heap_init: At 3FFE4350 len 0001BCB0 (111 KiB): D/IRAM[0m
[0;32mI (488) heap_init: At 40095F44 len 0000A0BC (40 KiB): IRAM[0m
[0;32mI (495) spi_flash: detected chip: gd[0m
[0;32mI (498) spi_flash: flash io: dio[0m
[0;33mW (502) spi_flash: Detected size(8192k) larger than the size in the binary image header(2048k). Using the size in the binary image header.[0m
[0;32mI (516) main_task: Started on CPU0[0m
[0;32mI (526) main_task: Calling app_main()[0m
[0;33mW (526) wifi:wifi osi_nvs_open fail ret=4353[0m

[0;3526) wifi_init: Failed to deinit Wi-Fi driver (0x3001)[0m
[0;31mE (536) wifi_init: Failed to deinit Wi-Fi (0x3001)[0m
ESP_ERROR_CHECK failed: esp_err_t 0x1101 (ESP_ERR_NVS_NOT_INITIALIZED) at 0x400d6274
file: "../main/simple_wifi_sta.c" line 203
func: wifi_sta_init
expression: esp_wifi_init(&config)

abort() was called at PC 0x40088997 on core 0


Backtrace: 0x4008179a:0x3ffb9dc0 0x400889a1:0x3ffb9de0 0x4009015d:0x3ffb9e00 0x40088997:0x3ffb9e70 0x400d6274:0x3ffb9ea0 0x400d6009:0x3ffba050 0x40152d7b:0x3ffba090 0x400894ad:0x3ffba0c0




ELF file SHA256: 5d9242aad

Rebooting...
ets Jul 29 2019 12:21:46

rst:0xc (SW_CPU_RESET),boot:0x3f (SPI_FAST_FLASH_BOOT)
configsip: 153911750, SPIWP:0xee
clk_drv:0x00,q_drv:0x00,d_drv:0x00,cs0_drv:0x00,hd_drv:0x00,wp_drv:0x00
mode:DIO, clock div:2
load:0x3fff0030,len:7172
load:0x40078000,len:15532
load:0x40080400,len:4
load:0x40080404,len:3904
entry 0x40080640
[0;32mI (30) boot: ESP-IDF v5.2-dirty 2nd stage bootloader[0m
[0;32mI (30) boot: compile time Jun 28 2025 06:39:52[0m
[0;32mI (30) boot: Multicore bootloader[0m
[0;32mI (35) boot: chip revision: v3.1[0m
[0;32mI (38) boot.esp32: SPI Speed      : 40MHz[0m
[0;32mI (43) boot.esp32: SPI Mode       : DIO[0m
[0;32mI (47) boot.esp32: SPI Flash Size : 2MB[0m
[0;32mI (52) boot: Enabling RNG early entropy source...[0m
[0;32mI (57) boot: Partition Table:[0m
[0;32mI (61) boot: ## Label            Usage          Type ST Offset   Length[0m
[0;32mI (68) boot:  0 nvs              WiFi data        01 02 00009000 00006000[0m
[0;32mI (76) boot:  1 phy_init         RF data          01 01 0000f000 00001000[0m
[0;32mI (83) boot:  2 factory          factory app      00 00 00010000 00100000[0m
[0;32mI (91) boot: End of partition table[0m
[0;32mI (95) esp_image: segment 0: paddr=00010020 vaddr=3f400020 size=22918h (141592) map[0m
[0;32mI (152) esp_image: segment 1: paddr=00032940 vaddr=3ffb0000 size=03b6ch ( 15212) load[0m
[0;32mI (158) esp_image: segment 2: paddr=000364b4 vaddr=40080000 size=09b64h ( 39780) load[0m
[0;32mI (174) esp_image: segment 3: paddr=00040020 vaddr=400d0020 size=84cech (543980) map[0m
[0;32mI (360) esp_image: segment 4: paddr=000c4d14 vaddr=40089b64 size=0c3e0h ( 50144) load[0m
[0;32mI (391) boot: Loaded app from partition at offset 0x10000[0m
[0;32mI (391) boot: Disabling RNG early entropy source...[0m
[0;32mI (403) cpu_start: Multicore app[0m
[0;32mI (412) cpu_start: Pro cpu start user code[0m
[0;32mI (412) cpu_start: cpu freq: 160000000 Hz[0m
[0;32mI (412) cpu_start: Application information:[0m
[0;32mI (415) cpu_start: Project name:     19_mqtt_test[0m
[0;32mI (420) cpu_start: App version:      1[0m
[0;32mI (424) cpu_start: Compile time:     Jun 28 2025 06:39:25[0m
[0;32mI (431) cpu_start: ELF file SHA256:  5d9242aad...[0m
[0;32mI (436) cpu_start: ESP-IDF:          v5.2-dirty[0m
[0;32mI (441) cpu_start: Min chip rev:     v0.0[0m
[0;32mI (446) cpu_s[0m
[0;32mI (451) cpu_start: Chip rev:         v3.1[0m
[0;32mI (456) heap_init: Initializing. RAM available for dynamic allocation:[0m
[0;32mI (463) heap_init: At 3FFAE6E0 len 00001920 (6 KiB): DRAM[0m
[0;32mI (469) heap_init: At 3FFB7D98 len 00028268 (160 KiB): DRAM[0m
[0;32mI (475) heap_init: At 3FFE0440 len 00003AE0 (14 KiB): D/IRAM[0m
[0;32mI (481) heap_init: At 3FFE4350 len 0001BCB0 (111 KiB): D/IRAM[0m
[0;32mI (488) heap_init: At 40095F44 len 0000A0BC (40 KiB): IRAM[0m
[0;32mI (495) spi_flash: detected chip: gd[0m
[0;32mI (498) spi_flash: flash io: dio[0m
[0;33mW (502) spi_flash: Detected size(8192k) larger than the size in the binary image header(2048k). Using the size in the binary image header.[0m
[0;32mI (516) main_task: Started on CPU0[0m
[0;32mI (526) main_task: Calling app_main()[0m
[0;33mW (526) wifi:wifi osi_nvs_open fail ret=4353[0m

[0;33mW (526) wifi_init: Failed to unregister Rx callbacks[0m
[0;31mE (526) wifi_init: Failed to deinit Wi-Fi driver (0x3001)[0m
[0;31mE (536) wifi_init: Failed to deinit Wi-Fi (0x3001)[0m
ESP_ERROR_CHECK failed: esp_err_t 0x1101 (ESP_ERR_NVS_NOT_INITIALIZED) at 0x400d6274
file: "../main/simple_wifi_sta.c" line 203
func: wifi_sta_init
expression: esp_wifi_init(&config)

abort() was called at PC 0x40088997 on core 0


Backtrace: 0x4008179a:0x3ffb9dc0 0x400889a1:0x3ffb9de0 0x4009015d:0x3ffb9e00 0x40088997:0x3ffb9e70 0x400d6274:0x3ffb9ea0 0x400d6009:0x3ffba050 0x40152d7b:0x3ffba090 0x400894ad:0x3ffba0c0




ELF file SHA256: 5d9242aad

Rebooting...
ets Jul 29 2019 12:21:46

rst:0xc (SW_CPU_RESET),boot:0x3f (SPI_FAST_FLASH_BOOT)
configsip: 153911750, SPIWP:0xee
clk_drv:0x00,q_drv:0x00,d_drv:0x00,cs0_drv:0x00,hd_drv:0x00,wp_drv:0x00
mode:DIO, clock div:2
load:0x3fff0030,len:7172
load:0x40078000,len:15532
load:0x40080400,len:4
load:0x40080404,len:3904
entry 0x40080640
[0;32mI (30) boot: ESP-IDF v5.2-dirty 2nd stage bootloader[0m
[0;32mI (30) boot: compile time Jun 28 2025 06:39:52[0m
[0;32mI (30) boot: Multicore bootloader[0m
[0;32mI (35) boot: chip revision: v3.1[0m
[0;32mI (38) boot.esp32: SPI Speed      : 40MHz[0m
[0;32mI (43) boot.esp32: SPI Mode       : DIO[0m
[0;32mI (47) boot.esp32: SPI Flash Size : 2MB[0m
[0;32mI (52) boot: Enabling RNG early entropy source...[0m
[0;32mI (57) boot: Partition Table:[0m
[0;32mI (61) boot: ## Label            Usage          Type ST Offset   Length[0m
[0;32mI (68) boot:  0 nvs              WiFi data        01 02 00009000 00006000[0m
[0;32mI (76) boot:  1 phy_init         RF data          01 01 0000f000 00001000[0m
[0;32mI (83) boot:  2 factory          factory app      00 00 00010000 00100000[0m
[0;32mI (91) boot: End of partition table[0m
[0;32mI (95) esp_image: segment 0: paddr=00010020 vaddr=3f400020 size=22918h (141592) map[0m
[0;32mI (152) esp_image: segment 1: paddr=00032940 vaddr=3ffb0000 size=03b6ch ( 15212) load[0m
[0;32mI (158) esp_image: segment 2: paddr=000364b4 vaddr=40080000 size=09b64h ( 39780) load[0m
[0;32mI (174) esp_image: segment 3: paddr=00040020 vaddr=400d0020 size=84cech (543980) map[0m
[0;32mI (360) esp_image: segment 4: paddr=000c4d14 vaddr=40089b64 size=0c3e0h ( 50144) load[0m
[0;32mI (391) boot: Loaded app from partition at offset 0x10000[0m
[0;32mI (391) boot: Disabling RNG early entropy source...[0m
[0;32mI (403) cpu_start: Multicore app[0m
[0;32mI (412) cpu_start: Pro cpu start user code[0m
[0;32mI (412) cpu_start: cpu freq: 160000000 Hz[0m
[0;32mI (412) cpu_start: Application information:[0m
[0;32mI (415) cpu_start: Project name:     19_mqtt_test[0m
[0;32mI (420) cpu_start: App version:      1[0m
[0;32mI (424) cpu_start: Compile time:     Jun 28 2025 06:39:25[0m
[0;32mI (431) cpu_start: ELF file SHA256:  5d9242aad...[0m
[0;32mI (436) cpu_start: ESP-IDF:          v5.2-dirty[0m
[0;32mI (441) cpu_start: Min chip rev:     v0.0[0m
[0;32mI (446) cpu_start: Max chip rev:     v3.99 [0m
[0;32mI (451) cpu_start: Chip rev:         v3.1[0m
[0;32mI (456) heap_init: Initializing. RAM available for dynamic allocation:[0m
[0;32mI (463) heap_init: At 3FFAE6E0 len 00001920 (6 KiB): DRAM[0m
[0;32mI (469) heap_init: At 3FFB7D98 len 00028268 (160 KiB): DRAM[0m
[0;32mI (475) heap_init: At 3FFE0440 len 00003AE0 (14 KiB): D/IRAM[0m
[0;32mI (481) heap_init: At 3FFE4350 len 0001BCB0 (111 KiB): D/IRAM[0m
[0;32mI (488) heap_init: At 40095F44 len 0000A0BC (40 KiB): IRAM[0m
[0;32mI (495) spi_flash: detected chip: gd[0m
[0;32mI (498) spi_flash: flash io: dio[0m
[0;33mW (502) spi_flash: Detected size(8192k) larger than the size in the binary image header(2048k). Using the size in the binary image header.[0m
[0;32mI (516) main_task: Started on CPU0[0m
[0;32mI (526) main_task: Calling app_main()[0m
[0;33mW (526) wifi:wifi osi_nvs_open fail ret=4353[0m

[0;33mW (526) wifi_init: Failed to unregister Rx callbacks[0m
[0;31mE (526) wifi_init: Failed to deinit Wi-Fi driver (0x3001)[0m
[0;31mE (536) wifi_init: Failed to deinit Wi-Fi (0x3001)[0m
ESP_ERROR_CHECK failed: esp_err_t 0x1101 (ESP_ERR_NVS_NOT_INITIALIZED) at 0x400d6274
file: "../main/simple_wifi_sta.c" line 203
func: wifi_sta_init
expression: esp_wifi_init(&config)

abort() was called at PC 0x40088997 on core 0


Backtrace: 0x4008179a:0x3ffb9dc0 0x400889a1:0x3ffb9de0 0x4009015d:0x3ffb9e00 0x40088997:0x3ffb9e70 0x400d6274:0x3ffb9ea0 0x400d6009:0x3ffba050 0x40152d7b:0x3ffba090 0x400894ad:0x3ffba0c0




ELF file SHA256: 5d9242aad

Rebooting...
ets Jul 29 2019 12:21:46

rst:0xc (SW_CPU_RESET),boot:0x3f (SPI_FAST_FLASH_BOOT)
configsip: 153911750, SPIWP:0xee
clk_drv:0x00,q_drv:0x00,d_drv:0x00,cs0_drv:0x00,hd_drv:0x00,wp_drv:0x00
mode:DIO, clock div:2
load:0x3fff0030,len:7172
load:0x40078000,len:15532
load:0x40080400,len:4
load:0x40080404,len:3904
entry 0x40080640
[0;32mI (30) boot: ESP-IDF v5.2-dirty 2nd stage bootloader[0m
[0;32mI (30) boot: compile time Jun 28 2025 06:39:52[0m
[0;32mI (30) boot: Multicore bootloader[0m
[0;32mI (35) boot: chip revision: v3.1[0m
[0;32mI (38) boot.esp32: SPI Speed      : 40MHz[0m
[0;32mI (43) boot.esp32: SPI Mode       : DIO[0m
[0;32mI (47) boot.esp32: SPI Flash Size : 2MB[0m
[0;32mI (52) boot: Enabling RNG early entropy source...[0m
[0;32mI (57) boot: Partition Table:[0m
[0;32mI (61) boot: ## Label            Usage          Type ST Offset   Length[0m
[0;32mI (68) boot:  0 nvs              WiFi data        01 02 00009000 00006000[0m
[0;32mI (76) boot:  1 phy_init         RF data          01 01 0000f000 00001000[0m
[0;32mI (83) boot:  2 factory          factory app      00 00 00010000 00100000[0m
[0;32mI (91) boot: End of partition table[0m
[0;32mI (95) esp_image: segment 0: paddr=00010020 vaddr=3f400020 size=22918h (141592) map[0m
[0;32mI (152) esp_image: segment 1: paddr=00032940 vaddr=3ffb0000 size=03b6ch ( 15212) load[0m
[0;32mI (158) esp_image: segment 2: paddr=000364b4 vaddr=40080000 size=09b64h ( 39780) load[0m
[0;32mI (174) esp_image: segment 3: paddr=00040020 vaddr=400d0020 size=84cech (543980) map[0m
[0;32mI (360) esp_image: segment 4: paddr=000c4d14 vaddr=40089b64 size=0c3e0h ( 50144) load[0m
[0;32mI (391) boot: Loaded app from partition at offset 0x10000[0m
[0;32mI (391) boot: Disabling RNG early entropy source...[0m
[0;32mI (403) cpu_start: Multicore app[0m
[0;32mI (412) cpu_start: Pro cpu start user code[0m
[0;32mI (412) cpu_start: cpu freq: 160000000 Hz[0m
[0;32mI (412) cpu_start: Application information:[0m
[0;32mI (415) cpu_start: Project name:     19_mqtt_test[0m
[0;32mI (420) cpu_start: App version:      1[0m
[0;32mI (424) cpu_start: Compile time:     Jun 28 2025 06:39:25[0m
[0;32mI (431) cpu_start: ELF file SHA256:  5d9242aad...[0m
[0;32mI (436) cpu_start: ESP-IDF:          v5.2-dirty[0m
[0;32mI (441) cpu_start: Min chip rev:     v0.0[0m
[0;32mI (446) cpu_start: Max chip rev:     v3.99 [0m
[0;32mI (451) cpu_start: Chip rev:         v3.1[0m
[0;32mI (456) heap_init: Initializing. RAM available for dynamic allocation:[0m
[0;32mI (463) heap_init: At 3FFAE6E0 len 00001920 (6 KiB): DRAM[0m
[0;32mI (469) heap_init: At 3FFB7D98 len 00028268 (160 KiB): DRAM[0m
[0;32mI (475) heap_init: At 3FFE0440 len 00003AE0 (14 KiB): D/IRAM[0m
[0;32mI (481) heap_init: At 3FFE4350 len 0001BCB0 (111 KiB): D/IRAM[0m
[0;32mI (488) heap_init: At 40095F44 len 0000A0BC (40 KiB): IRAM[0m
[0;32mI (495) spi_flash: detected chip: gd[0m
[0;32mI (498) spi_flash: flash io: dio[0m
[0;33mW (502) spi_flash: Detected size(8192k) larger than the size in the binary image header(2048k). Using the size in the binary image header.[0m
[0;32mI (516) main_task: Started on CPU0[0m
[0;32mI (526) main_task: Calling app_main()[0m
[0;33mW (526) wifi:wifi osi_nvs_open fail ret=4353[0m

[0;33mW (526) wifi_init: Failed to unregister Rx callbacks[0m
[0;31mE (526) wifi_init: Failed to deinit Wi-Fi driver (0x3001)[0m
[0;31mE (536) wifi_init: Failed to deinit Wi-Fi (0x3001)[0m
ESP_ERROR_CHECK failed: esp_err_t 0x1101 (ESP_ERR_NVS_NOT_INITIALIZED) at 0x400d6274
file: "../main/simple_wifi_sta.c" line 203
func: wifi_sta_init
expression: esp_wifi_init(&config)

abort() was called at PC 0x40088997 on core 0


Backtrace: 0x4008179a:0x3ffb9dc0 0x400889a1:0x3ffb9de0 0x4009015d:0x3ffb9e00 0x40088997:0x3ffb9e70 0x400d6274:0x3ffb9ea0 0x400d6009:0x3ffba050 0x40152d7b:0x3ffba090 0x400894ad:0x3ffba0c0




ELF file SHA256: 5d9242aad

Rebooting...
ets Jul 29 2019 12:21:46

rst:0xc (SW_CPU_RESET),boot:0x3f (SPI_FAST_FLASH_BOOT)
configsip: 153911750, SPIWP:0xee
clk_drv:0x00,q_drv:0x00,d_drv:0x00,cs0_drv:0x00,hd_drv:0x00,wp_drv:0x00
mode:DIO, clock div:2
load:0x3fff0030,len:7172
load:0x40078000,len:15532
load:0x40080400,len:4
load:0x40080404,len:3904
entry 0x40080640
[0;32mI (30) boot: ESP-IDF v5.2-dirty 2nd stage bootloader[0m
[0;32mI (30) boot: compile time Jun 28 2025 06:39:52[0m
[0;32mI (30) boot: Multicore bootloader[0m
[0;32mI (35) boot: chip revision: v3.1[0m
[0;32mI (38) boot.esp32: SPI Speed      : 40MHz[0m
[0;32mI (43) boot.esp32: SPI Mode       : DIO[0m
