ets Jul 29 2019 12:21:46

rst:0x1 (POWERON_RESET),boot:0x3f (SPI_FAST_FLASH_BOOT)
configsip: 153911750, SPIWP:0xee
clk_drv:0x00,q_drv:0x00,d_drv:0x00,cs0_drv:0x00,hd_drv:0x00,wp_drv:0x00
mode:DIO, clock div:2
load:0x3fff0030,len:7172
load:0x40078000,len:15532
load:0x40080400,len:4
load:0x40080404,len:3904
entry 0x40080640
[0;32mI (30) boot: ESP-IDF v5.2-dirty 2nd stage bootloader[0m
[0;32mI (30) boot: compile time Jun 28 2025 06:39:52[0m
[0;32mI (30) boot: Multicore bootloader[0m
[0;32mision: v3.1[0m
[0;32mI (38) boot.esp32: SPI Speed      : 40MHz[0m
[0;32mI (43) boot.esp32: SPI Mode       : DIO[0m
[0;32mI (48) boot.esp32: SPI Flash Size : 2MB[0m
[0;32mI (52) boot: Enabling RNG early entropy source...[0m
[0;32mI (58) boot:artition Table:[0m
[0;32mI (61) boot: ## Label            Usage          Type ST Offset   Length[0m
[0;32mI (68) boot:  0 nvs              WiFi data      ctory app      00 00 00010000 00100000[0m
[0;32mI (91) boot: End of partition table[0m
[0;32mI (95) esp_image: segment 0: paddr=00010020 vaddr=3f400020 size=27170h (160112) map[0m
[0;32mI (158) esp_image: segment 1: paddr=00037198 vaddr=3ffb0000 size=03bcch ( 15308) load[0m
[0;32mI (164) esp_image: segment 2: paddr=0003ad6c vaddr=40080000 size=052ach ( 21164) load[0m
[0;32mI (173) esp_image: segment 3: paddr=00040020 vaddr=400d0020 size=98df4h (626164) map[0m
[0;32mI (388) esp_image: segment 4: paddr=000d8e1c vaddr=400852ac size=10c98h ( 68760) load[0m
[0;32mI (426) boot: Loaded app from partition at offset 0x10000[0m
[0;32mI (426) boot: Disabling RNG early entropy source...[0m
[0;32mI (437) cpu_start: Multicore app[0m
[0;32mI (446) cpu_start: Pro cpu start user code[0m
[0;32mI (446) cpu_start: cpu freq: 160000000 Hz[0m
[0;32mI (446) cpu_start: Application information:[0m
[0;32mI (449) cpu_start: Project name:     19_mqtt_test[0m
[0;32mI (455) cpu_start: App version:      1[0m
[0;32mI (459) cpu_start: Compile time:     Jun 28 2025 06:39:25[0m
[0;32mI (465) cpu_start: ELF file SHA256:  d8a463a2b...[0m
[0;32mI (471) cpu_start: ESP-IDF:          v5.2-dirty[0m
[0;32mI (476) cpu_start: Min chip rev:     v0.0[0m
[0;32mI (480) cpu_start: Max chip rev:     v3.99 [0m
[0;32mI (485) cpu_start: Chip rev:         v3.1[0m
[0;32mI (490) heap_init: Initializing. RAM available for dynamic allocation:[0m
[0;32mI (497) heap_init: At 3FFAE6E0 len 00001920 (6 KiB): DRAM[0m
[0;32mI (503) heap_init: At 3FFB83D8 len 00027C28 (159 KiB): DRAM[0m
[0;32mI (510) heap_init: At 3FFE0440 len 00003AE0 (14 KiB): D/IRAM[0m
[0;32mI (516) heap_init: At 3FFE4350 len 0001BCB0 (111 KiB): D/IRAM[0m
[0;32mI (522) heap_init: At 40095F44 len 0000A0BC (40 KiB): IRAM[0m
[0;32mI (530) spi_flash: detected chip: gd[0m
[0;32mI (533) spi_flash: flash io: dio[0m
[0;33mW (537) spi_flash: Detected size(8192k) larger than the size in the binary image header(2048k). Using the size in the binary image header.[0m
[0;32mI (551) main_task: Started on CPU0[0m
[0;32mI (561) main_task: Calling app_main()[0m
