 esp_wifi_init(&config)

abort() was called at PC 0x40088997 on core 0

�ets Jul 29 2019 12:21:46

rst:0x1 (POWERON_RESET),boot:0x3f (SPI_FAST_FLASH_BOOT)
configsip: 153911750, SPIWP:0xee
clk_drv:0x00,q_drv:0x00,d_drv:0x00,cs0_drv:0x00,hd_drv:0x00,wp_drv:0x00
pile time Jun 28 2025 06:39:52[0m
[0;32mI (30) boot: Multicore bootloader[0m
[0;32mI (35) boot: chip revision: v3.1[0m
[0;32mI (38) boot.esp32: SPI Speed      : 40MHz[0m
[0;32mI (43) boot.esp32: SPI Mode       : DIO[0m
[0;32mI (48) boot.esp32: SPI Flash Size : 2MB[0m
[0;32mI (52) boot: Enabling RNG early entropy source...[0m
[0;32mI (58) boot: Partition Table:[0m
[0;32mI (61) boot: ## Label            Usage          Type ST Offset   Length[0m
[0;32mI (68) boot:  0 nvs              WiFi data        01 02 00009000 00006000[0m
[0;32mI (76) boot:  1 phy_init         RF data          01 01 0000f000 00001000[0m
[0;32mI (83) boot:  2 factory          factory app      00 00 00010000 00100000[0m
[0;32mI (91) boot: End of partition table[0m
[0;32mI (95) esp_image: segment 0: paddr=00010020 vaddr=3f400020 size=21f90h (139152) map[0m
[0;32mI (151) esp_image: segment 1: paddr=00031fb8 vaddr=3ffb0000 size=03b6ch ( 15212) load[0m
[0;32mI (157) esp_image: segment 2: paddr=00035b2c vaddr=40080000 size=0a4ech ( 42220) load[0m
[0;32mI (174) esp_image: segment 3: paddr=00040020 vaddr=400d0020 size=82318h (533272) map[0m
[0;32mI (357) esp_image: segment 4: paddr=000c2340 vaddr=4008a4ec size=0ba58h ( 47704) load[0m
[0;32mI (387) boot: Loaded app from partition at offset 0x10000[0m
[0;32mI (387) boot: Disabling RNG early entropy source...[0m
[0;32mI (398) cpu_start: Multicore app[0m
[0;32mI (407) cpu_start: Pro cpu start user code[0m
[0;32mI (407) cpu_start: cpu freq: 160000000 Hz[0m
[0;32mI (407) cpu_start: Application information:[0m
[0;32mI (410) cpu_start: Project name:     19_mqtt_test[0m
[0;32mI (416) cpu_start: App version:      1[0m
[0;32mI (420) cpu_start: Compile time:     Jun 28 2025 06:39:25[0m
[0;32mI (426) cpu_start: ELF file SHA256:  aa5938232...[0m
[0;32mI (431) cpu_start: ESP-IDF:          v5.2-dirty[0m
[0;32mI (437) cpu_start: Min chip rev:     v0.0[0m
[0;32mI (441) cpu_start: Max chip rev:     v3.99 [0m
[0;32mI (446) cpu_start: Chip rev:         v3.1[0m
[0;32mI (451) heap_init: Initializing. RAM available for dynamic allocation:[0m
[0;32mI (458) heap: At 3FFAE6E0 len 00001920 (6 KiB): DRAM[0m
[0;32mI (464) heap_init: At 3FFB7D98 len 00028268 (160 KiB): DRAM[0m
[0;32mI (470) heap_init: At 3FFE0440 len 00003AE0 (14 KiB): D/IRAM[0m
[0;32mI (477) heap_init: At 3FFE4350 len 0001BCB0 (111 KiB): D/IRAM[0m
[0;32mI (483) heap_init: At 40095F44 len 0000A0BC (40 KiB): IRAM[0m
[0;32mI (491) spi_flash: detected chip: gd[0m
[0;32mI (494) spi_flash: flash io: dio[0m
[0;33mW (498) spi_flash: Detected size(8192k) larger than the size in the binary image header(2048k). Using the size in the binary image header.[0m
[0;32mI (512) main_task: Started on CPU0[0m
[0;32mI (522) main_task: Calling app_main()[0m
[0;33mW (522) wifi:wifi osi_nvs_open fail ret=4353[0m

[0;33mW (522) wifi_init: Failed to unregister Rx callbacks[0m
[0;31mE (522) wifi_init: Failed to deinit Wi-Fi driver (0x3001)[0m
[0;31mE (532) wifi_init: Failed to deinit Wi-Fi (0x3001)[0m
ESP_ERROR_CHECK failed: esp_err_t 0xfb9e00 0x4009015d:0x3ffb9e20 0x40088997:0x3ffb9e90 0x400d5fc1:0x3ffb9ec0 0x400d5d83:0x3ffba070 0x401503a7:0x3ffba090 0x400894ad:0x3ffba0c0




ELF file SHA256: aa5938232

Rebooting...
ets Jul 29 2019 12:21:46

rst:0xc (SW_CPU_RESET),boot:0x3f (SPd:0x40080400,len:4
load:0x40080:3904
entry 0x40080640
[0;32mI (30) boot: ESP-IDF v5.2-dirty 2nd stage bootloader[0m
[0;32mI (30) boot: compile time Jun 2[0;32mI (151) esp_image: segment 1: paddr=00031fb8 vaddr=3ffb0000 size=03b6ch ( 15212) load[0m
[0;32mI (157) esp_image: segment 2: paddr=00035b2c vaddr=40080000 size=0a4ech ( 42220) load[0m
[0;32mI (174) esp_image: segmen[0;32mI (357) esp_image: segment 4: paddr=000c2340 vaddr=4008a4ec size=0ba58h ( 47704) load[0m
[0;32mI (387) boot: Loaded app from partition at offset 0x10000[0m
[0;32mI (387) boot: Disabling RNG early entropy source...[0m
[0;32mI (398) cpu_start: Multicore app[0m
[0;32mI (407) cpu_start: Pro cpu start user code[0m
[0;32mI (407) cpu_start: cpu freq: 160000000 Hz[0m
[0;32mI (407) cpu_start: Application information:[0m
[0;32mI (410) cpu_start: Project name:     19_mqtt_test[0m
[0;32mI (415) cpu_start: App version:      1[0m
[0;32mI (420) cpu_start: Compile time:     Jun 28 2025 06:39:25[0m
[0;32mI (426) cpu_start: ELF file SHA256:  aa5938232...[0m
[0;32mI (431) cpu_start: ESP-IDF:          v5.2-dirty[0m
[0;32mI (437) cpu_start: Min chip rev:     v0.0[0m
[0;32mI (441) cpu_start: Max chip rev:     v3.99 [0m
[0;32mI (446) cpu_start: Chip rev:         v3.1[0m
[0;32mI (451) heap_init: Initializing. RAM available for dynamic allocation:[0m
[0;32mI (458) heap_init: At 3FFAE6E0 len 00001920 (6 KiB): DRAM[0m
[0;32mI (464) heap_init: At 3FFB7D98 len 00028268 (160 KiB): DRAM[0m
[0;32mI (470) heap_init: At 3FFE0440 len 00003AE0 (14 KiB): D/IRAM[0m
[0;32mI (477) heap_init: At 3FFE4350 len 0001BCB0 (111 KiB): D/IRAM[0m
[0;32mI (483) heap_init: At 40095F44 len 0000A0BC (40 KiB): IRAM[0m
[0;32mI (491) spi_flash: detected chip: gd[0m
[0;32mI (494) spi_flash: flash io: dio[0m
[0;33mW (497) spi_flash: Detected size(8192k) larger than the size in the binary image header(2048k). Using the size in the binary image header.[0m
[0;32mI (512) main_task: Started on CPU0[0m
[0;32mI (522) main_task: Calling app_main()[0m
[0;33mW (522) wifi:wifi osi_nvs_open fail ret=4353[0m

[0;33mW (522) wifi_init: Failed to unregister Rx callbacks[0m
[0;31mE (522) wifi_init: Failed to deinit Wi-Fi driver (0x3001)[0m
[0;31mE (532) wifi_init: Failed to deinit Wi-Fi (0x3001)[0m
ESP_ERROR_CHECK failed: esp_err_t 0x1101 (ESP_ERR_NVS_NOT_INITIALIZED) at 0x400d5fc1
file: "../main/simple_wifi_sta.c" line 206
func: wifi_sta_init
expression: esp_wifi_init(&config)

abort() was called at PC 0x40088997 on core 0


Backtrace: 0x4008179a:0x3ffb9de0 0x400889a1:0x3ffb9e00 0x4009015d:0x3ffb9e20 0x40088997:0x3ffb9e90 0x400d5fc1:0x3ffb9ec0 0x400d5d83:0x3ffba070 0x401503a7:0x3ffba090 0x400894ad:0x3ffba0c0




ELF file SHA256: aa5938232

Rebooting...
ets Jul 29 2019 12:21:46

rst:0xc (SW_CPU_RESET),boot:0x3f (SPI_FAST_FLASH_BOOT)
configsip: 153911750, SPIWP:0xee
clk_drv:0x00,q_drv:0x00,d_drv:0x00,cs0_drv:0x00,hd_drv:0x00,wp_drv:0x00
mode:DIO, clock div:2
load:0x3fff0030,len:7172
load:0x40078000,len:15532
load:0x40080400,len:4
load:0x40080404,len:3904
entry 0x40080640
[0;32mI (30) boot: ESP-IDF v5.2-dirty 2nd stage bootloader[0m
[0;32mI (30) boot: compile time Jun 28 2025 06:39:52[0m
[0;32mI (30) boot: Multicore bootloader[0m
[0;32mI (35) boot: chip revision: v3.1[0m
[0;32mI (38) boot.esp32: SPI Speed      : 40MHz[0m
[0;32mI (43) boot.esp32: SPI Mode       : DIO[0m
[0;32mI (48) boot.esp32: SPI Flash Size : 2MB[0m
[0;32mI (52) boot: Enabling RNG early entropy source...[0m
[0;32mI (57) boot: Partition Table:[0m
[0;32mI (61) boot: ## Label            Usage          Type ST Offset   Length[0m
[0;32mI (68) boot:  0 nvs              WiFi data        01 02 00009000 00006000[0m
[0;32mI (76) boot:  1 phy_init         RF data          01 01 0000f000 00001000[0m
[0;32mI (83) boot:  2 factory          factory app      00 00 00010000 00100000[0m
[0;32mI (91) boot: End of partition table[0m
[0;32mI (95) esp_image: segment 0: paddr=00010020 vaddr=3f400020 size=21f90h (139152) map[0m
[0;32mI (151) esp_image: segment 1: paddr=00031fb8 vaddr=3ffb0000 size=03b6ch ( 15212) load[0m
[0;32mI (157) esp_image: segment 2: paddr=00035b2c vaddr=40080000 size=0a4ech ( 42220) load[0m
[0;32mI (174) esp_image: segment 3: paddr=00040020 vaddr=400d0020 size=82318h (533272) map[0m
[0;32mI (357) esp_image: segment 4: paddr=000c2340 vaddr=4008a4ec size=0ba58h ( 47704) load[0m
[0;32mI (387) boot: Loaded app from partition at offset 0x10000[0m
[0;32mI (387) boot: Disabling RNG early entropy source...[0m
[0;32mI (398) cpu_start: Multicore app[0m
[0;32mI (407) cpu_start: Pro cpu start user code[0m
[0;32mI (407) cpu_start: cpu freq: 160000000 Hz[0m
[0;32mI (407) cpu_start: Application information:[0m
[0;32mI (410) cpu_start: Project name:     19_mqtt_test[0m
[0;32mI (415) cpu_start: App version:      1[0m
[0;32mI (420) cpu_start: Compile time:     Jun 28 2025 06:39:25[0m
[0;32mI (426) cpu_start: ELF file SHA256:  aa5938232...[0m
[0;32mI (431) cpu_start: ESP-IDF:          v5.2-dirty[0m
[0;32mI (437) cpu_start: Min chip rev:     v0.0[0m
[0;32mI (441) cpu_start: Max chip rev:     v3.99 [0m
[0;32mI (446) cpu_start: Chip rev:         v3.1[0m
[0;32mI (451) heap_init: Initializing. RAM available for dynamic allocation:[0m
[0;32mI (458) heap_init: At 3FFAE6E0 len 00001920 (6 KiB): DRAM[0m
[0;32mI (464) heap_init: At 3FFB7D98 len 00028268 (160 KiB): DRAM[0m
[0;32mI (470) heap_init: At 3FFE0440 len 00003AE0 (14 KiB): D/IRAM[0m
[0;32mI (477) heap_init: At 3FFE4350 len 0001BCB0 (111 KiB): D/IRAM[0m
[0;32mI (483) heap_init: At 40095F44 len 0000A0BC (40 KiB): IRAM[0m
[0;32mI (491) spi_flash: detected chip: gd[0m
[0;32mI (494) spi_flash: flash io: dio[0m
[0;33mW (497) spi_flash: Detected size(8192k) larger than the size in the binary image header(2048k). Using the size in the binary image header.[0m
[0;32mI (512) main_task: Started on CPU0[0m
[0;32mI (522) main_task: Calling app_main()[0m
[0;33mW (522) wifi:wifi osi_nvs_open fail ret=4353[0m

[0;33mW (522) wifi_init: Failed to unregister Rx callbacks[0m
[0;31mE (522) wifi_init: Failed to deinit Wi-Fi driver (0x3001)[0m
[0;31mE (532) wifi_init: Failed to deinit Wi-Fi (0x3001)[0m
ESP_ERROR_CHECK failed: esp_err_t 0x1101 (ESP_ERR_NVS_NOT_INITIALIZED) at 0x400d5fc1
file: "../main/simple_wifi_sta.c" line 206
func: wifi_sta_init
expression: esp_wifi_init(&config)

abort() was called at PC 0x40088997 on core 0


Backtrace: 0x4008179a:0x3ffb9de0 0x400889a1:0x3ffb9e00 0x4009015d:0x3ffb9e20 0x40088997:0x3ffb9e90 0x400d5fc1:0x3ffb9ec0 0x400d5d83:0x3ffba070 0x401503a7:0x3ffba090 0x400894ad:0x3ffba0c0




ELF file SHA256: aa5938232

Rebooting...
ets Jul 29 2019 12:21:46

rst:0xc (SW_CPU_RESET),boot:0x3f (Sx00,wp_drv:0x00
mode:DIO, clock div:2
load:0x3fff0030,len:7172
load:0x40078000,len:15532
load:0x40080400,len:4
load:0x40080404,len:3904
entry 0x40080640
[0;32mI (30) boot: ESP-IDF v5.2-dirty 2nd stage bootloader[0m
[0;32mI (30) boot: compile time Jun 28 2025 06:39:52[0m
[0;32mI (30) boot: Multicore bootloader[0m
[0;32mI (35) boot: chip revision: v3.1[0m
[0;32mI (38) boot.esp32: SPI Speed      : 40MHz[0m
[0;32mI (43) boot.esp32: SPI Mode       : DIO[0m
[0;32mI (47) boot.esp32: SPI Flash Size : 2MB[0m
[0;32mI (52) boot: Enabling RNG early entropy source...[0m
[0;32mI (57) boot: Partition Table:[0m
[0;32mI (61) boot: ## Label            Usage          Type ST Offset   Length[0m
[0;32mI (68) boot:  0 nvs              WiFi data        01 02 00009000 00006000[0m
[0;32mI (76) boot:  1 phy_init         RF data          01 01 0000f000 00001000[0m
[0;32mI (83) boot:  2 factory          factory app      00 00 00010000 00100000[0m
[0;32mI (91) boot: End of partition table[0m
[0;32mI (95) esp_image: segment 0: paddr=00010020 vaddr=3f400020 size=21f90h (139152) map[0m
[0;32mI (151) esp_image: segment 1: paddr=00031fb8 vaddr=3ffb0000 size=03b6ch ( 15212) load[0m
[0;32mI (157) esp_image: segment 2: paddr=00035b2c vaddr=40080000 size=0a4ech ( 42220) load[0m
[0;32mI (174) esp_image: segment 3: paddr=00040020 vaddr=400d0020 size=82318h (533272) map[0m
[0;32mI (357) esp_image: segment 4: paddr=000c2340 vaddr=4008a4ec size=0ba58h ( 47704) load[0m
[0;32mI (387) boot: Loaded app from partition at offset 0x10000[0m
[0;32mI (387) boot: Disabling RNG early entropy source...[0m
[0;32mI (398) cpu_start: Multicore app[0m
[0;32mI (407) cpu_start: Pro cpu start user code[0m
[0;32mI (407) cpu_start: cpu freq: 160000000 Hz[0m
[0;32mI (407) cpu_start: Application information:[0m
[0;32mI (410) cpu_start: Project name:     19_mqtt_test[0m
[0;32mI (415) cpu_start: App version:      1[0m
[0;32mI (420) cpu_start: Compile time:     Jun 28 2025 06:39:25[0m
[0;32mI (426) cpu_start: ELF file SHA256:  aa5938232...[0m
[0;32mI (431) cpu_start: ESP-IDF:          v5.2-dirty[0m
[0;32mI (437) cpu_start: Min chip rev:     v0.0[0m
[0;32mI (441) cpu_start: Max chip rev:     v3.99 [0m
[0;32mI (446) cpu_start: Chip rev:         v3.1[0m
[0;32mI (451) heap_init: Initializing. RAM available for dynamic allocation:[0m
[0;32mI (458) heap_init: At 3FFAE6E0 len 00001920 (6 KiB): DRAM[0m
[0;32mI (464) heap_init: At 3FFB7D98 len 00028268 (160 KiB): DRAM[0m
[0;32mI (470) heap_init: At 3FFE0440 len 00003AE0 (14 KiB): D/IRAM[0m
[0;32mI (477) heap_init: At 3FFE4350 len 0001BCB0 (111 KiB): D/IRAM[0m
[0;32mI (483) heap_init: At 40095F44 len 0000A0BC (40 KiB): IRAM[0m
[0;32mI (491) spi_flash: detected chip: gd[0m
[0;32mI (494) spi_flash: flash io: dio[0m
[0;33mW (497) spi_flash: Detected size(8192k) larger than the size in the binary image header(2048k). Using the size in the binary image header.[0m
[0;32mI (512) main_task: Started on CPU0[0m
[0;32mI (522) main_task: Calling app_main()[0m
[0;33mW (522) wifi:wifi osi_nvs_open fail ret=4353[0m

[0;33mW (522) wifi_init: Failed to unregister Rx callbacks[0m
[0;31mE (522) wifi_init: Failed to deinit Wi-Fi driver (0x3001)[0m
[0;31mE (532) wifi_init: Failed to deinit Wi-Fi (0x3001)[0m
ESP_ERROR_CHECK failed: esp_err_t 0x1101 (ESP_ERR_NVS_NOT_INITIALIZED) at 0x400d5fc1
file: "../main/simple_wifi_sta.c" line 206
func: wifi_sta_init
expression: esp_wifi_init(&config)

abort() was called at PC 0x40088997 on core 0


Backtrace: 0x4008179a:0x3ffb9de0 0x400889a1:0x3ffb9e00 0x4009015d:0x3ffb9e20 0x40088997:0x3ffb9e90 0x400d5fc1:0x3ffb9ec0 0x400d5d83:0x3ffba070 0x401503a7:0x3ffba090 0x400894ad:0x3ffba0c0




ELF file SHA256: aa5938232

Rebooting...
ets Jul 29 2019 12:21:46

rst:0xc (SW_CPU_RESET),boot:0x3f (SPI_FAST_FLASH_BOOT)
configsip: 153911750, SPIWP:0xee
clk_drv:0x00,q_drv:0x00,d_drv:0x00,cs0_drv:0x00,hd_drv:0x00,wp_drv:0x00
mode:DIO, clock div:2
load:0x3fff0030,len:7172
load:0x40078000,len:15532
load:0x40080400,len:4
load:0x40080404,len:3904
entry 0x40080640
[0;32mI (30) boot: ESP-IDF v5.2-dirty 2nd stage bootloader[0m[0;32mI (30) boot: compile time Jun 28 2025 06:39:52[0m
[0;32mI (30) boot: Multicore bootloader[0m
[0;32mI (35) boot: chip revision: v3.1[0m
[0;32mI (38) boot.esp32: SPI Speed      : 40MHz[0m
[0;32mI (43) boot.esp32: SPI Mode       : DIO[0m
[0;32mI (47) boot.esp32: SPI Flash Size : 2MB[0m
[0;32mI (52) boot: Enabling RNG early entropy source...[0m
[0;32mI (57) boot: Partition Table:[0m
[0;32mI (61) boot: ## Label            Usage          Type ST Offset   Length[0m
[0;32mI (68) boot:  0 nvs              WiFi data        01 02 00009000 00006000[0m
[0;32mI (76) boot:  1 phy_init         RF data          01 01 0000f000 00001000[0m
[0;32mI (83) boot:  2 factory          factory app      00 00 00010000 00100000[0m
[0;32mI (91) boot: End of partition table[0m
[0;32mI (95) esp_image: segment 0: paddr=00010020 vaddr=3f400020 size=21f90h (139152) map[0m
[0;32mI (151) esp_image: segment 1: paddr=00031fb8 vaddr=3ffb0000 size=03b6ch ( 15212) load[0m
[0;32mI (157) esp_image: segment 2: paddr=00035b2c vaddr=40080000 size=0a4ech ( 42220) load[0m
[0;32mI (174) esp_image: segment 3: paddr=00040020 vaddr=400d0020 size=82318h (533272) map[0m
[0;32mI (357) esp_image: segment 4: paddr=000c2340 vaddr=4008a4ec size=0ba58h ( 47704) load[0m
[0;32mI (387) boot: Loaded app from partition at offset 0x10000[0m
[0;32mI (387) boot: Disabling RNG early entropy source...[0m
[0;32mI (398) cpu_start: Multicore app[0m
[0;32mI (407) cpu_start: Pro cpu start user code[0m
[0;32mI (407) cpu_start: cpu freq: 160000000 Hz[0m
[0;32mI (407) cpu_start: Application information:[0m
[0;32mI (410) cpu_start: Project name:     19_mqtt_test[0m
[0;32mI (415) cpu_start: App version:      1[0m
[0;32mI (420) cpu_start: Compile time:     Jun 28 2025 06:39:25[0m
[0;32mI (426) cpu_start: ELF file SHA256:  aa5938232...[0m
[0;32mI (431) cpu_start: ESP-IDF:          v5.2-dirty[0m
[0;32mI (437) cpu_start: Min chip rev:     v0.0[0m
[0;32mI (441) cpu_start: Max chip rev:     v3.99 [0m
[0;32mI (446) cpu_start: Chip rev:         v3.1[0m
[0;32mI (451) heap_init: Initializing. RAM available for dynamic allocation:[0m
[0;32mI (458) heap_init: At 3FFAE6E0 len 00001920 (6 KiB): DRAM[0m
[0;32mI (464) heap_init: At 3FFB7D98 len 00028268 (160 KiB): DRAM[0m
[0;32mI (470) heap_init: At 3FFE0440 len 00003AE0 (14 KiB): D/IRAM[0m
[0;32mI (477) heap_init: At 3FFE4350 len 0001BCB0 (111 KiB): D/IRAM[0m
[0;32mI (483) heap_init: At 40095F44 len 0000A0BC (40 KiB): IRAM[0m
[0;32mI (491) spi_flash: detected chip: gd[0m
[0;32mI (494) spi_flash: flash io: dio[0m
[0;33mW (497) spi_flash: Detected size(8192k) larger than the size in the binary image header(2048k). Using the size in the binary image header.[0m
[0;32mI (512) main_task: Started on CPU0[0m
[0;32mI (522) main_task: Calling app_main()[0m
[0;33mW (522) wifi:wifi osi_nvs_open fail ret=4353[0m

[0;33mW (522) wifi_init: Failed to unregister Rx callbacks[0m
[0;31mE (522) wifi_init: Failed to deinit Wi-Fi driver (0x3001)[0m
[0;31mE (532) wifi_init: Failed to deinit Wi-Fi (0x3001)[0m
ESP_ERROR_CHECK failed: esp_err_t 0x1101 (ESP_ERR_NVS_NOT_INITIALIZED) at 0x400d5fc1
file: "../main/simple_wifi_sta.c" line 206
func: wifi_sta_init
expression: esp_wifi_init(&config)

abort() was called at PC 0x40088997 on core 0


Backtrace: 0x4008179a:0x3ffb9de0 0x400889a1:0x3ffb9e00 0x4009015d:0x3ffb9e20 0x40088997:0x3ffb9e90 0x400d5fc1:0x3ffb9ec0 0x400d5d83:0x3ffba070 0x401503a7:0x3ffba090 0x400894ad:0x3ffba0c0




ELF file SHA256: aa5938232

Rebooting...
ets Jul 29 2019 12:21:46

rst:0xc (SW_CPU_RESET),boot:0x3f (SPI_FAST_FLASH_BOOT)
configsip: 153911750, SPIWP:0xee
clk_drv:0x00,q_drv:0x00,d_drv:0x00,cs0_drv:0x00,hd_drv:0x00,wp_drv:0x00
mode:DIO, clock div:2
load:0x3fff0030,len:7172
load:0x40078000,len:15532
load:0x40080400,len:4
load:0x40080404,len:3904
entry 0x40080640
[0;32mI (30) boot: ESP-IDF v5.2-dirty 2nd stage bootloader[0m
[0;32mI (30) boot: compile time Jun 28 2025 06:39:52[0m
[0;32mI (30) boot: Multicore bootloader[0m
[0;32mI (35) boot: chip revision: v3.1[0m
[0;32mI (38) boot.esp32: SPI Speed      : 40MHz[0m
[0;32mI (43) boot.esp32: SPI Mode       : DIO[0m
[0;32mI (47) boot.esp32: SPI Flash Size : 2MB[0m
[0;32mI (52) boot: Enabling RNG early entropy source...[0m
[0;32mI (57) boot: Partition Table:[0m
[0;32mI (61) boot: ## Label            Usage          Type ST Offset   Length[0m
[0;32mI (68) boot:  0 nvs              WiFi data        01 02 00009000 00006000[0m
[0;32mI (76) boot:  1 phy_init         RF data          01 01 0000f000 00001000[0m
[0;32mI (83) boot:  2 factory          factory app      00 00 00010000 00100000[0m
[0;32mI (91) boot: End of partition table[0m
[0;32mI (95) esp_image: segment 0: paddr=00010020 vaddr=3f400020 size=21f90h (139152) map[0m
[0;32mI (151) esp_image: segment 1: paddr=00031fb8 vaddr=3ffb0000 size=03b6ch ( 15212) load[0m
[0;32mI (157) esp_image: segment 2: paddr=00035b2c vaddr=40080000 size=0a4ech ( 42220) load[0m
[0;32mI (174) esp_image: segment 3: paddr=00040020 vaddr=400d0020 size=82318h (533272) map[0m
[0;32mI (357) esp_image: segment 4: paddr=000c2340 vaddr=4008a4ec size=0ba58h ( 47704) load[0m
[0;32mI (387) boot: Loaded app from partition at offset 0x10000[0m
[0;32mI (387) boot: Disabling RNG early entropy source...[0m
[0;32mI (398) cpu_start: Multicore app[0m
[0;32mI (407) cpu_start: Pro cpu start user code[0m
[0;32mI (407) cpu_start: cpu freq: 160000000 Hz[0m
[0;32mI (407) cpu_start: Application information:[0m
[0;32mI (410) cpu_start: Project name:     19_mqtt_test[0m
[0;32mI (415) cpu_start: App version:      1[0m
[0;32mI (420) cpu_start: Compile time:     Jun 28 2025 06:39:25[0m
[0;32mI (426) cpu_start: ELF file SHA256:  aa5938232...[0m
[0;32mI (431) cpu_start: ESP-IDF:          v5.2-dirty[0m
[0;32mI (437) cpu_start: Min chip rev:     v0.0[0m
[0;32mI (441) cpu_start: Max chip rev:     v3.99 [0m
[0;32mI (446) cpu_start: Chip rev:         v3.1[0m
[0;32mI (451) heap_init: Initializing. RAM available for dynamic allocation:[0m
[0;32mI (458) heap_init: At 3FFAE6E0 len 00001920 (6 KiB): DRAM[0m
[0;32mI (464) heap_init: At 3FFB7D98 len 00028268 (160 KiB): DRAM[0m
[0;32mI (470) heap_init: At 3FFE0440 len 00003AE0 (14 KiB): D/IRAM[0m
[0;32mI (477) heap_init: At 3FFE4350 len 0001BCB0 (111 KiB): D/IRAM[0m
[0;32mI (483) heap_init: At 40095F44 len 0000A0BC (40 KiB): IRAM[0m
[0;32mI (491) spi_flash: detected chip: gd[0m
[0;32mI (494) spi_flash: flash io: dio[0m
[0;33mW (497) spi_flash: Detected size(8192k) larger than the size in the binary image header(2048k). Using the size in the binary image header.[0m
[0;32mI (512) main_task: Started on CPU0[0m
[0;32mI (522) main_task: Calling app_main()[0m
[0;33mW (522) wifi:wifi osi_nvs_open fail ret=4353[0m

[0;33mW (522) wifi_init: Failed to unregister Rx callbacks[0m
[0;31mE (522) wifi_init: Failed to deinit Wi-Fi driver (0x3001)[0m
[0;31mE (532) wifi_init: Failed to deinit Wi-Fi (0x3001)[0m
ESP_ERROR_CHECK failed: esp_err_t 0x1101 (ESP_ERR_NVS_NOT_INITIALIZED) at 0x400d5fc1
file: "../main/simple_wifi_sta.c" line 206
func: wifi_sta_init
expression: esp_wifi_init(&config)

abort() was called at PC 0x40088997 on core 0


Backtrace: 0x4008179a:0x3ffb9de0 0x400889a1:0x3ffb9e00 0x4009015d:0x3ffb9e20 0x40088997:0x3ffb9e90 0x400d5fc1:0x3ffb9ec0 0x400d5d83:0x3ffba070 0x401503a7:0x3ffba090 0x400894ad:0x3ffba0c0




ELF file SHA256: aa5938232

Rebooting...
ets Jul 29 2019 12:21:46

rst:0xc (SW_CPU_RESET),boot:0x3f (SPI_FAST_FLASH_BOOT)
configsip: 153911750, SPIWP:0xee
clk_drv:0x00,q_drv:0x00,d_drv:0x00,cs0_drv:0x00,hd_drv:0x00,wp_drv:0x00
mode:DIO, clock div:2
load:0x3fff0030,len:7172
load:0x40078000,len:15532
load:0x40080400,len:4
load:0x40080404,len:3904
entry 0x40080640
[0;32mI (30) boot: ESP-IDF v5.2-dirty 2nd stage bootloader[0m
[0;32mI (30) boot: compile time Jun 28 2025 06:tloader[0m
[0;32mI (35) boot: chip revision: v3.1[0m
[0;32mI (38) boot.esp32: SPI Speed      : 40MHz[0m
[0;32mI (43) boot.esp32: SPI Mode       : DIO[0m
[0;32mI (47) boot.esp32: SPI Flash Size : 2MB[0m
[0;32mI (52) boot: Enabling RNG early entropy source...[0m
