cted size(8192k) larger than the�ets Jul 29 2019 12:21:46

rst:0x1 (POWERON_RESET),boot:0x3f (SPI_FAST_FLASH_BOOT)
configsip: 153911750, SPIWP:0xee
clk_drv:0x00,q_drv:0x00,d_drv:0x00,cs0_drv:0x00,hd_drv:0x00,wp_drv:0x00
mode:DIO, clock div:2
load:0x3fff0030,len:7172
load:0x40078000,len:15532
load:0x40080400,len:4
load:0x40080404,len:3904
entry 0x40080640
[0;32mI (30) boot: ESP-IDF v5.2 2nd stage bootloader[0m
[0;32mI (30) boot: compile time Mar 16 2025 17:35:16[0m
[0;32mI (30) boot: Multicore bootloader[0m
[0;32mI (34) boot: chip revision: v3.1[0m
[0;32mI (38) boot.esp32: SPI Speed      : 40MHz[0m
[0;32mI () boot.esp32: SPI Mode       : DIO[0m
[0;32mI (47) boot.esp32: SPI Flash Size : 4MB[0m
[0;32mI (52) boot: Enabling RNG early entropy source...[0m
[0;32l            Usage          Type ST Offset   Length[0m
[0;32mI (68) boot:  0 nvs              WiFi data        01 02 00009000 00006000[0m
[0;32mI (75) boot:  1 phy_init         RF data          01 01 0000f000 00001000[0m
[0;32mI (83) boot:  2 factory          factory app      00 00 00010000 00100000[0m
[0;32mI (90) boot: End of partition table[0m
[0;32mI (95) esp_image: segment 0: paddr=00010020 vaddr=3f400020 size=0d7e8h ( 55272) map[0m
[0;32mI (122) esp_image: segment 1: paddr=0001d810 vaddr=3ffb0000 size=02320h (  8992) load[0m
[0;32mI (126) esp_image: segment 2: paddr=0001fb38 vaddr=40080000 size=004e0h (  1248) load[0m
[0;32mI (128) esp_image: segment 3: paddr=00020020 vaddr=400d0020 size=18ce8h (101608) map[0m
[0;32mI (171) esp_image: segment 4: paddr=00038d10 vaddr=400804e0 size=0d5c0h ( 54720) load[0m
[0;32mI (200) boot: Loaded app from partition at offset 0x10000[0m
[0;32mI (200) boot: Disabling RNG early entropy source...[0m
[0;32mI (211) cpu_start: Multicore app[0m
[0;32mI (220) cpu_start: Pro cpu start user code[0m
[0;32mI (220) cpu_start: cpu freq: 160000000 Hz[0m
[0;32mI (220) cpu_start: Application information:[0m
[0;32mI (223) cpu_start: Project name:     dht11[0m
[0;32mI (228) cpu_start: App version:      1[0m
[0;32mI (232) cpu_start: Compile time:     Mar 16 2025 17:33:47[0m
[0;32mI (238) cpu_start: ELF file SHA256:  b33b5b7eb48dcb29...[0m
[0;32mI (244) cpu_start: ESP-IDF:          v5.2[0m
[0;32mI (249) cpu_start: Min chip rev:     v0.0[0m
[0;32mI (254) cpu_start: Max chip rev:     v3.99 [0m
[0;32mI (258) cpu_start: Chip rev:         v3.1[0m
[0;32mI (263) heap_init: Initializing. RAM available for dynamic allocation:[0m
[0;32mI (271) heap_init: At 3FFAE6E0 len 00001920 (6 KiB): DRAM[0m
[0;32mI (276) heap_init: At 3FFB2E40 len 0002D1C0 (180 KiB): DRAM[0m
[0;32mI (283) heap_init: At 3FFE0440 len 00003AE0 (14 KiB): D/IRAM[0m
[0;32mI (289) heap_init: At 3FFE4350 len 0001BCB0 (111 KiB): D/IRAM[0m
[0;32mI (295) heap_init: At 4008DAA0 len 00012560 (73 KiB): IRAM[0m
[0;32mI (303) spi_flash: detected chip: gd[0m
[0;32mI (306) spi_flash: flash io: dio[0m
[0;33mW (310) spi_flash: Detected size(8192k) larger than the size in the binary image header(4096k). Using the size in the binary image header.[0m
[0;32mI (324) main_task: Started on CPU0[0m
[0;32mI (334) main_task: Calling app_main()[0m
[0;32mI (444) DHT11_Demo: [APP] APP Is Start!~
[0m
[0;32mI (444) DHT11_Demo: [APP] IDF Version is 5.2.0[0m
[0;32mI (444) DHT11_Demo: [APP] Free memory: 298752 bytes[0m
[0;32mI (444) DHT11_Demo: [APP] IDF version: v5.2[0m
[0;32mI (454) gpio: GPIO[25]| InputEn: 1| OutputEn: 0| OpenDrain: 0| Pullup: 1| Pulldown: 0| Intr:0 [0m
[0;32mI (454) DHT11_Demo: START[0m
[0;32mI (484) dth11: dth11_data_deal[0m
[0;32mI (484) dth11: xQueueReceive get[0m
[0;32mI (484) dth11: dth11_hemp is 3100[0m
[0;32mI (484) dth11: dth11_temp is 1b05[0m
[0;32mI (494) dth11: dth11_check is 51[0m
[0;32mI (494) dth11: all is 5[0m
[0;32mI (494) dth11: dth11_check error[0m
[0;32mI (504) DHT11_Demo: END[0m
[0;32mI (1524) dth11: dth11_data_deal[0m
[0;32mI (1524) dth11: xQueueReceive get[0m
[0;32mI (1524) dth11: dth11_hemp is 3000[0m
[0;32mI (1524) dth11: dth11_temp is 1b04[0m
[0;32mI (1524) dth11: dth11_check is 4f[0m
[0;32mI (1534) dth11: all is 4[0m
[0;32mI (1534) dth11: dth11_check error[0m
[0;32mI (1534) DHT11_Demo: END[0m
[0;32mI (2564) dth11: dth11_data_deal[0m
[0;32mI (2564) dth11: xQueueReceive get[0m
[0;32mI (2564) dth11: dth11_hemp is 3000[0m
[0;32mI (2564) dth11: dth11_temp is 1b06[0m
[0;32mI (2564) dth11: dth11_check is 51[0m
[0;32mI (2574) dth11: all is 6[0m
[0;32mI (2574) dth11: dth11_check error[0m
[0;32mI (2574) DHT11_Demo: END[0m
[0;32mI (3604) dth11: dth11_data_deal[0m
[0;32mI (3604) dth11: xQueueReceive get[0m
[0;32mI (3604) dth11: dth11_hemp is 3000[0m
[0;32mI (3604) dth11: dth11_temp is 1b05[0m
[0;32mI (3604) dth11: dth11_check is 50[0m
[0;32mI (3614) dth11: all is 5[0m
[0;32mI (3614) dth11: dth11_check error[0m
[0;32mI (3614) DHT11_Demo: END[0m
[0;32mI (4644) dth11: dth11_data_deal[0m
[0;32mI (4644) dth11: xQueueReceive get[0m
[0;32mI (4644) dth11: dth11_hemp is 3000[0m
[0;32mI (4644) dth11: dth11_temp is 1b02[0m
[0;32mI (4644) dth11: dth11_check is 4d[0m
[0;32mI (4654) dth11: all is 2[0m
[0;32mI (4654) dth11: dth11_check error[0m
[0;32mI (4654) DHT11_Demo: END[0m
[0;32mI (5684) dth11: dth11_data_deal[0m
[0;32mI (5684) dth11: xQueueReceive get[0m
[0;32mI (5684) dth11: dth11_hemp is 3000[0m
[0;32mI (5684) dth11: dth11_temp is 1b02[0m
[0;32mI (5684) dth11: dth11_check is 4d[0m
[0;32mI (5694) dth11: all is 2[0m
[0;32mI (5694) dth11: dth11_check error[0m
[0;32mI (5694) DHT11_Demo: END[0m
[0;32mI (6724) dth11: dth11_data_deal[0m
[0;32mI (6724) dth11: xQueueReceive get[0m
[0;32mI (6724) dth11: dth11_hemp is 3000[0m
[0;32mI (6724) dth11: dth11_temp is 1b03[0m
[0;32mI (6724) dth11: dth11_check is 4e[0m
[0;32mI (6734) dth11: all is 3[0m
[0;32mI (6734) dth11: dth11_check error[0m
[0;32mI (6734) DHT11_Demo: END[0m
[0;32mI (7764) dth11: dth11_data_deal[0m
[0;32mI (7764) dth11: xQueueReceive get[0m
[0;32mI (7764) dth11: dth11_hemp is 3000[0m
[0;32mI (7764) dth11: dth11_temp is 1b05[0m
[0;32mI (7764) dth11: dth11_check is 50[0m
[0;32mI (7774) dth11: all is 5[0m
[0;32mI (7774) dth11: dth11_check error[0m
[0;32mI (7774) DHT11_Demo: END[0m
[0;32mI (8804) dth11: dth11_data_deal[0m
[0;32mI (8804) dth11: xQueueReceive get[0m
[0;32mI (8804) dth11: dth11_hemp is 3000[0m
[0;32mI (8804) dth11: dth11_temp is 1b02[0m
[0;32mI (8804) dth11: dth11_check is 4d[0m
[0;32mI (8814) dth11: all is 2[0m
[0;32mI (8814) dth11: dth11_check error[0m
[0;32mI (8814) DHT11_Demo: END[0m
[0;32mI (9844) dth11: dth11_data_deal[0m
[0;32mI (9844) dth11: xQueueReceive get[0m
[0;32mI (9844) dth11: dth11_hemp is 3000[0m
[0;32mI (9844) dth11: dth11_temp is 1b02[0m
[0;32mI (9844) dth11: dth11_check is 4d[0m
[0;32mI (9854) dth11: all is 2[0m
[0;32mI (9854) dth11: dth11_check error[0m
[0;32mI (9854) DHT11_Demo: END[0m
[0;32mI (10884) dth11: dth11_data_deal[0m
[0;32mI (10884) dth11: xQueueReceive get[0m
[0;32mI (10884) dth11: dth11_hemp is 3000[0m
[0;32mI (10884) dth11: dth11_temp is 1b01[0m
[0;32mI (10884) dth11: dth11_check is 4c[0m
[0;32mI (10894) dth11: all is 1[0m
[0;32mI (10894) dth11: dth11_check error[0m
[0;32mI (10904) DHT11_Demo: END[0m
[0;32mI (11924) dth11: dth11_data_deal[0m
[0;32mI (11924) dth11: xQueueReceive get[0m
[0;32mI (11924) dth11: dth11_hemp is 3100[0m
[0;32mI (11924) dth11: dth11_temp is 1b08[0m
[0;32mI (11924) dth11: dth11_check is 54[0m
[0;32mI (11934) dth11: all is 8[0m
[0;32mI (11934) dth11: dth11_check error[0m
[0;32mI (11944) DHT11_Demo: END[0m
[0;32mI (12964) dth11: dth11_data_deal[0m
[0;32mI (12964) dth11: xQueueReceive get[0m
[0;32mI (12964) dth11: dth11_hemp is 3100[0m
[0;32mI (12964) dth11: dth11_temp is 1b07[0m
[0;32mI (12964) dth11: dth11_check is 53[0m
[0;32mI (12974) dth11: all is 7[0m
[0;32mI (12974) dth11: dth11_check error[0m
[0;32mI (12984) DHT11_Demo: END[0m
[0;32mI (14004) dth11: dth11_data_deal[0m
[0;32mI (14004) dth11: xQueueReceive get[0m
[0;32mI (14004) dth11: dth11_hemp is 3100[0m
[0;32mI (14004) dth11: dth11_temp is 1b05[0m
[0;32mI (14004) dth11: dth11_check is 51[0m
[0;32mI (14014) dth11: all is 5[0m
[0;32mI (14014) dth11: dth11_check error[0m
[0;32mI (14024) DHT11_Demo: END[0m
