
[0;32mI (314) main_task: Started on CPU0[�ets Jul 29 2019 12:21:46

rst:0x1 (POWERON_RESET),boot:0x3f (SPI_FAST_FLASH_BOOT)
configsip: 153911750, SPIWP:0xee
clk_drv:0x00,q_drv:0x00,d_drv:0x00,cs0_drv:0x00,hd_drv:0x00,wp_drv:0x00
mode:DIO, clock div:2
load:0x3fff0030,len:7172
load:0x40078000,len:15532
load:0x40080400,len:4
load:0x40080404,len:3904
entry 0x40080640
[0;32mI (30) boot: ESP-IDF v5.2 2nd stage bootloader[0m
[0;32mI (30) boot: compile time Apr  9 2025 14:48:32[0m
[0;32mI (30) boot: Multicore bootloader[0m
[0;32mI (34) boot: chip revision: v3.1[0m
[0;32mI (38) boot.esp32: SPI Speed      : 40MHz[0m
[0;32mI (43) boot.esp32: SPI Mode       : DIO[0m
[0;32mI (47) boot.esp32: SPI Flash Size : 2MB[0m
[0;32mI (52) boot: Enabling RNG early entropy source...[0m
[0;32mI (57) boot: Partition Table:[0m
[0;32mI (61) boot: ## Label            Usage          Type ST Offset   Length[0m
[0;32mI (68) boot:  0 nvs              WiFi data        01 02 00009000 00006000[0m
[0;32mI (75) boot:  1 phy_init         RF data          01 01 0000f000 00001000[0m
[0;32mI (83) boot:  2 factory          factory app      00 00 00010000 00100000[0m
[0;32mI (90) boot: End of partition table[0m
[0;32mI (95) esp_image: segment 0: paddr=00010020 vaddr=3f400020 size=0a2c4h ( 41668) map[0m
[0;32mI (117) esp_image: segment 1: paddr=0001a2ec vaddr=3ff80000 size=00004h (     4) load[0m
[0;32mI (118) esp_image: segment 2: paddr=0001a2f8 vaddr=3ffb0000 size=0220ch (  8716) load[0m
[0;32mI (126) esp_image: segment 3: paddr=0001c50c vaddr=40080000 size=03b0ch ( 15116) load[0m
[0;32mI (138) esp_image: segment 4: paddr=00020020 vaddr=400d0020 size=15094h ( 86164) map[0m
[0;32mI (170) esp_image: segment 5: paddr=000350bc vaddr=40083b0c size=08c10h ( 35856) load[0m
[0;32mI (190) boot: Loaded app from partition at offset 0x10000[0m
[0;32mI (190) boot: Disabling RNG early entropy source...[0m
[0;32mI (202) cpu_start: Multicore app[0m
[0;32mI (210) cpu_start: Pro cpu start user code[0m
[0;32mI (211) cpu_start: cpu freq: 160000000 Hz[0m
[0;32mI (211) cpu_start: Application information:[0m
[0;32mI (214) cpu_start: Project name:     ntc[0m
[0;32mI (218) cpu_start: App version:      1[0m
[0;32mI (223) cpu_start: Compile time:     Apr  9 2025 14:47:55[0m
[0;32mI (229) cpu_start: ELF file SHA256:  3791467249d2b021...[0m
[0;32mI (235) cpu_start: ESP-IDF:          v5.2[0m
[0;32mI (239) cpu_start: Min chip rev:     v0.0[0m
[0;32mI (244) cpu_start: Max chip rev:     v3.99 [0m
[0;32mI (249) cpu_start: Chip rev:         v3.1[0m
[0;32mI (254) heap_init: Initializing. RAM available for dynamic allocation:[0m
[0;32mI (261) heap_init: At 3FFAE6E0 len 00001920 (6 KiB): DRAM[0m
[0;32mI (267) heap_init: At 3FFB2B60 len 0002D4A0 (181 KiB): DRAM[0m
[0;32mI (273) heap_init: At 3FFE0440 len 00003AE0 (14 KiB): D/IRAM[0m
[0;32mI (279) heap_init: At 3FFE4350 len 0001BCB0 (111 KiB): D/IRAM[0m
[0;32mI (286) heap_init: At 4008C71C len 000138E4 (78 KiB): IRAM[0m
[0;32mI (294) spi_flash: detected chip: gd[0m
[0;32mI (296) spi_flash: flash io: dio[0m
[0;33mW (300) spi_flash: Detected size(8192k) larger than the size in the binary imae header(2048k). Using the size in the binary image header.[0m
[0;32mI (314) main_task: Started on CPU0[0m
[0;32mI (324) main_task: Calling app_main()[0m
[0;32mI (324) adc: calibration scheme version is Line Fitting[0m
[0;32mI (324) adc: Calibration Success[0m
[0;32mI (324) main: current temp:0.00[0m
[0;32mI (424) NTC: s_adc_raw is 1719[0m
[0;32mI (424) NTC: s_voltage_raw is 1553[0m
[0;32mI (1334) main: current temp:28.00[0m
[0;32mI (1424) NTC: s_adc_raw is 1717[0m
[0;32mI (1424) NTC: s_voltage_raw is 1552[0m
[0;32mI (2334) main: current temp:28.00[0m
[0;32mI (2424) NTC: s_adc_raw is 1720[0m
[0;32mI (2424) NTC: s_voltage_raw is 1554[0m
[0;32mI (3334) main: current temp:28.00[0m
[0;32mI (3424) NTC: s_adc_raw is 1715[0m
[0;32mI (3424) NTC: s_voltage_raw is 1550[0m
[0;32mI (4334) main: current temp:28.00[0m
[0;32mI (4424) NTC: s_adc_raw is 1721[0m
[0;32mI (4424) NTC: s_voltage_raw is 1555[0m
[0;32mI (5334) main: current temp:28.00[0m
[0;32mI (5424) NTC: s_adc_raw is 1726[0m
[0;32mI (5424) NTC: s_voltage_raw is 1559[0m
[0;32mI (6334) main: current temp:28.00[0m
[0;32mI (6424) NTC: s_adc_raw is 1715[0m
[0;32mI (6424) NTC: s_voltage_raw is 1550[0m
[0;32mI (7334) main: current temp:28.00[0m
[0;32mI (7424) NTC: s_adc_raw is 1734[0m
[0;32mI (7424) NTC: s_voltage_raw is 1566[0m
[0;32mI (8334) main: current temp:28.00[0m
[0;32mI (8424) NTC: s_adc_raw is 1728[0m
[0;32mI (8424) NTC: s_voltage_raw is 1561[0m
[0;32mI (9334) main: current temp:28.00[0m
[0;32mI (9424) NTC: s_adc_raw is 1713[0m
[0;32mI (9424) NTC: s_voltage_raw is 1548[0m
[0;32mI (10334) main: current temp:28.00[0m
[0;32mI (10424) NTC: s_adc_raw is 1719[0m
[0;32mI (10424) NTC: s_voltage_raw is 1553[0m
[0;32mI (11334) main: current temp:28.00[0m
[0;32mI (11424) NTC: s_adc_raw is 1723[0m
[0;32mI (11424) NTC: s_voltage_raw is 1557[0m
[0;32mI (12334) main: current temp:28.00[0m
[0;32mI (12424) NTC: s_adc_raw is 1722[0m
[0;32mI (12424) NTC: s_voltage_raw is 1556[0m
[0;32mI (13334) main: current temp:28.00[0m
[0;32mI (13424) NTC: s_adc_raw is 1709[0m
[0;32mI (13424) NTC: s_voltage_raw is 1545[0m
[0;32mI (14334) main: current temp:29.00[0m
[0;32mI (14424) NTC: s_adc_raw is 1686[0m
[0;32mI (14424) NTC: s_voltage_raw is 1526[0m
[0;32mI (15334) main: current temp:29.00[0m
[0;32mI (15424) NTC: s_adc_raw is 1654[0m
[0;32mI (15424) NTC: s_voltage_raw is 1500[0m
[0;32mI (16334) main: current temp:30.00[0m
[0;32mI (16424) NTC: s_adc_raw is 1638[0m
[0;32mI (16424) NTC: s_voltage_raw is 1487[0m
[0;32mI (17334) main: current temp:30.00[0m
[0;32mI (17424) NTC: s_adc_raw is 1615[0m
[0;32mI (17424) NTC: s_voltage_raw is 1468[0m
[0;32mI (18334) main: current temp:31.00[0m
[0;32mI (18424) NTC: s_adc_raw is 1593[0m
[0;32mI (18424) NTC: s_voltage_raw is 1450[0m
