ets Jul 29 2019 12:21:46

rst:0x1 (POWERON_RESET),boot:0x3f (SPI_FAST_FLASH_BOOT)
configsip: 153911750, SPIWP:0xee
clk_drv:0x00,q_drv:0x00,d_drv:0x00,cs0_drv:0x00,hd_drv:0x00,wp_drv:0x00
mode:DIO, clock div:2
load:0x3fff0030,len:7172
load:0x40078000,len:15532
load:0x40080400,len:4
load:0x40080404,len:3904
entry 0x40080640
[0;32mI (30) boot: ESP-IDF v5.2 2nd stage bootloader[0m
[0;32mI (30) boot: compile time Apr  9 2025 14:48:32[0m
[0;32mI (30) boot: Multicore bootloader[0m
[0;32mI (34) boot: chip revision: v3.1[0m
[0;32mI (38) boot.esp32: SPI Speed      : 40MHz[0m
[0;32mI (43) boot.esp32: SPI Mode       : DIO[0m
[0;32mI (47) boot.esp32: SPI Flash Size : 2MB[0m
[0;32mI (52) boot: Enabling RNG early entropy source...[0m
[0;32mI (57) boot: Partition Table:[0m
[0;32mI (61) boot: ## Label            Usage          Type ST Offset   Length[0m
[0;32mI (68) boot:  0 nvs              WiFi data        01 02 00009000 00006000[0m
[0;32mI (75) boot:  1 phy_init         RF data          01 01 0000f000 00001000[0m
[0;32mI (83) boot:  2 factory          factory app      00 00 00010000 00100000[0m
[0;32mI (90) boot: End of partition table[0m
[0;32mI (95) esp_image: segment 0: paddr=00010020 vaddr=3f400020 size=0a274h ( 41588) map[0m
[0;32mI (117) esp_image: segment 1: paddr=0001a29c vaddr=3ff80000 size=00004h (     4) load[0m
[0;32mI (118) esp_image: segment 2: paddr=0001a2a8 vaddr=3ffb0000 size=0220ch (  8716) load[0m
[0;32mI (126) esp_image: segment 3: paddr=0001c4bc vaddr=40080000 size=03b5ch ( 15196) load[0m
[0;32mI (138) esp_image: segment 4: paddr=00020020 vaddr=400d0020 size=14fe8h ( 85992) map[0m
[0;32mI (170) esp_image: segment 5: paddr=00035010 vaddr=40083b5c size=08bc0h ( 35776) load[0m
[0;32mI (190) boot: Loaded app from partition at offset 0x10000[0m
[0;32mI (190) boot: Disabling RNG early entropy source...[0m
[0;32mI (202) cpu_start: Multicore app[0m
[0;32mI (210) cpu_start: Pro cpu start user code[0m
[0;32mI (210) cpu_start: cpu freq: 160000000 Hz[0m
[0;32mI (210) cpu_start: Application information:[0m
[0;32mI (213) cpu_start: Project name:     ntc[0m
[0;32mI (218) cpu_start: App version:      1[0m
[0;32mI (222) cpu_start: Compile time:     Apr  9 2025 14:47:55[0m
[0;32mI (229) cpu_start: ELF file SHA256:  cd6ae45e81e8ef28...[0m
[0;32mI (235) cpu_start: ESP-IDF:          v5.2[0m
[0;32mI (239) cpu_start: Min chip rev:     v0.0[0m
[0;32mI (244) cpu_start: Max chip rev:     v3.99 [0m
[0;32mI (249) cpu_start: Chip rev:         v3.1[0m
[0;32mI (254) heap_init: Initializing. RAM available for dynamic allocation:[0m
[0;32mI (261) heap_init: At 3FFAE6E0 len 00001920 (6 KiB): DRAM[0m
[0;32mI (267) heap_init: At 3FFB2B60 len 0002D4A0 (181 KiB): DRAM[0m
[0;32mI (273) heap_init: At 3FFE0440 len 00003AE0 (14 KiB): D/IRAM[0m
[0;32mI (279) heap_init: At 3FFE4350 len 0001BCB0 (111 KiB): D/IRAM[0m
[0;32mI (286) heap_init: At 4008C71C len 000138E4 (78 KiB): IRAM[0m
[0;32mI (293) spi_flash: detected chip: gd[0m
[0;32mI (296) spi_flash: flash io: dio[0m
[0;33mW (300) spi_flash: Detected size(8192k) larger than the size in the binary image header(2048k). Using the size in the binary image header.[0m
[0;32mI (314) main_task: Started on CPU0[0m
[0;32mI (324) main_task: Calling app_main()[0m
[0;32mI (324) adc: calibration scheme version is Line Fitting[0m
[0;32mI (324) adc: Calibration Success[0m
[0;32mI (324) main: current temp:50.00[0m
Guru Meditation Error: Core  1 panic'ed (IntegerDivideByZero). Exception was unhandled.

Core  1 register dump:
PC      : 0x400d54d5  PS      : 0x00060e30  A0      : 0x80086024  A1      : 0x3ffb6430  
A2      : 0x00000000  A3      : 0x00000000  A4      : 0x800867c9  A5      : 0x00060023  
A6      : 0x00000001  A7      : 0x0000000a  A8      : 0x0000063b  A9      : 0x00000000  
A10     : 0xd1b71759  A11     : 0x000006eb  A12     : 0x3ffb28c8  A13     : 0x3ffb64dc  
A14     : 0x3ffb2584  A15     : 0x3ffb5be4  SAR     : 0x00000020  EXCCAUSE: 0x00000006  
EXCVADDR: 0x00000000  LBEG    : 0x00000000  LEND    : 0x00000000  LCOUNT  : 0x00000000  


Backtrace: 0x400d54d2:0x3ffb6430 0x40086021:0x3ffb6450




ELF file SHA256: cd6ae45e81e8ef28

Rebooting...
ets Jul 29 2019 12:21:46

rst:0xc (SW_CPU_RESET),boot:0x3f (SPI_FAST_FLASH_BOOT)
configsip: 153911750, SPIWP:0xee
clk_drv:0x00,q_drv:0x00,d_drv:0x00,cs0_drv:0x00,hd_drv:0x00,wp_drv:0x00
mode:DIO, clock div:2
load:0x3fff0030,len:7172
load:0x40078000,len:15532
load:0x40080400,len:4
load:0x40080404,len:3904
entry 0x40080640
[0;32mI (30) boot: ESP-IDF v5.2 2nd stage bootloader[0m
[0;32mI (30) boot: compile time Apr  9 2025 14:48:32[0m
[0;32mI (oot: chip revision: v3.1[0m
[0;32mI (38) boot.esp32: SPI Speed      : 40MHz[0m
[0;32mI (42) boot.esp32: SPI Mode       : DIO[0m
[0;32mI (47) boot.esp32: SPI Flash Size : 2MB[0m
[0;32mI (52) boot: Enabling RNG early entropy source...[0m
[0;32mI (57) boot: Partition Table:[0m
[0;32mI (61) boot: ## Label            Usage          Type ST Offset   Length[0m
[0;32mI (68) boot:  0 nvs              WiFi data        01 02 00009000 00006000[0m
[0;32mI (75) boot:  1 phy_init         RF data          01 01 0000f000 00001000[0m
[0;32mI (83) boot:  2 factory          factory app      00 00 00010000 00100000[0m
[0;32mI (90) boot: End of partition table[0m
[0;32mI (94) esp_image: segment 0: paddr=00010020 vaddr=3f400020 size=0a274h ( 41588) map[0m
[0;32mI (117) esp_image: segment 1: paddr=0001a29c vaddr=3ff80000 size=00004h (     4) load[0m
[0;32mI (117) esp_image: segment 2: paddr=0001a2a8 vaddr=3ffb0000 size=0220ch (  8716) load[0m
[0;32mI (126) esp_image: segment 3: paddr=0001c4bc vaddr=40080000 size=03b5ch ( 15196) load[0m
[0;32mI (137) esp_image: segment 4: paddr=00020020 vaddr=400d0020 size=14fe8h ( 85992) map[0m
[0;32mI (169) esp_image: segment 5: paddr=00035010 vaddr=40083b5c size=08bc0h ( 35776) load[0m
[0;32mI (190) boot: Loaded app from partition at offset 0x10000[0m
[0;32mI (190) boot: Disabling RNG early entropy source...[0m
[0;32mI (201) cpu_start: Multicore app[0m
[0;32mI (210) cpu_start: Pro cpu start user code[0m
[0;32mI (210) cpu_start: cpu freq: 160000000 Hz[0m
[0;32mI (210) cpu_start: Application information:[0m
[0;32mI (213) cpu_start: Project name:     ntc[0m
[0;32mI (218) cpu_start: App version:      1[0m
[0;32mI (222) cpu_start: Compile time:     Apr  9 2025 14:47:55[0m
[0;32mI (228) cpu_start: ELF file SHA256:  cd6ae45e81e8ef28...[0m
[0;32mI (234) cpu_start: ESP-IDF:          v5.2[0m
[0;32mI (239) cpu_start: Min chip rev:     v0.0[0m
[0;32mI (244) cpu_start: Max chip rev:     v3.99 [0m
[0;32mI (249) cpu_start: Chip rev:         v3.1[0m
[0;32mI (254) heap_init: Initializing. RAM available for dynamic allocation:[0m
[0;32mI (261) heap_init: At 3FFAE6E0 len 00001920 (6 KiB): DRAM[0m
[0;32mI (267) heap_init: At 3FFB2B60 len 0002D4A0 (181 KiB): DRAM[0m
[0;32mI (273) heap_init: At 3FFE0440 len 00003AE0 (14 KiB): D/IRAM[0m
[0;32mI (279) heap_init: At 3FFE4350 len 0001BCB0 (111 KiB): D/IRAM[0m
[0;32mI (286) heap_init: At 4008C71C len 000138E4 (78 KiB): IRAM[0m
[0;32mI (293) spi_flash: detected chip: gd[0m
[0;32mI (296) spi_flash: flash io: dio[0m
[0;33mW (300) spi_flash: Detected size(8192k) larger than the size in the binary image header(2048k). Using the size in the binary image header.[0m
[0;32mI (314) main_task: Started on CPU0[0m
[0;32mI (324) main_task: Calling app_main()[0m
[0;32mI (324) adc: calibration scheme version is Line Fitting[0m
[0;32mI (324) adc: Calibration Success[0m
[0;32mI (324) main: current temp:50.00[0m
Guru Meditation Error: Core  1 panic'ed (IntegerDivideByZero). Exception was unhandled.

Core  1 register dump:
PC      : 0x400d54d5  PS      : 0x00060e30  A0      : 0x80086024  A1      : 0x3ffb6430  
A2      : 0x00000000  A3      : 0x00000000  A4      : 0x800867c9  A5      : 0x00060023  
A6      : 0x00000001  A7      : 0x0000000a  A8      : 0x0000063b  A9      : 0x00000000  
A10     : 0xd1b71759  A11     : 0x000006ec  A12     : 0x3ffb28c8  A13     : 0x3ffb64dc  
A14     : 0x3ffb2584  A15     : 0x3ffb5be4  SAR     : 0x00000020  EXCCAUSE: 0x00000006  
EXCVADDR: 0x00000000  LBEG    : 0x00000000  LEND    : 0x00000000  LCOUNT  : 0x00000000  


Backtrace: 0x400d54d2:0x3ffb6430 0x40086021:0x3ffb6450




ELF file SHA256: cd6ae45e81e8ef28

Rebooting...
ets Jul 29 2019 12:21:46

rst:0xc (SW_CPU_RESET),boot:0x3f (SPI_FAST_FLASH_BOOT)
configsip: 153911750, SPIWP:0xee
clk_drv:0x00,q_drv:0x00,d_drv:0x00,cs0_drv:0x00,hd_drv:0x00,wp_drv:0x00
mode:DIO, clock div:2
load:0x3fff0030,len:7172
load:0x40078000,len:15532
load:0x40080400,len:4
load:0x40080404,len:3904
entry 0x40080640
[0;32mI (30) boot: ESP-IDF v5.2 2nd stage bootloader[0m
[0;32mI (30) boot: compile time Apr  9 2025 14:48:32[0m
[0;32mI (30) boot: Multicore bootloader[0m
[0;32mI (34) boot: chip revision: v3.1[0m
[0;32mI (38) boot.esp32: SPI Speed      : 40MHz[0m
[0;32mI (42) boot.esp32: SPI Mode       : DIO[0m
[0;32mI (47) boot.esp32: SPI Flash Size : 2MB[0m
[0;32mI (52) boot: Enabling RNG early entropy source...[0m
[0;32mI (57) boot: Partition Table:[0m
[0;32mI (61) boot: ## Label            Usage          Type ST Offset   Length[0m
[0;32mI (68) boot:  0 nvs              WiFi data        01 02 00009000 00006000[0m
[0;32mI (75) boot:  1 phy_init         RF data          01 01 0000f000 00001000[0m
[0;32mI (83) boot:  2 factory          factory app      00 00 00010000 00100000[0m
[0;32mI (90) boot: End of partition table[0m
[0;32mI (94) esp_image: segment 0: paddr=00010020 vaddr=3f400020 size=0a274h ( 41588) map[0m
[0;32mI (117) esp_image: segment 1: paddr=0001a29c vaddr=3ff80000 size=00004h (     4) load[0m
[0;32mI (117) esp_image: segment 2: paddr=0001a2a8 vaddr=3ffb0000 size=0220ch (  8716) load[0m
[0;32mI (126) esp_image: segment 3: paddr=0001c4bc vaddr=40080000 size=03b5ch ( 15196) load[0m
[0;32mI (137) esp_image: segment 4: paddr=00020020 vaddr=400d0020 size=14fe8h ( 85992) map[0m
[0;32mI (169) esp_image: segment 5: paddr=00035010 vaddr=40083b5c size=08bc0h ( 35776) load[0m
[0;32mI (190) boot: Loaded app from partition at offset 0x10000[0m
[0;32mI (190) boot: Disabling RNG early entropy source...[0m
[0;32mI (201) cpu_start: Multicore app[0m
[0;32mI (210) cpu_start: Pro cpu start user code[0m
[0;32mI (210) cpu_start: cpu freq: 160000000 Hz[0m
[0;32mI (210) cpu_start: Application information:[0m
[0;32mI (213) cpu_start: Project name:     ntc[0m
[0;32mI (218) cpu_start: App version:      1[0m
[0;32mI (222) cpu_start: Compile time:     Apr  9 2025 14:47:55[0m
[0;32mI (228) cpu_start: ELF file SHA256:  cd6ae45e81e8ef28...[0m
[0;32mI (234) cpu_start: ESP-IDF:          v5.2[0m
[0;32mI (239) cpu_start: Min chip rev:     v0.0[0m
[0;32mI (244) cpu_start: Max chip rev:     v3.99 [0m
[0;32mI (249) cpu_start: Chip rev:         v3.1[0m
[0;32mI (254) heap_init: Initializing. RAM available for dynamic allocation:[0m
[0;32mI (261) heap_init: At 3FFAE6E0 len 00001920 (6 KiB): DRAM[0m
[0;32mI (267) heap_i314) main_task: Started on CPU0[0m
[0;32mI (324) main_task: Calling app_main()[0m
[0;32mI (324) adc: calibration scheme version is Line Fitting[0m
[0;32mI (324) adc: Calibration SucceGuru Meditation Error: Core  1 panic'ed (IntegerDivideByZero). Exception was unhandled.

Core  1 register dump:
PC      : 0x400d54d5  PS      : 0x00060e30  A0      : 0x80086024  A1      : 0x3ffb6430  
A2      : 0x00000000  A3      : 0x00000000  A4      : 0x800867c9  A5      : 0x00060023  
A6      : 0x00000001  A7      : 0x0000000a  A8      : 0x0000063b  A9      : 0x00000000  
A10     : 0xd1b71759  A11     : 0x000006eb  A12     : 0x3ffb28c8  A13     : 0x3ffb64dc  
A14     : 0x3ffb2584  A15     : 0x3ffb5be4  SAR     : 0x00000020  EXCCAUSE: 0x00000006  
EXCVADDR: 0x00000000  LBEG    : 0x00000000  LEND    : 0x00000000  LCOUNT  : 0x00000000  


Backtrace: 0x400d54d2:0x3ffb6430 0x40086021:0x3ffb6450




ELF file SHA256: cd6ae45e81e8ef28

Rebooting...
ets Jul 29 2019 12:21:46

rst:0xc (SW_CPU_RESET),boot:0x3f (SPI_FAST_FLASH_BOOT)
configsip: 153911750, SPIWP:0xee
clk_drv:0x00,q_drv:0x00,d_drv:0x00,cs0_drv:0x00,hd_drv:0x00,wp_drv:0x00
mode:DIO, clock div:2
load:0x3fff0030,len:7172
load:0x40078000,len:15532
load:0x40080400,len:4
load:0x40080404,len:3904
entry 0x40080640
[0;32mI (30) boot: ESP-IDF v5.2 2nd stage bootloader[0m
[0;32mI (30) boot: compile time Apr  9 2025 14:48:32[0m
[0;32mI (30) boot: Multicore bootloader[0m
[0;32mI (34) boot: chip revision: v3.1[0m
[0;32mI (38) boot.esp32: SPI Speed      : 40MHz[0m
[0;32mI (42) boot.esp32: SPI Mode       : DIO[0m
[0;32mI (47) boot.esp32: SPI Flash Size : 2MB[0m
[0;32mI (52) boot: Enabling RNG early entropy source...[0m
[0;32mI (57) boot: Partition Table:[0m
[0;32mI (61) boot: ## Label            Usage          Type ST Offset   Length[0m
[0;32mI (68) boot:  0 nvs              WiFi data        01 02 00009000 00006000[0m
[0;32mI (75) boot:  1 phy_init         RF data          01 01 0000f000 00001000[0m
[0;32mI (83) boot:  2 factory          factory app      00 00 00010000 00100000[0m
[0;32mI (90) boot: End of partition table[0m
[0;32mI (94) esp_image: segment 0: paddr=00010020 vaddr=3f400020 size=0a274h ( 41588) map[0m
[0;32mI (117) esp_image: segment 1: paddr=0001a29c vaddr=3ff80000 size=00004h (     4) load[0m
[0;32mI (117) esp_image: segment 2: paddr=0001a2a8 vaddr=3ffb0000 size=0220ch (  8716) load[0m
[0;32mI (126) esp_image: segment 3: paddr=0001c4bc vaddr=40080000 size=03b5ch ( 15196) load[0m
[0;32mI (137) esp_image: segment 4: paddr=00020020 vaddr=400d0020 size=14fe8h ( 85992) map[0m
[0;32mI (169) esp_image: segment 5: paddr=00035010 vaddr=40083b5c size=08bc0h ( 35776) load[0m
[0;32mI (190) boot: Loaded app from partition at offset 0x10000[0m
[0;32mI (190) boot: Disabling RNG early entropy source...[0m
[0;32mI (201) cpu_start: Multicore app[0m
[0;32mI (210) cpu_start: Pro cpu start user code[0m
[0;32mI (210) cpu_start: cpu freq: 160000000 Hz[0m
[0;32mI (210) cpu_start: Application information:[0m
[0;32mI (213) cpu_start: Project name:     ntc[0m
[0;32mI (218) cpu_start: App version:      1[0m
[0;32mI (222) cpu_start: Compile time:     Apr  9 2025 14:47:55[0m
[0;32mI (228) cpu_start: ELF file SHA256:  cd6ae45e81e8ef28...[0m
[0;32mI (234) cpu_start: ESP-IDF:          v5.2[0m
[0;32mI (239) cpu_start: Min chip rev:     v0.0[0m
[0;32mI (244) cpu_start: Max chip rev:     v3.99 [0m
[0;32mI (249) cpu_start: Chip rev:         v3.1[0m
[0;32mI (254) heap_init: Initializing. RAM available for dynamic allocation:[0m
[0;32mI (261) heap_init: At 3FFAE6E0 len 00001920 (6 KiB): DRAM[0m
[0;32mI (267) heap_init: At 3FFB2B60 len 0002D4A0 (181 KiB): DRAM[0m
[0;32mI (273) heap_init: At 3FFE0440 len 00003AE0 (14 KiB): D/IRAM[0m
[0;32mI (279) heap_init: At 3FFE4350 len 0001BCB0 (111 KiB): D/IRAMI (286) heap_init: At 4008C71C len 000138E4 (78 KiB): IRAM[0m
[0;32mI (293) spi_flash: detected chip: gd[0m
[0;32mI (296) spi_flash: flash io: dio[0m
[0;33mW (300) spi_flash: Detected size(8192k) larger than the size in the binary image header(2048k). Using the size in the binary image header.[0m
[0;32mI (314) main_task: Started on CPU0[0m
[0;32mI (324) main_task: Calling app_main()[0m
[0;32mI (324) adc: calibration scheme version is Line Fitting[0m
[0;32mI (324) adc: Calibration Success[0m
[0;32mI (324) main: current temp:50.00[0m
Guru Meditation Error: Core  1 panic'ed (IntegerDivideByZero). Exception was unhandled.

Core  1 register dump:
PC      : 0x400d54d5  PS      : 0x00060e30  A0      : 0x80086024  A1      : 0x3ffb6430  
A2      : 0x00000000  A3      : 0x00000000  A4      : 0x800867c9  A5      : 0x00060023  
A6      : 0x00000001  A7      : 0x0000000a  A8      : 0x00000638  A9      : 0x00000000  
A10     : 0xd1b71759  A11     : 0x000006e3  A12     : 0x3ffb28c8  A13     : 0x3ffb64dc  
A14     : 0x3ffb2584  A15     : 0x3ffb5be4  SAR     : 0x00000020  EXCCAUSE: 0x00000006  
EXCVADDR: 0x00000000  LBEG    : 0x00000000  LEND    : 0x00000000  LCOUNT  : 0x00000000  


Backtrace: 0x400d54d2:0x3ffb6430 0x40086021:0x3ffb6450




ELF file SHA256: cd6ae45e81e8ef28

Rebooting...
ets Jul 29 2019 12:21:46

rst:0xc (SW_CPU_RESET),boot:0x3f (SPI_FAST_FLASH_BOOT)
configsip: 153911750, SPIWP:0xee
clk_drv:0x00,q_drv:0x00,d_drv:0x00,cs0_drv:0x00,hd_drv:0x00,wp_drv:0x00
mode:DIO, clock div:2
load:0x3fff0030,len:7172
load:0x40078000,len:15532
load:0x40080400,len:4
load:0x40080404,len:3904
entry 0x40080640
[0;32mI (30) boot: ESP-IDF v5.2 2nd stage bootloader[0m
[0;32mI (30) boot: compile time Apr  9 2025 14:48:32[0m
[0;32mI (30) boot: Multicore bootloader[0m
[0;32mI (34) boot: chip revision: v3.1[0m
[0;32mI (38) boot.esp32: SPI Speed      : 40MHz[0m
[0;32mI (42) boot.esp32: SPI Mode       : DIO[0m
[0;32mI (47) boot.esp32: SPI Flash Size : 2MB[0m
[0;32mI (52) boot: Enabling RNG early entropy source...[0m
[0;32mI (57) boot: Partition Table:[0m
[0;32mI (61) boot: ## Label            Usage          Type ST Offset   Length[0m
[0;32mI (68) boot:  0 nvs              WiFi data        01 02 00009000 00006000[0m
[0;32mI (75) boot:  1 phy_init         RF data          01 01 0000f000 00001000[0m
[0;32mI (83) boot:  2 factory          factory app      00 00 00010000 00100000[0mnd of partition table[0m
[0;32mI (94) esp_image: segment 0: paddr=00010020 vaddr=3f400020 size=0a274h ( 41588) map[0m
[0;32mI (117) esp_image: segment 1: paddr=0001a29c vaddr=3ff80000 size=00004h (     4) load[0m
[0;32mI (117) esp_image: segment 2: paddr=0001a2a8 vaddr=3ffb0000 size=0220ch (  8716) load[0m
[0;32mI (126) esp_image: segment 3: paddr=0001c4bc vaddr=40080000 size=03b5ch ( 15196) load[0m
[0;32mI (137) esp_image: segment 4: paddr=00020020 vaddr=400d0020 size=14fe8h ( 85992) map[0m
[0;32mI (169) esp_image: segment 5: paddr=00035010 vaddr=40083b5c size=08bc0h ( 35776) load[0m
[0;32mI (190) boot: Loaded app from partition at offset 0x10000[0m
[0;32mI (190) boot: Disabling RNG early entropy source...[0m
[0;32mI (201) cpu_start: Multicore app[0m
[0;32mI (210) cpu_start: Pro cpu start user code[0m
[0;32mI (210) cpu_start: cpu freq: 160000000 Hz[0m
[0;32mI (210) cpu_start: Application information:[0m
[0;32mI (213) cpu_start: Project name:     ntc[0m
[0;32mI (218) cpu_start: App version:      1[0m
[0;32mI (222) cpu_start: Compile time:     Apr  9 2025 14:47:55[0m
[0;32mI (228) cpu_start: ELF file SHA256:  cd6ae45e81e8ef28...[0m
[0;32mI (234) cpu_start: ESP-IDF:          v5.2[0m
[0;32mI (239) cpu_start: Min chip rev:     v0.0[0m
[0;32mI (244) cpu_start: Max chip rev:     v3.99 [0m
[0;32mI (249) cpu_start: Chip rev:         v3.1[0m
[0;32mI (254) heap_init: Initializing. RAM available for dynamic allocation:[0m
[0;32mI (261) heap_init: At 3FFAE6E0 len 00001920 (6 KiB): DRAM[0m
[0;32mI (267) heap_init: At 3FFB2B60 len 0002D4A0 (181 KiB): DRAM[0m
[0;32mI (273E0 (14 KiB): D/IRAM[0m
[0;32mI (279) heap_init: At 3FFE4350 len 0001BCB0 (111 KiB): D/IRAM[0m
[0;32mI (286) heap_init: At 4008C71C len 000138E4 (78 KiB): IRAM[0m
[0;32mI (293) spi_flash: detected chip: gd[0m
[0;32mI (296) spi_flash: flash io: dio[0m
[0;33mW (300) spi_flash: Detected size(8192k) larger than the size in the binary image header(2048k). Using the size in the binary image header.[0m
[0;32mI (314) main_task: Started on CPU0[0m
[0;32mI (324) main_task: Calling app_main()[0m
[0;32mI (324) adc: calibration scheme version is Line Fitting[0m
[0;32mI (324) adc: Calibration Success[0m
[0;32mI (324) main: current temp:50.00[0m
Guru Meditation Error: Core  1 panic'ed (IntegerDivideByZero). Exception was unhandled.

Core  1 register dump:
PC      : 0x400d54d5  PS      : 0x00060e30  A0      : 0x80086024  A1      : 0x3ffb6430  
A2      : 0x00000000  A3      : 0x00000000  A4      : 0x800867c9  A5      : 0x00060023  
A6      : 0x00000001  A7      : 0x0000000a  A8      : 0x0000063d  A9      : 0x00000000  
A10     : 0xd1b71759  A11     : 0x000006e9  A12     : 0x3ffb28c8  A13     : 0x3ffb64dc  
A14     : 0x3ffb2584  A15     : 0x3ffb5be4  SAR     : 0x00000020  EXCCAUSE: 0x00000006  
EXCVADDR: 0x00000000  LBEG    : 0x00000000  LEND    : 0x00000000  LCOUNT  : 0x00000000  


Backtrace: 0x400d54d2:0x3ffb6430 0x40086021:0x3ffb6450




ELF file SHA256: cd6ae45e81e8ef28

Rebooting...
ets Jul 29 2019 12:21:46

rst:0xc (SW_CPU_RESET),boot:0x3f (SPI_FAST_FLASH_BOOT)
configsip: 153911750, SPIWP:0xee
clk_drv:0x00,q_drv:0x00,d_drv:0x00,cs0_drv:0x00,hd_drv:0x00,wp_drv:0x00
mode:DIO, clock div:2
load:0x3fff0030,len:7172
load:0x40078000,len:15532
load:0x40080400,len:4
load:0x40080404,len:3904
entry 0x40080640
[0;32mI (30) boot: ESP-IDF v5.2 2nd stage bootloader[0m
[0;32mI (30) boot: compile time Apr  9 2025 14:48:32[0m
[0;32mI (30) boot: Multicore bootloader[0m
[0;32mI (34) boot: chip revision: v3.1[0m
[0;32mI (38) boot.esp32: SPI Speed      : 40MHz[0m
[0;32mI (42) boot.esp32: SPI Mode       : DIO[0m
[0;32mI (47) boot.esp32: SPI Flash Size : 2MB[0m
[0;32mI (52) boot: Enabling RNG early entropy source...[0m
[0;32mI (57) boot: Partition Table:[0m
[0;32mI (61) boot: ## Label            Usage          Type ST Offset   Length[0m
[0;32mI (68) boot:  0 nvs              WiFi data        01 02 00009000 00006000[0m
[0;32mI (75) boot:  1 phy_init         RF data          01 01 0000f000 00001000[0m
[0;32mI (83) boot:  2 factory          factory app      00 00 00010000 00100000[0m
[0;32mI (90) boot: End of partition table[0m
[0;32mI (94) esp_image: segment 0: paddr=00010020 vaddr=3f400020 size=0a274h ( 41588) map[0m
[0;32mI (117) esp_image: segment 1: paddr=0001a29c vaddr=3ff80000 size=00004h (     4) load[0m
[0;32mI (117) esp_image: segment 2: paddr=0001a2a8 vaddr=3ffb0000 size=0220ch (  8716) load[0m
[0;32mI (126) esp_image: segment 3: paddr=0001c4bc vaddr=40080000 size=03b5ch ( 15196) load[0m
[0;32mI (137) esp_image: segment 4: paddr=00020020 vaddr=400d0020 size=14fe8h ( 85992) map[0m
[0;32mI (169) esp_image: segment 5: paddr=00035010 vaddr=40083b5c size=08bc0h ( 35776) load[0m
[0;32mI (190) boot: Loaded app from partition at offset 0x10000[0m
[0;32mI (190) boot: Disabling RNG early entropy source...[0m
[0;32mI (201) cpu_start: Multicore app[0m
[0;32mI (210) cpu_start: Pro cpu start user code[0m
[0;32mI (210) cpu_start: cpu freq: 160000000 Hz[0m
[0;32mI (210) cpu_start: Application information:[0m
[0;32mI (213) cpu_start: Project name:     ntc[0m
[0;32mI (218) cpu_start: App version:      1[0m
[0;32mI (222) cpu_start: Compile time:     Apr  9 2025 14:47:55[0m
[0;32mI (228) cpu_start: ELF file SHA256:  cd6ae45e81e8ef28...[0m
[0;32mI (234) cpu_start: ESP-IDF:      32mI (249) cpu_start: Chip rev:         v3.1[0m
[0;32mI (254) heap_init: Initializing. RAM available for dynamic allocation:[0m
[0;32mI (261) heap_init: At 3FFAE6E0 len 00001920 (6 KiB): DRAM[0m
[0;32mI (267) heap_init: At 3FFB2B60 len 0002D4A0 (181 KiB): DRAM[0m
[0;32mI (273) heap_init: At 3FFE0440 len 00003AE0 (14 KiB): D/IRAM[0m
[0;32mI (279) heap_init: At 3FFE4350 len 0001BCB0 (111 KiB): D/IRAM[0m
[0;32mI (286) heap_init: At 4008C71C len 000138E4 (78 KiB): IRAM[0m
[0;32mI (293) spi_flash: detected chip: gd[0m
[0;32mI (296) spi_flash: flash io: dio[0m
[0;33mW (300) spi_flash: Detected size(8192k) larger than the size in the binary image header(2048k). Using the size in the binary image header.[0m
[0;32mI (314) main_task: Started on CPU0[0m
[0;32mI (324) main_task: Calling app_main()[0m
[0;32mI (324) adc: calibration scheme version is Line Fitting[0m
[0;32mI (324) adc: Calibration Success[0m
[0;32mI (324) main: current temp:50.00[0m
Guru Meditation Error: Core  1 panic'ed (IntegerDivideByZero). Exception was unhandled.

Core  1 register dump:
PC      : 0x400d54d5  PS      : 0x00060e30  A0      : 0x80086024  A1      : 0x3ffb6430  
A2      : 0x00000000  A3      : 0x00000000  A4      : 0x800867c9  A5      : 0x00060023  
A6      : 0x00000001  A7      : 0x0000000a  A8      : 0x00000638  A9      : 0x00000000  
A10     : 0xd1b71759  A11     : 0x000006e6  A12     : 0x3ffb28c8  A13     : 0x3ffb64dc  
A14     : 0x3ffb2584  A15     : 0x3ffb5be4  SAR     : 0x00000020  EXCCAUSE: 0x00000006  
EXCVADDR: 0x00000000  LBEG    : 0x00000000  LEND    : 0x00000000  LCOUNT  : 0x00000000  


Backtrace: 0x400d54d2:0x3ffb6430 0x40086021:0x3ffb6450




ELF file SHA256: cd6ae45e81e8ef28

Rebooting...
ets Jul 29 2019 12:21:46

rst:0xc (SW_CPU_RESET),boot:0x3f (SPI_FAST_FLASH_BOOT)
configsip: 153911750, SPIWP:0xee
clk_drv:0x00,q_drv:0x00,d_drv:0x00,cs0_drv:0x00,hd_drv:0x00,wp_drv:0x00
mode:DIO, clock div:2
load:0x3fff0030,len:7172
load:0x40078000,len:15532
load:0x40080400,len:4
load:0x40080404,len:3904
entry 0x40080640
[0;32mI (30) boot: ESP-IDF v5.2 2nd stage bootloader[0m
[0;32mI (30) boot: compile time Apr  9 2025 14:48:32[0m
[0;32mI (30) boot: Multicore bootloader[0m
[0;32mI (34) boot: chip revision: v3.1[0m
[0;32mI (38) boot.esp32: SPI Speed      : 40MHz[0m
[0;32mI (42) boot.esp32: SPI Mode       : DIO[0m
[0;32mI (47) boot.esp32: SPI Flash Size : 2MB[0m
[0;32mI (52) boot: Enabling RNG early entropy source...[0m
[0;32mI (57) boot: Partition Table:[0m
[0;32mI (61) boot: ## Label            Usage          Type ST Offset   Length[0m
[0;32mI (68) boot:  0 nvs              WiFi data        01 02 00009000 00006000[0m
[0;32mI (75) boot:  1 phy_init         RF      factory app      00 00 00010000 00100000[0m
[0;32mI (90) boot: End of partition table[0m
[0;32mI (94) esp_image: segm10020 vaddr=3f400020 size=0a274h ( 41588) map[0m
[0;32mI (117) esp_image: segment 1: paddr=0001a29c vaddr=3ff80000 size=00004h (     4) load[0mload[0m
[0;32mI (190) boot: Loaded app from partition at offset 0x10000[0m
[0;32mI (190) boot: Disabling RNG early entropy source...[0m
[0;32mI (201) cpu_start: Multicore app[0m
[0;32mI (210le time:     Apr  9 2025 14:47:55[0m
[0;32mI (228) cpu_start: ELF file SHA256:  cd6ae45e81e8ef28...[0m
[0;32mI (234) cpu_start: ESP-IDF:          v5.2[0m
[0;32mI (239) cpu_start: Min chip rev:     v0.0[0m
[0;32mI (244) cpu_start: Max chip rev:     v3.99 [0m
[0;32mI (249) cpu_start: Chip rev:         v3.1[0m
[0;32mI (254) heap_init: Initializing. RAM available for dynamic allocation:[0m
[0;32mI (261) heap_init: At 3FFAE6E0 len 00001920 (6 KiB): DRAM[0m
[0;32mI (267) heap_init: At 3FFB2B60 len 0002D4A0 (181 KiB): DRAM[0m
[0;32mI (273) heap_init: At 3FFE0440 len 00003AE0 (14 KiB): D/IRAM[0m
[0;32mI (279) heap_init: At 3FFE4350 len 0001BCB0 (111 KiB): D/IRAM[0m
[0;32mI (286) heap_init: At 4008C71C len 000138E4 (78 KiB): IRAM[0m
[0;32mI (293) spi_flash: detected chip: gd[0m
[0;32mI (296) spi_flash: flash io: dio[0m
[0;33mW (300) spi_flash: Detected size(8192k) larger than the size in the binary image header(2048k). Using the size in the binary image header.[0m
[0;32mI (314) main_task: Started on CPU0[0m
[0;32mI (324) main_task: Calling app_main()[0m
[0;32mI (324) adc: calibration scheme version is Line Fitting[0m
[0;32mI (324) adc: Calibration Success[0m
[0;32mI (324) main: current temp:50.00[0m
Guru Meditation Error: Core  1 panic'ed (IntegerDivideByZero). Exception was unhandled.

Core  1 register dump:
PC      : 0x400d54d5  PS      : 0x00060e30  A0      : 0x80086024  A1      : 0x3ffb6430  
A2      : 0x00000000  A3      : 0x00000000  A4      : 0x800867c9  A5      : 0x00060023  
A6      : 0x00000001  A7      : 0x0000000a  A8      : 0x0000063b  A9      : 0x00000000  
A10     : 0xd1b71759  A11     : 0x000006ef  A12     : 0x3ffb28c8  A13     : 0x3ffb64dc  
A14     : 0x3ffb2584  A15     : 0x3ffb5be4  SAR     : 0x00000020  EXCCAUSE: 0x00000006  
EXCVADDR: 0x00000000  LBEG    : 0x00000000  LEND    : 0x00000000  LCOUNT  : 0x00000000  


Backtrace: 0x400d54d2:0x3ffb6430 0x40086021:0x3ffb6450




ELF file SHA256: cd6ae45e81e8ef28

Rebooting...
ets Jul 29 2019 12:21:46

rst:0xc (SW_CPU_RESET),boot:0x3f (SPI_FAST_FLASH_BOOT)
configsip: 153911750, SPIWP:0xee
clk_drv:0x00,q_drv:0x00,d_drv:0x00,cs0_drv:0x00,hd_drv:0x00,wp_drv:0x00
mode:DIO, clock div:2
load:0x3fff0030,len:7172
load:0x40078000,len:15532
load:0x40080400,len:4
load:0x40080404,len:3904
entry 0x40080640
[0;32mI (30) boot: ESP-IDF v5.2 2nd stage bootloader[0m
[0;32mI (30) boot: compile time Apr  9 2025 14:4icore bootloader[0m
[0;32mI (34) boot: chip revision: v3.1[0m
[0;32mI (38) boot.esp32: SPI Speed      : 40MHz[0m
[0;32mI (42) boot.esp32: SPI Mode       : DIO[0m
[0;32mI (47) boot.esp32: SPI Flash Size : 2MB[0m
[0;32mI (52) boot: Enabling RNG early entropy source...[0m
[0;32mI (57) boot: Partition Table:[0m
[0;32mI (61) boot: ## Label            Usage          Type ST Offset   Length[0m
[0;32mI (68) boot:  0 nvs              WiFi data        01 02 00009000 00006000[0m
[0;32mI (75) boot:  1 phy_init         RF data          01 01 0000f000 00001000[0m
[0;32mI (83) boot:  2 factory          factory app      00 00 00010000 00100000[0m
[0;32mI (90) boot: End of partition table[0m
[0;32mI (94) esp_image: segment 0: paddr=00010020 vaddr=3f400020 size=0a274h ( 41588) map[0m
[0;32mI (117) esp_image: segment 1: paddr=0001a29c vaddr=3ff80000 size=00004h (     4) load[0m
[0;32mI (117) esp_image: segment 2: paddr=0001a2a8 vaddr=3ffb0000 size=0220ch (  8716) load[0m
[0;32mI (126) esp_image: segment 3: paddr=0001c4bc vaddr=40080000 size=03b5ch ( 15196) load[0m
[0;32mI (137) esp_image: segment 4: paddr=00020020 vaddr=400d0020 size=14fe8h ( 85992) map[0m
[0;32mI (169) esp_image: segment 5: paddr=00035010 vaddr=40083b5c size=08bc0h ( 35776) load[0m
[0;32mI (190) boot: Loaded app from partition at offset 0x10000[0m
[0;32mI (190) boot: Disabling RNG early entropy source...[0m
[0;32mI (201) cpu_start: Multicore app[0m
[0;32mI (210) cpu_start: Pro cpu start user code[0m
[0;32mI (210) cpu_start: cpu freq: 160000000 Hz[0m
[0;32mI (210) cpu_start: Application information:[0m
[0;32mI (213) cpu_start: Project name:     ntc[0m
[0;32mI (218) cpu_start: App version:      1[0m
[0;32mI (222) cpu_start: Compile time:     Apr  9 2025 14:47:55[0m
[0;32mI (228) cpu_start: ELF file SHA256:  cd6ae45e81e8ef28...[0m
[0;32mI (234) cpu_start: ESP-IDF:          v5.2[0m
[0;32mI (239) cpu_start: Min chip rev:     v0.0[0m
[0;32mI (244) cpu_start: Max chip rev:     v3.99 [0m
[0;32mI (249) cpu_start: Chip rev:         v3.1[0m
[0;32mI (254) heap_init: Initializing. RAM available for dynamic allocation:[0m
[0;32mI (261) heap_init: At 3FFAE6E0 len 00001920 (6 KiB): DRAM[0m
[0;32mI (267) heap_init: At 3FFB2B60 len 0002D4A0 (181 KiB): DRAM[0m
[0;32mI (273) heap_init: At 3FFE0440 len 00003AE0 (14 KiB): D/IRAM[0m
[0;32mI (279) heap_init: At 3FFE4350 len 0001BCB0 (111 KiB): D/IRAM[0m
[0;32mI (286) heap_init: At 4008C71C len 000138E4 (78 KiB): IRAM[0m
[0;32mI (293) spi_flash: detected chip: gd[0m
[0;32mI (296) spi_flash: flash io: dio[0m
[0;33mW (300) spi_flash: Detected size(8192k) larger than the size in the binary image header(2048k). Using the size in the binary image header.[0m
[0;32mI (314) main_task: Started on CPU0[0m
[0;32mI (324) main_task: Calling app_main()[0m
[0;32mI (324) adc: calibration scheme version is Line Fitting[0m
[0;32mI (324) adc: Calibration Success[0m
[0;32mI (324) main: current temp:50.00[0m
Guru Meditation Error: Core  1 panic'ed (IntegerDivideByZero). Exception was unhandled.

Core  1 register dump:
PC      : 0x400d54d5  PS      : 0x00060e30  A0      : 0x80086024  A1      : 0x3ffb6430  
A2      : 0x00000000  A3      : 0x00000000  A4      : 0x800867c9  A5      : 0x00060023  
A6      : 0x00000001  A7      : 0x0000000a  A8      : 0x0000063a  A9      : 0x00000000  
A10     : 0xd1b71759  A11     : 0x000006ed  A12     : 0x3ffb28c8  A13     : 0x3ffb64dc  
A14     : 0x3ffb2584  A15     : 0x3ffb5be4  SAR     : 0x00000020  EXCCAUSE: 0x00000006  
EXCVADDR: 0x00000000  LBEG    : 0x00000000  LEND    : 0x00000000  LCOUNT  : 0x00000000  


Backtrace: 0x400d54d2:0x3ffb6430 0x40086021:0x3ffb6450




ELF file SHA256: cd6ae45e81e8ef28

Rebooting...
ets Jul 29 2019 12:21:46

rst:0xc (SW_CPU_RESET),boot:0x3f (SPI_FAST_FLASH_BOOT)
configsip: 153911750, SPIWP:0xee
clk_drv:0x00,q_drv:0x00,d_drv:0x00,cs0_drv:0x00,hd_drv:0x00,wp_drv:0x00
mode:DIO, clock div:2
load:0x3fff0030,len:7172
load:0x40078000,len:15532
load:0x40080400,len:4
load:0x40080404,len:3904
entry 0x40080640
[0;32mI (30) boot: ESP-IDF v5.2 2nd stage bootloader[0m
[0;32mI (30) boot: compile time Apr  9 2025 14:48:32[0m
[0;32mI (30) boot: Multicore bootloader[0m
[0;32mI (34) boot: chip revision: v3.1[0m
[0;32mI (38) boot.esp32: SPI Speed      : 40MHz[0m
[0;32mI (42) boot.esp32: SPI Mode       : DIO[0m
[0;32mI (47) boot.esp32: SPI Flash Size : 2MB[0m
[0;32mI (52) boot: Enabling RNG early entropy source...[0m
[0;32mI (57) boot: Partition Table:[0m
[0;32mI (61) boot: ## Label            Usage          Type ST Offset   Length[0m
[0;32mI (68) boot:  0 nvs              WiFi data        01 02 00009000 00006000[0m
[0;32mI (75) boot:  1 phy_init         RF data          01 01 0000f000 00001000[0m
[0;32mI (83) boot:  2 factory          factory app      00 00 00010000 00100000[0m
[0;32mI (90) boot: End of partition table[0m
[0;32mI (94) esp_image: segment 0: paddr=00010020 vaddr=3f400020 size=0a274h ( 41588) map[0m
[0;32mI (117) esp_image: segment 1: paddr=0001a29c vaddr=3ff80000 size=00004h (     4) load[0m
[0;32mI (117) esp_image: segment 2: paddr=0001a2a8 vaddr=3ffb0000 size=0220ch (  8716) load[0m
[0;32mI (126) esp_image: segment 3: paddr=0001c4bc vaddr=40080000 size=03b5ch ( 15196) load[0m
[0;32mI (137) esp_image: segment 4: paddr=00020020 vaddr=400d0020 size=14fe8h ( 85992) map[0m
[0;32mI (169) esp_image: segment 5: paddr=00035010 vaddr=40083b5c size=08bc0h ( 35776) load[0m
[0;32mI (190) boot: Loaded app from partition at offset 0x10000[0m
[0;32mI (190) boot: Disabling RNG early entropy source...[0m
[0;32mI (201) cpu_start: Multicore app[0m
[0;32mI (210) cpu_start: Pro cpu start user code[0m
[0;32mI (210) cpu_start: cpu freq: 160000000 Hz[0m
[0;32mI (210) cpu_start: Application information:[0m
[0;32mI (213) cpu_start: Project name:     ntc[0m
[0;32mI (218) cpu_start: App version:      1[0m
[0;32mI (222) cpu_start: Compile time:     Apr  9 2025 14:47:55[0m
[0;32mI (228) cpu_start: ELF file SHA256:  cd6ae45e81e8ef28...[0m
[0;32mI (234) cpu_start: ESP-IDF:          v5.2[0m
[0;32mI (239) cpu_start: Min chip rev:     v0.0[0m
[0;32mI (244) cpu_start: Max chip rev:     v3.99 [0m
[0;32mI (249) cpu_start: Chip rev:         v3.1[0m
[0;32mI (254) heap_init: Initializing. RAM available for dynamic allocation:[0m
[0;32mI (261) heap_init: At 3FFAE6E0 len 00001920 (6 KiB): DRAM[0m
[0;32mI (267) heap_init: At 3FFB2B60 len 0002D4A0 (181 KiB): DRAM[0m
[0;32mI (273) heap_init: At 3FFE0440 len 00003AE0 (14 KiB): D/IRAM[0m
[0;32mI (279) heap_init: At 3FFE4350 len 0001BCB0 (111 KiB): D/IRAM[0m
[0;32mI (286) heap_init: At 4008C71C len 000138E4 (78 KiB): IRAM[0m
[0;32mI (293) spi_flash: detected chip: gd[0m
[0;32mI (296) spi_flash: flash io: dio[0m
[0;33mW (300) spi_flash: Detected size(8192k) larger than the size in the binary image header(2048k). Using the size in the binary image header.[0m
[0;32mI (314) main_task: Started on CPU0[0m
[0;32mI (324) main_task: Calling app_main()[0m
[0;32mI (324) adc: calibration scheme version is Line Fitting[0m
[0;32mI (324) adc: Calibration Success[0m
[0;32mI (324) main: current temp:50.00[0m
Guru Meditation Error: Core  1 panic'ed (IntegerDivideByZero). Exception was unhandled.

Core  1 register dump:
PC      : 0x400d54d5  PS      : 0x00060e30  A0      : 0x80086024  A1      : 0x3ffb6430  
A2      : 0x00000000  A3      : 0x00000000  A4      : 0x800867c9  A5      : 0x00060023  
A6      : 0x00000001  A7      : 0x0000000a  A8      : 0x00000638  A9      : 0x00000000  
A10     : 0xd1b71759  A11     : 0x000006e5  A12     : 0x3ffb28c8  A13     : 0x3ffb64dc  
A14     : 0x3ffb2584  A15     : 0x3ffb5be4  SAR     : 0x00000020  EXCCAUSE: 0x00000006  
EXCVADDR: 0x00000000  LBEG    : 0x00000000  LEND    : 0x00000000  LCOUNT  : 0x00000000  


Backtrace: 0x400d54d2:0x3ffb6430 0x40086021:0x3ffb6450




ELF file SHA256: cd6ae45e81e8ef28

Rebooting...
ets Jul 29 2019 12:21:46

rst:0xc (SW_CPU_RESET),boot:0x3f (SPI_FAST_FLASH_BOOT)
configsip: 153911750, SPIWP:0xee
clk_drv:0x00,q_drv:0x00,d_drv:0x00,cs0_drv:0x00,hd_drv:0x00,wp_drv:0x00
mode:DIO, clock div:2
load:0x3fff0030,len:7172
load:0x40078000,len:15532
load:0x40080400,len:4
load:0x40080404,len:3904
entry 0x40080640
[0;32mI (30) boot: ESP-IDF v5.2 2nd stage bootloader[0m
[0;32mI (30) boot: compile time Apr  9 2025 14:48:32[0m
[0;32mI (30) boot: Multicore bootloader[0m
[0;32mI (34) boot: chip revision: v3.1[0m
[0;32mI (38) boot.esp32: SPI Speed      : 40MHz[0m
[0;32mI (42) boot.esp32: SPI Mode       : DIO[0m
[0;32mI (47) boot.esp32: SPI Flash Size : 2MB[0m
[0;32mI (52) boot: Enabling RNG early entropy source...[0m
[0;32mI (57) boot: Partition Table:[0m
[0;32mI (61) boot: ## Label            Usage          Type ST Offset   Length[0m
[0;32mI (68) boot:  0 nvs              WiFi data        01 02 00009000 00006000[0m
[0;32mI (75) boot:  1 phy_init         RF data          01 01 0000f000 00001000[0m
[0;32mI (83) boot:  2 factory          factory app      00 00 00010000 00100000[0m
[0;32mI (90) boot: End of partition table[0m
[0;32mI (94) esp_image: segment 0: paddr=00010020 vaddr=3f400020 size=0a274h ( 41588) map[0m
[0;32mI (117) esp_image: segment 1: paddr=0001a29c vaddr=3ff80000 size=00004h (     4) load[0m
[0;32mI (117) esp_image: segment 2: paddr=0001a2a8 vaddr=3ffb0000 size=0220ch (  8716) load[0m
[0;32mI (126) esp_image: segment 3: paddr=0001c4bc vaddr=40080000 size=03b5ch ( 15196) load[0m
[0;32mI (137) esp_image: segment 4: paddr=00020020 vaddr=400d0020 size=14fe8h ( 85992) map[0m
[0;32mI (169) esp_image: segment 5: paddr=00035010 vaddr=40083b5c size=08bc0h ( 35776) load[0m
[0;32mI (190) boot: Loaded app from partition at offset 0x10000[0m
[0;32mI (190) boot: Disabling RNG early entropy source...[0m
[0;32mI (201) cpu_start: Multicore app[0m
[0;32mI (210) cpu_start: Pro cpu start user code[0m
[0;32mI (210) cpu_start: cpu freq: 160000000 Hz[0m
[0;32mI (210) cpu_start: Application information:[0m
[0;32mI (213) cpu_start: Project name:     ntc[0m
[0;32mI (218) cpu_start: App version:      1[0m
[0;32mI (222) cpu_start: Compile time:     Apr  9 2025 14:47:55[0m
[0;32mI (228) cpu_start: ELF file SHA256:  cd6ae45e81e8ef28...[0m
[0;32mI (234) cpu_start: ESP-IDF:          v5.2[0m
[0;32mI (239) cpu_start: Min chip rev:     v0.0[0m
[0;32mI (244) cpu_start: Max chip rev:     v3.99 [0m
[0;32mI (249) cpu_start: Chip rev:         v3.1[0m
[0;32mI (254) heap_init: Initializing. RAM available for dynamic allocation:[0m
[0;32mI (261) heap_init: At 3FFAE6E0 len 00001920 (6 KiB): DRAM[0m
[0;32mI (267) heap_init: At 3FFB2B60 len 0002D4A0 (181 KiB): DRAM[0m
[0;32mI (273) heap_init: At 3FFE0440 len 00003AE0 (14 KiB): D/IRAM[0m
[0;32mI (279) heap_init: At 3FFE4350 len 0001BCB0 (111 KiB): D/IRAM[0m
[0;32mI (286) heap_init: At 4008C71C len 000138E4 (78 KiB): IRAM[0m
[0;32mI (293) spi_flash: detected chip: gd[0m
[0;32mI (296) spi_flash: flash io: dio[0m
[0;33mW (300) spi_flash: Detected size(8192k) larger than the size in the binary image header(2048k). Using the size in the binary image header.[0m
[0;32mI (314) main_task: Started on CPU0[0m
[0;32mI (324) main_task: Calling app_main()[0m
[0;32mI (324) adc: calibration scheme version is Line Fitting[0m
[0;32mI (324) adc: Calibration Success[0m
[0;32mI (324) main: current temp:50.00[0m
Guru Meditation Error: Core  1 panic'ed (IntegerDivideByZero). Exception was unhandled.

Core  1 register dump:
PC      : 0x400d54d5  PS      : 0x00060e30  A0      : 0x80086024  A1      : 0x3ffb6430  
A2      : 0x00000000  A3      : 0x00000000  A4      : 0x800867c9  A5      : 0x00060023  
A6      : 0x00000001  A7      : 0x0000000a  A8      : 0x0000063b  A9      : 0x00000000  
A10     : 0xd1b71759  A11     : 0x000006e9  A12     : 0x3ffb28c8  A13     : 0x3ffb64dc  
A14     : 0x3ffb2584  A15     : 0x3ffb5be4  SAR     : 0x00000020  EXCCAUSE: 0x00000006  
EXCVADDR: 0x00000000  LBEG    : 0x00000000  LEND    : 0x00000000  LCOUNT  : 0x00000000  


Backtrace: 0x400d54d2:0x3ffb6430 0x40086021:0x3ffb6450




ELF file SHA256: cd6ae45e81e8ef28

Rebooting...
ets Jul 29 2019 12:21:46

rst:0xc (SW_CPU_RESET),boot:0x3f (SPI_FAST_FLASH_BOOT)
configsip: 153911750, SPIWP:0xee
clk_drv:0x00,q_drv:0x00,d_drv:0x00,cs0_drv:0x00,hd_drv:0x00,wp_drv:0x00
mode:DIO, clock div:2
load:0x3fff0030,len:7172
load:0x40078000,len:15532
load:0x40080400,len:4
load:0x40080404,len:3904
entry 0x40080640
[0;32mI (30) boot: ESP-IDF v5.2 2nd stage bootloader[0m
[0;32mI (30) boot: compile time Apr  9 2025 14:48:32[0m
[0;32mI (30) boot: Multicore bootloader[0m
[0;32mI (34) boot: chip revision: v3.1[0m
[0;32mI (38) boot.esp32: SPI Speed      : 40MHz[0m
[0;32mI (42) boot.esp32: SPI Mode       : DIO[0m
[0;32mI (47) boot.esp32: SPI Flash Size : 2MB[0m
[0;32mI (52) boot: Enabling RNG early entropy source...[0m
[0;32mI (57) boot: Partition Table:[0m
[0;32mI (61) boot: ## Label            Usage          Type ST Offset   Length[0m
[0;32mI (68) boot:  0 nvs              WiFi data        01 02 00009000 00006000[0m
[0;32mI (75) boot:  1 phy_init         RF data          01 01 0000f000 00001000[0m
[0;32mI (83) boot:  2 factory          factory app      00 00 00010000 00100000[0m
[0;32mI (90) boot: End of partition table[0m
[0;32mI (94) esp_image: segment 0: paddr=00010020 vaddr=3f400020 size=0a274h ( 41588) map[0m
[0;32mI (117) esp_image: segment 1: paddr=0001a29c vaddr=3ff80000 size=00004h (     4) load[0m
[0;32mI (117) esp_image: segment 2: paddr=0001a2a8 vaddr=3ffb0000 size=0220ch (  8716) load[0m
[0;32mI (126) esp_image: segment 3: paddr=0001c4bc vaddr=40080000 size=03b5ch ( 15196) load[0m
[0;32mI (137) esp_image: segment 4: paddr=00020020 vaddr=400d0020 size=14fe8h ( 85992) map[0m
[0;32mI (169) esp_image: segment 5: paddr=00035010 vaddr=40083b5c size=08bc0h ( 35776) load[0m
[0;32mI (190) boot: Loaded app from partition at offset 0x10000[0m
[0;32mI (190) boot: Disabling RNG early entropy source...[0m
[0;32mI (201) cpu_start: Multicore app[0m
[0;32mI (210) cpu_start: Pro cpu start user code[0m
[0;32mI (210) cpu_start: cpu freq: 160000000 Hz[0m
[0;32mI (210) cpu_start: Application information:[0m
[0;32mI (213) cpu_start: Project name:     ntc[0m
[0;32mI (218) cpu_start: App version:      1[0m
[0;32mI (222) cpu_start: Compile time:     Apr  9 2025 14:47:55[0m
[0;32mI (228) cpu_start: ELF file SHA256:  cd6ae45e81e8ef28...[0m
[0;32mI (234) cpu_start: ESP-IDF:          v5.2[0m
[0;32mI (239) cpu_start: Min chip rev:     v0.0[0m
[0;32mI (244) cpu_start: Max chip rev:     v3.99 [0m
[0;32mI (249) cpu_start: Chip rev:         v3.1[0m
[0;32mI (254) heap_init: Initializing. RAM available for dynamic allocation:[0m
[0;32mI (261) heap_init: At 3FFAE6E0 len 00001920 (6 KiB): DRAM[0m
[0;32mI (267) heap_init: At 3FFB2B60 len 0002D4A0 (181 KiB): DRAM[0m
[0;32mI (273) heap_init: At 3FFE0440 len 00003AE0 (14 KiB): D/IRAM[0m
[0;32mI (279) heap_init: At 3FFE4350 len 0001BCB0 (111 KiB): D/IRAM[0m
[0;32mI (286) heap_init: At 4008C71C len 000138E4 (78 KiB): IRAM[0m
[0;32mI (293) spi_flash: detected chip: gd[0m
[0;32mI (296) spi_flash: flash io: dio[0m
[0;33mW (300) spi_flash: Detected size(8192k) larger than the size in the binary image header(2048k). Using the size in the binary image header.[0m
[0;32mI (314) main_task: Started on CPU0[0m
[0;32mI (324) main_task: Calling app_main()[0m
[0;32mI (324) adc: calibration scheme version is Line Fitting[0m
[0;32mI (324) adc: Calibration Success[0m
[0;32mI (324) main: current temp:50.00[0m
Guru Meditation Error: Core  1 panic'ed (IntegerDivideByZero). Exception was unhandled.

Core  1 register dump:
PC      : 0x400d54d5  PS      : 0x00060e30  A0      : 0x80086024  A1      : 0x3ffb6430  
A2      : 0x00000000  A3      : 0x00000000  A4      : 0x800867c9  A5      : 0x00060023  
A6      : 0x00000001  A7      : 0x0000000a  A8      : 0x00000638  A9      : 0x00000000  
A10     : 0xd1b71759  A11     : 0x000006e7  A12     : 0x3ffb28c8  A13     : 0x3ffb64dc  
A14     : 0x3ffb2584  A15     : 0x3ffb5be4  SAR     : 0x00000020  EXCCAUSE: 0x00000006  
EXCVADDR: 0x00000000  LBEG    : 0x00000000  LEND    : 0x00000000  LCOUNT  : 0x00000000  


Backtrace: 0x400d54d2:0x3ffb6430 0x40086021:0x3ffb6450




ELF file SHA256: cd6ae45e81e8ef28

Rebooting...
ets Jul 29 2019 12:21:46

rst:0xc (SW_CPU_RESET),boot:0x3f (SPI_FAST_FLASH_BOOT)
configsip: 153911750, SPIWP:0xee
clk_drv:0x00,q_drv:0x00,d_drv:0x00,cs0_drv:0x00,hd_drv:0x00,wp_drv:0x00
mode:DIO, clock div:2
load:0x3fff0030,len:7172
load:0x40078000,len:15532
load:0x40080400,len:4
load:0x40080404,len:3904
entry 0x40080640
[0;32mI (30) boot: ESP-IDF v5.2 2nd stage bootloader[0m
[0;32mI (30) boot: compile time Apr  9 2025 14:4p revision: v3.1[0m
[0;32mI (38) boot.esp32: SPI Speed      : 40MHz[0m
[0;32mI (42) boot.esp32: SPI Mode       : DIO[0m
[0;32mI (47) boot.esp32: SPI Flash Size : 2MB[0m
[0;32mI (52) boot: Enabling RNG early entropy source...[0m
[0;32mI (57) boot: Partition Table:[0m
[0;32mI (61) boot: ## Label            Usage          Type ST Offset   Length[0m
[0;32mI (68) boot:  0 nvs              WiFi data        01 02 00009000 00006000[0m
[0;32mI (75) boot:  1 phy_init         RF data          01 01 0000f000 00001000[0m
[0;32mI (83) boot:  2 factory          factory app      00 00 00010000 00100000[0m
[0;32mI (90) boot: End of partition table[0m
[0;32mI (94) esp_image: segment 0: paddr=00010020 vaddr=3f400020 size=0a274h ( 41588) map[0m
[0;32mI (117) esp_image: segmen) load[0m
[0;32mI (117) esp_image: segment 2: paddr=0001a2a8 vaddr=3ffb0000 size=0220ch (  8716) load[0m
[0;32mI (126) esp_image: segment 3: paddr=0001c4bc vaddr=40080000 size=03b5ch ( 15196) load[0m
[0;32mI (137) esp_image: segment 4: paddr=00020020 vaddr=400d0020 size=14fe8h ( 85992) map[0m
[0;32mI (169) esp_image: segment 5: paddr=00035010 vaddr=40083b5c size=08bc0h ( 35776) load[0m
[0;32mI (190) boot: Loaded app from partition at offset 0x10000[0m
[0;32mI (190) boot: Disabling RNG early entropy source...[0m
[0;32mI (201) cpu_start: Multicore app[0m
[0;32mI (210) cpu_start: Pro cpu start user code[0m
[0;32mI (210) cpu_start: cpu freq: 160000000 Hz[0m
[0;32mI (210) cpu_start: Application information:[0m
[0;32mI (213) cpu_start: Project name:     ntc[0m
[0;32mI (218) cpu_start: App version:      1[0m
[0;32mI (222) cpu_start: Compile time:     Apr  9 2025 14:47:55[0m
[0;32mI (228) cpu_start: ELF file SHA256:  cd6ae45e81e8ef28...[0m
[0;32mI (234) cpu_start: ESP-IDF:          v5.2[0m
[0;32mI (239) cpu_start: Min chip rev:     v0.0[0m
[0;32mI (244) cpu_start: Max chip rev:     v3.99 [0m
[0;32mI (249) cpu_start: Chip rev:         v3.1[0m
[0;32mI (254) heap_init: Initializing. RAM available for dynamic allocation:[0m
[0;32mI (261) heap_init: At 3FFAE6E0 len 00001920 (6 KiB): DRAM[0m
[0;32mI (267) heap_init: At 3FFB2B60 len 0002D4A0 (181 KiB): DRAM[0m
[0;32mI (273) heap_init: At 3FFE0440 len 00003AE0 (14 KiB): D/IRAM[0m
[0;32mI (279) heap_init: At 3FFE4350 len 0001BCB0 (111 KiB): D/IRAM[0m
[0;32mI (286) heap_init: At 4008C71C len 000138E4 (78 KiB): IRAM[0m
[0;32mI (293) spi_flash: detected chip: gd[0m
[0;32mI (296) spi_flash: flash io: dio[0m
[0;33mW (300) spi_flash: Detected size(8192k) larger than the size in the binary image header(2048k). Using the size in the binary image header.[0m
[0;32mI (314) main_task: Started on CPU0[0m
[0;32mI (324) main_task: Calling app_main()[0m
[0;32mI (324) adc: calibration scheme version is Line Fitting[0m
[0;32mI (324) adc: Calibration Success[0m
[0;32mI (324) main: current temp:50.00[0m
Guru Meditation Error: Core  1 panic'ed (IntegerDivideByZero). Exception was unhandled.

Core  1 register dump:
PC      : 0x400d54d5  PS      : 0x00060e30  A0      : 0x80086024  A1      : 0x3ffb6430  
A2      : 0x00000000  A3      : 0x00000000  A4      : 0x800867c9  A5      : 0x00060023  
A6      : 0x00000001  A7      : 0x0000000a  A8      : 0x00000639  A9      : 0x00000000  
A10     : 0xd1b71759  A11     : 0x000006e6  A12     : 0x3ffb28c8  A13     : 0x3ffb64dc  
A14     : 0x3ffb2584  A15     : 0x3ffb5be4  SAR     : 0x00000020  EXCCAUSE: 0x00000006  
EXCVADDR: 0x00000000  LBEG    : 0x00000000  LEND    : 0x00000000  LCOUNT  : 0x00000000  


Backtrace: 0x400d54d2:0x3ffb6430 0x40086021:0x3ffb6450




ELF file SHA256: cd6ae45e81e8ef28

Rebooting...
ets Jul 29 2019 12:21:46

rst:0xc (SW_CPU_RESET),boot:0x3f (SPI_FAST_FLASH_BOOT)
configsip: 153911750, SPIWP:0xee
clk_drv:0x00,q_drv:0x00,d_drv:0x00,cs0_drv:0x00,hd_drv:0x00,wp_drv:0x00
mode:DIO, clock div:2
load:0x3fff0030,len:7172
load:0x40078000,len:15532
load:0x40080400,len:4
load:0x40080404,len:3904
entry 0x40080640
[0;32mI (30) boot: ESP-IDF v5.2 2nd stage bootloader[0m
[0;32mI (30) boot: compile time Apr  9 2025 14:48:32[0m
[0;32mI (30) boot: Multicore bootloader[0m
[0;32mI (34) boot: chip revision: v3.1[0m
[0;32mI (38) boot.esp32: SPI Speed      : 40MHz[0m
[0;32mI (42) boot.esp32: SPI Mode       : DIO[0m
[0;32mI (47) boot.esp32: SPI Flash Size : 2MB[0m
[0;32mI (52) boot: Enabling RNG early entropy source...[0m
[0;32mI (57) boot: Partition Table:[0m
[0;32mI (61) boot: ## Label            Usage          Type ST Offset   Length[0m
[0;32mI (68) boot:  0 nvs              WiFi data        01 02 00009000 00006000[0m
[0;32mI (75) boot:  1 phy_init         RF data          01 01 0000f000 00001000[0m
[0;32mI (83) boot:  2 factory          factory app      00 00 00010000 00100000[0m
[0;32mI (90) boot: End of partition table[0m
[0;32mI (94) esp_image: segment 0: paddr=00010020 vaddr=3f400020 size=0a274h ( 41588) map[0m
[0;32mI (117) esp_image: segment 1: paddr=0001a29c vaddr=3ff80000 size=00004h (     4) load[0m
[0;32mI (117) esp_image: segment 2: paddr=0001a2a8 vaddr=3ffb0000 size=0220ch (  8716) load[0m
[0;32mI (126) esp_image: segment 3: paddr=0001c4bc vaddr=40080000 size=03b5ch ( 15196) load[0m
[0;32mI (137) esp_image: segment 4: paddr=00020020 vaddr=400d0020 size=14fe8h ( 85992) map[0m
[0;32mI (169) esp_image: segment 5: paddr=00035010 vaddr=40083b5c size=08bc0h ( 35776) load[0m
[0;32mI (190) boot: Loaded app from partition at offset 0x10000[0m
[0;32mI (190) boot: Disabling RNG early entropy source...[0m
[0;32mI (201) cpu_start: Multicore app[0m
[0;32mI (210) cpu_start: Pro cpu start user code[0m
[0;32mI (210) cpu_start: cpu freq: 160000000 Hz[0m
[0;32mI (210) cpu_start: Application information:[0m
[0;32mI (213) cpu_start: Project name:     ntc[0m
[0;32mI (218) cpu_start: App version:      1[0m
[0;32mI (222) cpu_start: Compile time:     Apr  9 2025 14:47:55[0m
[0;32mI (228) cpu_start: ELF file SHA256:  cd6ae45e81e8ef28...[0m
[0;32mI (234) cpu_start: ESP-IDF:          v5.2[0m
[0;32mI (239) cpu_start: Min chip rev:     v0.0[0m
[0;32mI (244) cpu_start: Max chip rev:     v3.99 [0m
[0;32mI (249) cpu_start: Chip rev:         v3.1[0m
[0;32mI (254) heap_init: Initializing. RAM available for dynamic allocation:[0m
[0;32mI (261) heap_init: At 3FFAE6E0 len 00001920 (6 KiB): DRAM[0m
[0;32mI (267) heap_init: At 3FFB2B60 len 0002D4A0 (181 KiB): DRAM[0m
[0;32mI (273) heap_init: At 3FFE0440 len 00003AE0 (14 KiB): D/IRAM[0m
[0;32mI (279) heap_init: At 3FFE4350 len 0001BCB0 (111 KiB): D/IRAM[0m
[0;32mI (286) heap_init: At 4008C71C len 000138E4 (78 KiB): IRAM[0m
[0;32mI (293) spi_flash: detected chip: gd[0m
[0;32mI (296) spi_flash: flash io: dio[0m
[0;33mW (300) spi_flash: Detected size(8192k) larger than the size in the binary image header(2048k). Using the size in the binary image header.[0m
[0;32mI (314) main_task: Started on CPU0[0m
[0;32mI (324) main_task: Calling app_main()[0m
[0;32mI (324) adc: calibration scheme version is Line Fitting[0m
[0;32mI (324) adc: Calibration Success[0m
[0;32mI (324) main: current temp:50.00[0m
Guru Meditation Error: Core  1 panic'ed (IntegerDivideByZero). Exception was unhandled.

Core  1 register dump:
PC      : 0x400d54d5  PS      : 0x00060e30  A0      : 0x80086024  A1      : 0x3ffb6430  
A2      : 0x00000000  A3      : 0x00000000  A4      : 0x800867c9  A5      : 0x00060023  
A6      : 0x00000001  A7      : 0x0000000a  A8      : 0x00000639  A9      : 0x00000000  
A10     : 0xd1b71759  A11     : 0x000006ef  A12     : 0x3ffb28c8  A13     : 0x3ffb64dc  
A14     : 0x3ffb2584  A15     : 0x3ffb5be4  SAR     : 0x00000020  EXCCAUSE: 0x00000006  
EXCVADDR: 0x00000000  LBEG    : 0x00000000  LEND    : 0x00000000  LCOUNT  : 0x00000000  


Backtrace: 0x400d54d2:0x3ffb6430 0x40086021:0x3ffb6450




ELF file SHA256: cd6ae45e81e8ef28

Rebooting...
ets Jul 29 2019 12:21:46

rst:0xc (SW_CPU_RESET),boot:0x3f (SPI_FAST_FLASH_BOOT)
configsip: 153911750, SPIWP:0xee
clk_drv:0x00,q_drv:0x00,d_drv:0x00,cs0_drv:0x00,hd_drv:0x00,wp_drv:0x00
mode:DIO, clock div:2
load:0x3fff0030,len:7172
load:0x40078000,len:15532
load:0x40080400,len:4
load:0x40080404,len:3904
entry 0x40080640
[0;32mI (30) boot: ESP-IDF v5.2 2nd stage bootloader[0m
[0;32mI (30) boot: compile time Apr  9 2025 14:48:32[0m
[0;32mI (30) boot: Multicore bootloader[0m
[0;32mI (34) boot: chip revision: v3.1[0m
[0;32mI (38) boot.esp32: SPI Speed      : 40MHz[0m
[0;32mI (42) boot.esp32: SPI Mode       : DIO[0m
[0;32mI (47) boot.esp32: SPI Flash Size : 2MB[0m
[0;32mI (52) boot: Enabling RNG early entropy source...[0m
[0;32mI (57) boot: Partition Table:[0m
[0;32mI (61) boot: ## Label            Usage          Type ST Offset   Length[0m
[0;32mI (68) boot:  0 nvs              WiFi data        01 02 00009000 00006000[0m
[0;32mI (75) boot:  1 phy_init         RF data          01 01 0000f000 00001000[0m
[0;32mI (83) boot:  2 factory          factory app      00 00 00010000 00100000[0m
[0;32mI (90) boot: End of partition table[0m
[0;32mI (94) esp_image: segment 0: paddr=00010020 vaddr=3f400020 size=0a274h ( 41588) map[0m
[0;32mI (117) esp_image: segment 1: paddr=0001a29c vaddr=3ff80000 size=00004h (     4) load[0m
[0;32mI (117) esp_image: segment 2: paddr=0001a2a8 vaddr=3ffb0000 size=0220ch (  8716) load[0m
[0;32mI (126) esp_image: segment 3: paddr=0001c4bc vaddr=40080000 size=03b5ch ( 15196) load[0m
[0;32mI (137) esp_image: segment 4: paddr=00020020 vaddr=400d0020 size=14fe8h ( 85992) map[0m
[0;32mI (169) esp_image: segment 5: paddr=00035010 vaddr=40083b5c size=08bc0h ( 35776) load[0m
[0;32mI (190) boot: Loaded app from partition at offset 0x10000[0m
[0;32mI (190) boot: Disabling RNG early entropy source...[0m
[0;32mI (201) cpu_start: Multicore app[0m
[0;32mI (210) cpu_start: Pro cpu start user code[0m
[0;32mI (210) cpu_start: cpu freq: 160000000 Hz[0m
[0;32mI (210) cpu_start: Application information:[0m
[0;32mI (213) cpu_start: Project name:     ntc[0m
[0;32mI (218) cpu_start: App version:      1[0m
[0;32mI (222) cpu_start: Compile time:     Apr  9 2025 14:47:55[0m
[0;32mI (228) cpu_start: ELF file SHA256:  cd6ae45e81e8ef28...[0m
[0;32mI (234) cpu_start: ESP-IDF:          v5.2[0m
[0;32mI (239) cpu_start: Min chip rev:     v0.0[0m
[0;32mI (244) cpu_start: Max chip rev:     v3.99 [0m
[0;32mI (249) cpu_start: Chip rev:         v3.1[0m
[0;32mI (254) heap_init: Initializing. RAM available for dynamic allocation:[0m
[0;32mI (261) heap_init: At 3FFAE6E0 len 00001920 (6 KiB): DRAM[0m
[0;32mI (267) heap_init: At 3FFB2B60 len 0002D4A0 (181 KiB): DRAM[0m
[0;32mI (273) heap_init: At 3FFE0440 len 00003AE0 (14 KiB): D/IRAM[0m
[0;32mI (279) heap_init: At 3FFE4350 len 0001BCB0 (111 KiB): D/IRAM[0m
[0;32mI (286) heap_init: At 4008C71C len 000138E4 (78 KiB): IRAM[0m
[0;32mI (293) spi_flash: detected chip: gd[0m
[Detected size(8192k) larger than the size in the binary image header(2048k). Using the size in the binary image header.[0m
[0;32mI (314) main_task: Started on CPU0[0m
[0;32mI (324) main_task: Calling app_main()[0m
[0;32mI (324) adc: calibration scheme version is Line Fitting[0m
[0;32mI (324) adc: Calibration Success[0m
[0;32mI (324) main: current temp:50.00[0m
Guru Meditation Error: Core  1 panic'ed (IntegerDivideByZero). Exception was unhandled.

Core  1 register dump:
PC      : 0x400d54d5  PS      : 0x00060e30  A0      : 0x80086024  A1      : 0x3ffb6430  
A2      : 0x00000000  A3      : 0x00000000  A4      : 0x800867c9  A5      : 0x00060023  
A6      : 0x00000001  A7      : 0x0000000a  A8      : 0x00000638  A9      : 0x00000000  
A10     : 0xd1b71759  A11     : 0x000006ed  A12     : 0x3ffb28c8  A13     : 0x3ffb64dc  
A14     : 0x3ffb2584  A15     : 0x3ffb5be4  SAR     : 0x00000020  EXCCAUSE: 0x00000006  
EXCVADDR: 0x00000000  LBEG    : 0x00000000  LEND    : 0x00000000  LCOUNT  : 0x00000000  


Backtrace: 0x400d54d2:0x3ffb6430 0x40086021:0x3ffb6450




ELF file SHA256: cd6ae45e81e8ef28

Rebooting...
ets Jul 29 2019 12:21:46

rst:0xc (SW_CPU_RESET),boot:0x3f (SPI_FAST_FLASH_BOOT)
configsip: 153911750, SPIWP:0xee
clk_drv:0x00,q_drv:0x00,d_drv:0x00,cs0_drv:0x00,hd_drv:0x00,wp_drv:0x00
mode:DIO, clock div:2
load:0x3fff0030,len:7172
load:0x40078000,len:15532
load:0x40080400,len:4
load:0x40080404,len:3904
entry 0x40080640
[0;32mI (30) boot: ESP-IDF v5.2 2nd stage bootloader[0m
[0;32mI (30) boot: compile time Apr  9 2025 14:48:32[0m
[0;32mI (30) boot: Multicore bootloader[0m
[0;32mI (34) boot: chip revision: v3.1[0m
[0;32mI (38) boot.esp32: SPI Speed      : 40MHz[0m
[0;32mI (42) boot.esp32: SPI Mode       : DIO[0m
[0;32mI (47) boot.esp32: SPI Flash Size : 2MB[0m
[0;32mI (52) boot: Enabling RNG early entropy source...[0m
[0;32mI (57) boot: Partition Table:[0m
[0;32mI (61) boot: ## Label            Usage          Type ST Offset   Length[0m
[0;32mI (68) boot:  0 nvs              WiFi data        01 02 00009000 00006000[0m
[0;32mI (75) boot:  1 phy_init         RF data          01 01 0000f000 00001000[0m
[0;32mI (83) boot:  2 factory          factory app      00 00 00010000 00100000[0m
[0;32mI (90) boot: End of partition table[0m
[0;32mI (94) esp_image: segment 0: paddr=00010020 vaddr=3f400020 size=0a274h ( 41588) map[0m
[0;32mI (117) esp_image: segment 1: paddr=0001a29c vaddr=3ff80000 size=00004h (     4) load[0m
[0;32mI (117) esp_image: segment 2: paddr=0001a2a8 vaddr=3ffb0000 size=0220ch (  8716) load[0m
[0;32mI (126) esp_image: segment 3: paddr=0001c4bc vaddr=40080000 size=03b5ch ( 15196) load[0m
[0;32mI (137) esp_image: segment 4: paddr=00020020 vaddr=400d0020 size=14fe8h ( 85992) map[0m
[0;32mI (169) esp_image: segment 5: paddr=00035010 vaddr=40083b5c size=08bc0h ( 35776) load[0m
[0;32mI (190) boot: Loaded app from partition at offset 0x10000[0m
[0;32mI (190) boot: Disabling RNG early entropy source...[0m
[0;32mI (201) cpu_start: Multicore app[0m
[0;32mI (210) cpu_start: Pro cpu start user code[0m
[0;32mI (210) cpu_start: cpu freq: 160000000 Hz[0m
[0;32mI (210) cpu_start: Application information:[0m
[0;32mI (213) cpu_start: Project name:     ntc[0m
[0;32mI (218) cpu_start: App version:      1[0m
[0;32mI (222) cpu_start: Compile time:     Apr  9 2025 14:47:55[0m
[0;32mI (228) cpu_start: ELF file SHA256:  cd6ae45e81e8ef28...[0m
[0;32mI (234) cpu_start: ESP-IDF:          v5.2[0m
[0;32mI (239) cpu_start: Min chip rev:     v0.0[0m
[0;32mI (244) cpu_start: Max chip rev:     v3.99 [0m
[0;32mI (249) cpu_start: Chip rev:         v3.1[0m
[0;32mI (254) heap_init: Initializing. RAM available for dynamic allocation:[0m
[0;32mI (261) heap_init: At 3FFAE6E0 len 00001920 (6 KiB): DRAM[0m
[0;32mI (267) heap_init: At 3FFB2B60 len 0002D4A0 (181 KiB): DRAM[0m
[0;32mI (273) heap_init: At 3FFE0440 len 00003AE0 (14 KiB): D/IRAM[0m
[0;32mI (279) heap_init: At 3FFE4350 len 0001BCB0 (111 KiB): D/IRAM[0m
[0;32mI (286) heap_init: At 4008C71C len 000138E4 (78 KiB): IRAM[0m
[0;32mI (293) spi_flash: detected chip: gd[0m
[0;32mI (296) spi_flash: flash io: dio[0m
[0;33mW (300) spi_flash: Detected size(8192k) larger than the size in the binary image header(2048k). Using the size in the binary image header.[0m
[0;32mI (314) main_task: Started on CPU0[0m
[0;32mI (324) main_task: Calling app_main()[0m
[0;32mI (324) adc: calibration scheme version is Line Fitting[0m
[0;32mI (324) adc: Calibration Success[0m
[0;32mI (324) main: current temp:50.00[0m
Guru Meditation Error: Core  1 panic'ed (IntegerDivideByZero). Exception was unhandled.

Core  1 register dump:
PC      : 0x400d54d5  PS      : 0x00060e30  A0      : 0x80086024  A1      : 0x3ffb6430  
A2      : 0x00000000  A3      : 0x00000000  A4      : 0x800867c9  A5      : 0x00060023  
A6      : 0x00000001  A7      : 0x0000000a  A8      : 0x0000063a  A9      : 0x00000000  
A10     : 0xd1b71759  A11     : 0x000006f0  A12     : 0x3ffb28c8  A13     : 0x3ffb64dc  
A14     : 0x3ffb2584  A15     : 0x3ffb5be4  SAR     : 0x00000020  EXCCAUSE: 0x00000006  
EXCVADDR: 0x00000000  LBEG    : 0x00000000  LEND    : 0x00000000  LCOUNT  : 0x00000000  


Backtrace: 0x400d54d2:0x3ffb6430 0x40086021:0x3ffb6450




ELF file SHA256: cd6ae45e81e8ef28

Rebooting...
ets Jul 29 2019 12:21:46

rst:0xc (SW_CPU_RESET),boot:0x3f (SPI_FAST_FLASH_BOOT)
configsip: 153911750, SPIWP:0xee
clk_drv:0x00,q_drv:0x00,d_drv:0x00,cs0_drv:0x00,hd_drv:0x00,wp_drv:0x00
mode:DIO, clock div:2
load:0x3fff0030,len:7172
load:0x40078000,len:15532
load:0x40080400,len:4
load:0x40080404,len:3904
entry 0x40080640
[0;32mI (30) boot: ESP-IDF v5.2 2nd stage bootloader[0m
[0;32mI (30) boot: compile time Apr  9 2025 14:48:32[0m
[0;32mI (30) boot: MuI (38) boot.esp32: SPI Speed      : 40MHz[0m
[0;32mI (42) boot.esp32: SPI Mode       : DIO[0m
[0;32mI (47) boot.esp32: SPI Flash Size : 2MB[0m
[0;32mI (52) boot: Enabling RNG early entropy source...[0m
[0;32mI (57) boot: Partition Table:[0m
[0;32mI (61) boot: ## Label            Usage          Type ST Offset   Length[0m
[0;32mI (68) boot:  0 nvs              WiFi data        01 02 00009000 00006000[0m
[0;32mI (75) boot:  1 phy_init         RF data          01 01 0000f000 00001000[0m
[0;32mI (83) boot:  2 factory          factory app      00 00 00010000 00100000[0m
[0;32mI (90) boot: End of partition table[0m
[0;32mI (94) esp_image: segment 0: paddr=00010020 vaddr=3f400020 size=0a274h ( 41588) map[0m
[0;32mI (117) esp_image: segment 1: paddr=0001a29c vaddr=3ff80000 size=00004h (     4) load[0m
[0;32mI (117) esp_image: segment 2: paddr=0001a2a8 vaddr=3ffb0000 size=0220ch (  8716) load[0m
[0;32mI (126) esp_image: segment 3: paddr=0001c4bc vaddr=40080000 size=03b5ch ( 15196) load[0m
[0;32mI (137) esp_image: segment 4: paddr=00020020 vaddr=400d0020 size=14fe8h ( 85992) map[0m
[0;32mI (169) esp_image: segment 5: paddr=00035010 vaddr=40083b5c size=08bc0h ( 35776) load[0m
[0;32mI (190) boot: Loaded app from partition at offset 0x10000[0m
[0;32mI (190) boot: Disabling RNG early entropy source...[0m
[0;32mI (201) cpu_start: Multicore app[0m
[0;32mI (210) cpu_start: Pro cpu start user code[0m
[0;32mI (210) cpu_start: cpu freq: 160000000 Hz[0m
[0;32mI (210) cpu_start: Application information:[0m
[0;32mI (213) cpu_start: Project name:     ntc[0m
[0;32mI (218) cpu_start: App version:      1[0m
[0;32mI (222) cpu_start: Compile time:     Apr  9 2025 14:47:55[0m
[0;32mI (228) cpu_start: ELF file SHA256:  cd6ae45e81e8ef28...[0m
[0;32mI (234) cpu_start: ESP-IDF:          v5.2[0m
[0;32mI (239) cpu_start: Min chip rev:     v0.0[0m
[0;32mI (244) cpu_start: Max chip rev:     v3.99 [0m
[0;32mI (249) cpu_start: Chip rev:         v3.1[0m
[0;32mI (254) heap_init: Initializing. RAM available for dynamic allocation:[0m
[0;32mI (261) heap_init: At 3FFAE6E0 len 00001920 (6 KiB): DRAM[0m
[0;32mI (267) heap_init: At 3FFB2B60 len 0002D4A0 (181 KiB): DRAM[0m
[0;32mI (273) heap_init: At 3FFE0440 len 00003AE0 (14 KiB): D/IRAM[0m
[0;32mI (279) heap_init: At 3FFE4350 len 0001BCB0 (111 KiB): D/IRAM[0m
[0;32mI (286) heap_init: At 4008C71C len 000138E4 (78 KiB): IRAM[0m
[0;32mI (293) spi_flash: detected chip: gd[0m
[0;32mI (296) spi_flash: flash io: dio[0m
[0;33mW (300) spi_flash: Detected size(8192k) larger than the size in the binary image header(2048k). Using the size in the binary image header.[0m
[0;32mI (314) main_task: Started on CPU0[0m
[0;32mI (324) main_task: Calling app_main()[0m
[0;32mI (324) adc: calibration scheme version is Line Fitting[0m
[0;32mI (324) adc: Calibration Success[0m
[0;32mI (324) main: current temp:50.00[0m
Guru Meditation Error: Core  1 panic'ed (IntegerDivideByZero). Exception was unhandled.

Core  1 register dump:
PC      : 0x400d54d5  PS      : 0x00060e30  A0      : 0x80086024  A1      : 0x3ffb6430  
A2      : 0x00000000  A3      : 0x00000000  A4      : 0x800867c9  A5      : 0x00060023  
A6      : 0x00000001  A7      : 0x0000000a  A8      : 0x00000637  A9      : 0x00000000  
A10     : 0xd1b71759  A11     : 0x000006e5  A12     : 0x3ffb28c8  A13     : 0x3ffb64dc  
A14     : 0x3ffb2584  A15     : 0x3ffb5be4  SAR     : 0x00000020  EXCCAUSE: 0x00000006  
EXCVADDR: 0x00000000  LBEG    : 0x00000000  LEND    : 0x00000000  LCOUNT  : 0x00000000  


Backtrace: 0x400d54d2:0x3ffb6430 0x40086021:0x3ffb6450




ELF file SHA256: cd6ae45e81e8ef28

Rebooting...
ets Jul 29 2019 12:21:46

rst:0xc (SW_CPU_RESET),boot:0x3f (SPI_FAST_FLASH_BOOT)
configsip: 153911750, SPIWP:0xee
clk_drv:0x00,q_drv:0x00,d_drv:0x00,cs0_drv:0x00,hd_drv:0x00,wp_drv:0x00
mode:DIO, clock div:2
load:0x3fff0030,len:7172
load:0x40078000,len:15532
load:0x40080400,len:4
load:0x40080404,len:3904
entry 0x40080640
[0;32mI (30) boot: ESP-IDF v5.2 2nd stage bootloader[0m
[0;32mI (30) boot: compile time Apr  9 2025 14:48:32[0m
[0;32mI (30) boot: Multicore bootloader[0m
[0;32mI (34) boot: chip revision: v3.1[0m
[0;32mI (38) boot.esp32: SPI Speed      : 40MHz[0m
[0;32mI (42) boot.esp32: SPI Mode       : DIO[0m
[0;32mI (47) boot.esp32: SPI Flash Size : 2MB[0m
[0;32mI (52) boot: Enabling RNG early entropy source...[0m
[0;32mI (57) boot: Partition Table:[0m
[0;32mI (61) boot: ## Label            Usage          Type ST Offset   Length[0m
[0;32mI (68) boot:  0 nvs              WiFi data        01 02 00009000 00006000[0m
[0;32mI (75) boot:  1 phy_init         RF data          01 01 0000f000 00001000[0m
[0;32mI (83) boot:  2 factory          factory app      00 00 00010000 00100000[0m
[0;32mI (90) boot: End of partition table[0m
[0;32mI (94) esp_image: segment 0: paddr=00010020 vaddr=3f400020 size=0a274h ( 41588) map[0m
[0;32mI (117) esp_image: segment 1: paddr=0001a29c vaddr=3ff80000 size=00004h (     4) load[0m
[0;32mI (117) esp_image: segment 2: paddr=0001a2a8 vaddr=3ffb0000 size=0220ch (  8716) load[0m
[0;32mI (126) esp_image: segment 3: paddr=0001c4bc vaddr=40080000 size=03b5ch ( 15196) load[0m
[0;32mI (137) esp_image: segment 4: paddr=00020020 vaddr=400d0020 size=14fe8h ( 85992) map[0m
[0;32mI (169) esp_image: segment 5: paddr=00035010 vaddr=40083b5c size=08bc0h ( 35776) load[0m
[0;32mI (190) boot: Loaded app from partition at offset 0x10000[0m
[0;32mI (190) boot: Disabling RNG early entropy source...[0m
[0;32mI (201) cpu_start: Multicore app[0m
[0;32mI (210) cpu_start: Pro cpu start user code[0m
[0;32mI (210) cpu_start: cpu freq: 160000000 Hz[0m
[0;32mI (210) cpu_start: Application information:[0m
[0;32mI (213) cpu_start: Project name:     ntc[0m
[0;32mI (218) cpu_start: App version:      1[0m
[0;32mI (222) cpu_start: Compile time:     Apr  9 2025 14:47:55[0m
[0;32mI (228) cpu_start: ELF file SHA256:  cd6ae45e81e8ef28...[0m
[0;32mI (234) cpu_start: ESP-IDF:          v5.2[0m
[0;32mI (239) cpu_start: Min chip rev:     v0.0[0m
[0;32mI (244) cpu_start: Max chip rev:     v3.99 [0m
[0;32mI (249) cpu_start: Chip rev:         v3.1[0m
[0;32mI (254) heap_init: Initializing. RAM available for dynamic allocation:[0m
[0;32mI (261) heap_init: At 3FFAE6E0 len 00001920 (6 KiB): DRAM[0m
[0;32mI (267) heap_init: At 3FFB2B60 len 0002D4A0 (181 KiB): DRAM[0m
[0;32mI (273) heap_init: At 3FFE0440 len 00003AE0 (14 KiB): D/IRAM[0m
[0;32mI (279) heap_init: At 3FFE4350 len 0001BCB0 (111 KiB): D/IRAM[0m
[0;32mI (286) heap_init: At 4008C71C len 000138E4 (78 KiB): IRAM[0m
[0;32mI (293) spi_flash: detected chip: gd[0m
[0;32mI (296) spi_flash: flash io: dio[0m
[0;33mW (300) spi_flash: Detected size(8192k) larger than the size in the binary image header(2048k). Using the size in the binary image header.[0m
[0;32mI (314) main_task: Started on CPU0[0m
[0;32mI (324) main_task: Calling app_main()[0m
[0;32mI (324) adc: calibration scheme version is Line Fitting[0m
[0;32mI (324) adc: Calibration Success[0m
[0;32mI (324) main: current temp:50.00[0m
Guru Meditation Error: Core  1 panic'ed (IntegerDivideByZero). Exception was unhandled.

Core  1 register dump:
PC      : 0x400d54d5  PS      : 0x00060e30  A0      : 0x80086024  A1      : 0x3ffb6430  
A2      : 0x00000000  A3      : 0x00000000  A4      : 0x800867c9  A5      : 0x00060023  
A6      : 0x00000001  A7      : 0x0000000a  A8      : 0x0000063a  A9      : 0x00000000  
A10     : 0xd1b71759  A11     : 0x000006eb  A12     : 0x3ffb28c8  A13     : 0x3ffb64dc  
A14     : 0x3ffb2584  A15     : 0x3ffb5be4  SAR     : 0x00000020  EXCCAUSE: 0x00000006  
EXCVADDR: 0x00000000  LBEG    : 0x00000000  SPIWP:0xee
clk_drv:0x00,q_drv:0x00,d_drv:0x00,cs0_drv:0x00,hd_drv:0x00,wp_drv:0x00
mode:DIO, clock div:2
load:0x3fff0030,len:7172
load:0x40078000,len:15532
load:0x40080400,len:4
load:0x40080404,len:3904
entry 0x40080640
[0;32mI (30) boot: ESP-IDF v5.2 2nd stage bootloader[0m
[0;32mI (30) boot: compile time Apr  9 2025 14:48:32[0m
[0;32mI (30) boot: Multicore bootloader[0m
[0;32mI (34) boot: chip revision: v3.1[0m
[0;32mI (38) boot.esp32: SPI Speed      :MHz[0m
[0;32mI (42) boot.esp32: SPI Mode       : DIO[0m
[0;32mI (47) boot.esp32: SPI Flash Size : 2MB[0m
[0;32mI (52) boot: Enabling RNG early entropy source...[0m
[0;32mI (57) boo[0m
[0;32mI (61) boot: ## Label            Usage          Type ST Offset   Length[0m
[0;32mI (68) boot:  0 nvs              WiFi data        01 02 00009000 00006000[0m
[0;32mI (75) boot:  1 phy_init         RF data          01 01 0000f000 00001000[0m
[0;32mI (83) boot:  2 factory          factory app      00 00 00010000 00100000[0m
[0;[0m
[0;32mI (94) esp_image: segment 0: paddr=00010020 vaddr=3f400020 size=0a274h ( 41588) map[0m
[0;32mI (117) esp_image: segment 1: paddr=0001a29c vaddr=3ff80000 size=00004h (     4) load[0m
[0;32mI (117) esp_image: segment 2: paddr=0001a2a8 vaddr=3ffb0000 size=0220ch (  8716) load[r=0001c4bc vaddr=40080000 size=03b5ch ( 15196) load[0m
[0;32mI (137) esp_image: segment 4: paddr=00020020 vaddr=400d0020 size=14fe8h ( 85992) map[0m
[0;32mI (169) esp_image: segment 5: paddr=00035010 vaddr=40083b5c size=08bc0h ( 35776) load[0m
[0;32mI (190) boot: Loaded app from partition at offset 0x10000[0m
[0;32mI (190) boot: Disabling RNG early entropy source...[0m
[0;32mI (201) cpu_start: Multicore app[0m
[0;32mI (210) cpu_start: Pro cpu start user code[0m
[0;32mI (210) cpu_start: cpu freq: 160000000 Hz[0m
[0;32mI (210) cpu_start: Application information:[0m
[0;32mI (213) cpu_start: Project name:     ntc[0m
[0;32mI (218) cpu_start: App version:      1[0m
[0;32mI (222) cpu_start: Compile time:     Apr  9 2025 14:47:55[0m
[0;32mI (228) cpu_start: ELF file SHA256:  cd6ae45e81e8ef28...[0m
[0;32mI (234) cpu_start: ESP-IDF:          v5.2[0m
[0;32mI (239) cpu_start: Min chip rev:     v0.0[0m
[0;32mI (244) cpu_start: Max chip rev:     v3.99 [0m
[0;32mI (249) cpu_start: Chip rev:         v3.1[0m
[0;32mI (254) heap_init: Initializing. RAM available for dynamic allocation:[0m
[0;32mI (261) heap_init: At 3FFAE6E0 len 00001920 (6 KiB): DRAM[0m
[0;32mI (267) heap_init: At 3FFB2B60 len 0002D4A0 (181 KiB): DRAM[0m
[0;32mI (273) heap_init: At 3FFE0440 len 00003AE0 (14 KiB): D/IRAM[0m
[0;32mI (279) heap_init: At 3FFE4350 len 0001BCB0 (111 KiB): D/IRAM[0m
[0;32mI (286) heap_init: At 4008C71C len 000138E4 (78 KiB): IRAM[0m
[0;32mI (293) spi_flash: detected chip: gd[0m
[0;32mI (296) spi_flash: flash io: dio[0m
[0;33mW (300) spi_flash: Detected size(8192k) larger than the size in the binary image header(2048k). Using the size in the binary image header.[0m
[0;32mI (314) main_task: Started on CPU0[0m
[0;32mI (324) main_task: Calling app_main()[0m
[0;32mI (324) adc: calibration scheme version is Line Fitting[0m
[0;32mI (324) adc: Calibration Success[0m
[0;32mI (324) main: current temp:50.00[0m
Guru Meditation Error: Core  1 panic'ed (IntegerDivideByZero). Exception was unhandled.

Core  1 register dump:
PC      : 0x400d54d5  PS      : 0x00060e30  A0      : 0x80086024  A1      : 0x3ffb6430  
A2      : 0x00000000  A3      : 0x00000000  A4      : 0x800867c9  A5      : 0x00060023  
A6      : 0x00000001  A7      : 0x0000000a  A8      : 0x0000063a  A9      : 0x00000000  
A10     : 0xd1b71759  A11     : 0x000006e9  A12     : 0x3ffb28c8  A13     : 0x3ffb64dc  
A14     : 0x3ffb2584  A15     : 0x3ffb5be4  SAR     : 0x00000020  EXCCAUSE: 0x00000006  
EXCVADDR: 0x00000000  LBEG    : 0x00000000  LEND    : 0x00000000  LCOUNT  : 0x00000000  


Backtrace: 0x400d54d2:0x3ffb6430 0x40086021:0x3ffb6450




ELF file SHA256: cd6ae45e81e8ef28

Rebooting...
ets Jul 29 2019 12:21:46

rst:0xc (SW_CPU_RESET),boot:0x3f (SPI_FAST_FLASH_BOOT)
configsip: 153911750, SPIWP:0xee
clk_drv:0x00,q_drv:0x00,d_drv:0x00,cs0_drv:0x00,hd_drv:0x00,wp_drv:0x00
mode:DIO, clock div:2
load:0x3fff0030,len:7172
load:0x40078000,len:15532
load:0x40080400,len:4
load:0x40080404,len:3904
entry 0x40080640
[0;32mI (30) boot: ESP-IDF v5.2 2nd stage bootloader[0m
[0;32mI (30) boot: compile time Apr  9 2025 14:48:32[0m
[0;32mI (30) boot: Multicore bootloader[0m
[0;32mI (34) boot: chip revision: v3.1[0m
[0;32mI (38) boot.esp32: SPI Speed      : 40MHz[0m
[0;32mI (42) boot.esp32: SPI Mode       : DIO[0m
[0;32mI (47) boosp32: SPI Flash Size : 2MB[0m
[0;32mI (52) boot: Enabling RNG early entropy source...[0m
[0;32mI (57) boot: Partition Table:[0m
[0;32mI (61) boot: ## Label            Usage          Type ST Offset   Length[0m
[0;32mI (68) boot:  0 nvs              WiFi data        01 02 00009000 00006000[0m
[0;32mI (75) boot:  1 phy_init         RF data          01 01 0000f000 00001000[0m
[0;32mI (83) boot:  2 factory          factory app      00 00 00010000 00100000[0m
[0;32mI (90) boot: End of partition table[0m
[0;32mI (94) esp_image: segment 0: paddr=00010020 vaddr=3f400020 size=0a274h ( 41588) map[0m
[0;32mI (117) esp_image: segment 1: paddr=0001a29c vaddr=3ff80000 size=00004h (     4) load[0m
[0;32mI (117) esp_image: segment 2: paddr=0001a2a8 vaddr=3ffb0000 size=0220ch (  8716) load[0m
[0;32mI (126) esp_image: segment 3: paddr=0001c4bc vaddr=40080000 size=03b5ch ( 15196) load[0m
[0;32mI (137) esp_image: segment 4: paddr=00020020 vaddr=400d0020 size=14fe8h ( 85992) map[0m
[0;32mI (169) esp_image: segment 5: paddr=00035010 vaddr=40083b5c size=08bc0h ( 35776) load[0m
[0;32mI (190) boot: Loaded app from partition at offset 0x10000[0m
[0;32mI (190) boot: Disabling RNG early entropy source...[0m
[0;32mI (201) cpu_start: Multicore app[0m
[0;32mI (210) cpu_start: Pro cpu start user code[0m
[0;32mI 000 Hz[0m
[0;32mI (210) cpu_start: Application information:[0m
[0;32mI (213) cpu_start: Project name:     ntc[0m
[0;32mI (218) cpu_start: App version:      1[0m
[0;32mI (222) cpu_start: Compile time:     Apr  9 2025 14:47:55[0m
[0;32mI (228) cpu_start: ELF file SHA256:  cd6ae45e81e8ef28...[0m
[0;32mI (234) cpu_start: ESP-IDF:          v5.2[0m
[0;32mI (239) cpu_start: Min chip rev:     v0.0[0m
[0;32mI (244) cpu_start: Max chip rev:     v3.99 [0m
[0;32mI (249) cpu_start: Chip rev:         v3.1[0m
[0;32mI (254) heap_init: Initializing. RAM available for dynamic allocation:[0m
[0;32mI (261) heap_init: At 3FFAE6E0 len 00001920 (6 KiB): DRAM[0m
[0;32mI (267) heap_init: At 3FFB2B60 len 0002D4A0 (181 KiB): DRAM[0m
[0;32mI (273) heap_init: At 3FFE0440 len 00003AE0 (14 KiB): D/IRAM[0m
[0;32mI (279) heap_init: At 3FFE4350 len 0001BCB0 (111 KiB): D/IRAM[0m
[0;32mI (286) heap_init: At 4008C71C len 000138E4 (78 KiB): IRAM[0m
[0;32mI (293) spi_flash: detected chip: gd[0m
[0;32mI (296) spi_flash: flash io: dio[0m
[0;33mW (300) spi_flash: Detected size(8192k) larger than the size in the binary image header(2048k). Using the size in the binary image header.[0m
[0;32mI (314) main_task: Started on CPU0[0m
[0;32mI (324) main_task: Calling app_main()[0m
[0;32mI (324) adc: calibration scheme version is Line Fitting[0m
[0;32mI (324) adc: Calibration Success[0m
[0;32mI (324) main: current temp:50.00[0m
Guru Meditation Error: Core  1 panic'ed (IntegerDivideByZero). Exception was unhandled.

Core  1 register dump:
PC      : 0x400d54d5  PS      : 0x00060e30  A0      : 0x80086024  A1      : 0x3ffb6430  
A2      : 0x00000000  A3      : 0x00000000  A4      : 0x800867c9  A5      : 0x00060023  
A6      : 0x00000001  A7      : 0x0000000a  A8      : 0x00000637  A9      : 0x00000000  
A10     : 0xd1b71759  A11     : 0x000006df  A12     : 0x3ffb28c8  A13     : 0x3ffb64dc  
A14     : 0x3ffb2584  A15     : 0x3ffb5be4  SAR     : 0x00000020  EXC LEND    : 0x00000000  LCOUNT  : 0x00000000  


Backtrace: 0x400d54d2:0x3ffb6430 0x40086021:0x3ffb6450




ELF file SHA256: cd6ae45e81e8ef28

Rebooting...
ets Jul 29 2019 12:21:46

rst:0xc (SW_CPU_RESET),boot:0x3f (SPI_FAST_FLASH_BOOT)
configsip: 153911750, SPIWP:0xee
clk_drv:0x00,q_drv:0x00,d_drv:0x00,cs0_drv:0x00,hd_drv:0x00,wp_drv:0x00
mode:DIO, clock div:2
load:0x3fff0030,len:7172
load:0x40078000,len:15532
load:0x40080400,len:4
load:0x40080404,len:3904
entry 0x40080640
[0;32mI (30) boot: ESP-IDF v5.2 2nd stage bootloader[0m
[0;32mI (30) boot: compile time Apr  9 2025 14:48:32[0m
[0;32mI (30) boot: Multicore bootloader[0m
[0;32mI (34) boot: chip revision: v3.1[0m
[0;32mI (38) boot.esp32: SPI Speed      : 40MHz[0m
[0;32mI (42) boot.esp32: SPI Mode       : DIO[0m
[0;3[0;32mI (57) boot: Partition Table:[0m
[0;32mI (61) boot: ## Label            Usage          Type ST Offset   Length[0m
[0;32mI (68) boot:  0 nvs              WiFi data        01 02 00009000 00006000[0m
[0;32mI (75) boot:  1 phy_init         RF data          01 01 0000f000 00001000[0m
[0;32mI (83) boot:  20100000[0m
[0;32mI (90) boot: End of partition table[0m
[0;32mI (94) esp_image: segment 0: paddr=00010020 vaddr=3f400020 size=0a274h ( 41588) map[0m
[0;32mI (117) esp_image: segment 1: paddr=0001a29c vaddr=3ff80000 size=00004h (     4) load[0m
[0;32mI (117) esp_image: segment 2: paddr=0001a2a8 vaddr=3ffb0000 size=0220ch (  8716) load[0m
[0;32mI (126) esp_image: segment 3: paddr=0001c4bc vaddr=40080000 size=03b5ch ( 15196) load[0m
[0;32mI (137) esp_image: segment 4: paddr=00020020 vaddr=400d0020 size=14fe8h ( 85992) map[0m
[0;32mI (169) esp_image: segment 5: paddr=00035010 vaddr=40083b5c size=08bc0h ( 35776) load[0m
[0;32mI (190) boot: Loaded app from partition at offset 0x10000[0m
[0;32mI (190) boot: Disabling RNG early entropy source...[0m
[0;32mI (201) cpu_start: Multicore app[0m
[0;32mI (210) cpu_start: Pro cpu start user code[0m
[0;32mI (210) cpu_start: cpu freq: 160000000 Hz[0m
[0;32mI (210) cpu_start: Application information:[0m
[0;32mI (213) cpu_start: Project name:     ntc[0m
[0;32mI (218) cpu_start: App version:      1[0m
[0;32mI (222) cpu_start: Compile time:     Apr  9 2025 14:47:55[0m
[0;32mI (228) cpu_start: ELF file SHA256:  cd6ae45e81e8ef28...[0m
[0;32mI (234) cpu_start: ESP-IDF:          v5.2[0m
[0;32mI (239) cpu_start: Min chip rev:     v0.0[0m
[0;32mI (244) cpu_start: Max chip rev:     v3.99 [0m
[0;32mI (249) cpu_start: Chip rev:         v3.1[0m
[0;32mI (254) heap_init: Initializing. RAM available for dynamic allocation:[0m
[0;32mI (261) heap_init: At 3FFAE6E0 len 00001920 (6 KiB): DRAM[0m
[0;32mI (267) heap_init: At 3FFB2B60 len 0002D4A0 (181 KiB): DRAM[0m
[0;32mI (273) heap_init: At 3FFE0440 len 00003AE0 (14 KiB): D/IRAM[0m
[0;32mI (279) heap_init: At 3FFE4350 len 0001BCB0 (111 KiB): D/IRAM[0m
[0;32mI (286) heap_init: At 4008C71C len 000138E4 (78 KiB): IRAM[0m
[0;32mI (293) spi_flash: detected chip: gd[0m
[0;32mI (296) spi_flash: flash io: dio[0m
[0;33mW (300) spi_flash: Detected size(8192k) larger than the size in the binary image header(2048k). Using the size in the binary image header.[0m
[0;32mI (314) main_task: Started on CPU0[0m
[0;32mI (324) main_task: Calling app_main()[0m
[0;32mI (324) adc: calibration scheme version is Line Fitting[0m
[0;32mI (324) adc: Calibration Success[0m
[0;32mI (324) main: current temp:50.00[0m
Guru Meditation Error: Core  1 panic'ed (IntegerDivideByZero). Exception was unhandled.

Core  1 register dump:
PC      : 0x400d54d5  PS      : 0x00060e30  A0      : 0x80086024  A1      : 0x3ffb6430  
A2      : 0x00000000  A3      : 0x00000000  A4      : 0x800867c9  A5      : 0x00060023  
A6      : 0x00000001  A7      : 0x0000000a  A8      : 0x00000638  A9      : 0x00000000  
A10     : 0xd1b71759  A11     : 0x000006e7  A12     : 0x3ffb28c8  A13     : 0x3ffb64dc  
A14     : 0x3ffb2584  A15     : 0x3ffb5be4  SAR     : 0x00000020  EXCCAUSE: 0x00000006  
EXCVADDR: 0x00000000  LBEG    : 0x00000000  LEND    : 0x00000000  LCOUNT  : 0x00000000  


Backtrace: 0x400d54d2:0x3ffb6430 0x40086021:0x3ffb6450




ELF file SHA256: cd6ae45e81e8ef28

Rebooting...
ets Jul 29 2019 12:21:46

rst:0xc (SW_CPU_RESET),boot:0x3f (SPI_FAST_FLASH_BOOT)
configsip: 153911750, SPIWP:0xee
clk_drv:0x00,q_drv:0x00,d_drv:0x00,cs0_drv:0x00,hd_drv:0x00,wp_drv:0x00
mode:DIO, clock div:2
load:0x3fff0030,len:7172
load:0x40078000,len:15532
load:0x40080400,len:4
load:0x40080404,len:3904
entry 0x40080640
[0;32mI (30) boot: ESP-IDF v5.2 2nd stage bootloader[0m
[0;32mI (30) boot: compile time Apr  9 2025 14:48:32[0m
[0;32mI (30) boot: Multicore bootloader[0m
[0;32mI (34) boot: chip revision: v3.1[0m
[0;32mI (38) boot.esp32: SPI Speed      : 40MHz[0m
[0;32mI (42) boot.esp32: SPI Mode       : DIO[0m
[0;32mI (47) boot.esp32: SPI Flash Size : 2MB[0m
[0;32mI (52) boot: Enabling RNG early entropy source...[0m
[0;32mI (57) boot: Partition Table:[0m
[0;32mI (61) boot: ## Label            Usage          Type ST Offset   Length[0m
[0;32mI (68) boot:  0 nvs              WiFi data        01 02 00009000 00006000[0m
[0;32mI (75) boot:  1 phy_init         RF data          01 01 0000f000 00001000[0m
[0;32mI (83) boot:  2 factory          factory app      00 00 00010000 00100000[0m
[0;32mI (90) boot: End of partition table[0m
[0;32mI (94) esp_image: segment 0: paddr=00010020 vaddr=3f400020 size=0a274h ( 41588) map[0m
[0;32mI (117) esp_image: segment 1: paddr=0001a29c vaddr=3ff80000 size=00004h (     4) load[0m
[0;32mI (117) esp_image: segment 2: paddr=0001a2a8 vaddr=3ffb0000 size=0220ch (  8716) load[0m
[0;32mI (126) esp_image: segment 3: paddr=0001c4bc vaddr=40080000 size=03b5ch ( 15196) load[0m
[0;32mI (137) esp_image: segment 4: paddr=00020020 vaddr=400d0020 size=14fe8h ( 85992) map[0m
[0;32mI (169) esp_image: segment 5: paddr=00035010 vaddr=40083b5c size=08bc0h ( 35776) load[0m
[0;32mI (190) boot: Loaded app from partition at offset 0x10000[0m
[0;32mI (190) boot: Disabling RNG early entropy source...[0m
[0;32mI (201) cpu_start: Multicore app[0m
[0;32mI (210) cpu_start: Pro cpu start user code[0m
[0;32mI (210) cpu_start: cpu freq: 160000000 Hz[0m
[0;32mI (210) cpu_start: Application information:[0m
[0;32mI (213) cpu_start: Project name:     ntc[0m
[0;32mI (218) cpu_start: App version:      1[0m
[0;32mI (222) cpu_start: Compile time:     Apr  9 2025 14:47:55[0m
[0;32mI (228) cpu_start: ELF file SHA256:  cd6ae45e81e8ef28...[0m
[0;32mI (234) cpu_start: ESP-IDF:          v5.2[0m
[0;32mI (239) cpu_start: Min chip rev:     v0.0[0m
[0;32mI (244) cpu_start: Max chip rev:     v3.99 [0m
[0;32mI (249) cpu_start: Chip rev:         v3.1[0m
[0;32mI (254) heap_init: Initializing. RAM available for dynamic allocation:[0m
[0;32mI (261) heap_init: At 3FFAE6E0 len 00001920 (6 KiB): DRAM[0m
[0;32mI (267) heap_init: At 3FFB2B60 len 0002D4A0 (181 KiB): DRAM[0m
[0;32mI (273) heap_init: At 3FFE0440 len 00003AE0 (14 KiB): D/IRAM[0m
[0;32mI (279) heap_init: At 3FFE4350 len 0001BCB0 (111 KiB): D/IRAM[0m
[0;32mI (286) heap_init: At 4008C71C len 000138E4 (78 KiB): IRAM[0m
[0;32mI (293) spi_flash: detected chip: gd[0m
[0;32mI (296) spi_flash: flash io: dio[0m
[0;33mW (300) spi_flash: Detected size(8192k) larger than the size in the binary image header(2048k). Using the size in the binary image header.[0m
[0;32mI (314) main_task: Started on CPU0[0m
[0;32mI (324) main_task: Calling app_main()[0m
[0;32mI (324) adc: calibration scheme version is Line Fitting[0m
[0;32mI (324) adc: Calibration Success[0m
[0;32mI (324) main: current temp:50.00[0m
Guru Meditation Error: Core  1 panic'ed (IntegerDivideByZero). Exception was unhandled.

Core  1 register dump:
PC      : 0x400d54d5  PS      : 0x00060e30  A0      : 0x80086024  A1      : 0x3ffb6430  
A2      : 0x00000000  A3      : 0x00000000  A4      A7      : 0x0000000a  A8      :0000637  A9      : 0x00000000  
A10     : 0xd1b71759  A11     : 0x000006e3  A12     : 0x3ffb28c8  A13     : 0x3ffb64dc  
A14     : 0x3ffb2584  A15     : 0x3ffb5be4  SAR     : 0x00000020  EXCCAUSE: 0x00000006  
EXCVADDR: 0x00000000  LBEG    : 0x00000000  LEND    : 0x00000000  LCOUNT  : 0x00000000  


Backtrace: 0x400d54d2:0x3ffb6430 0x40086021:0x3ffb6450




ELF file SHA256: cd6ae45e81e8ef28

Rebooting...
ets Jul 29 2019 12:21:46

rst:0xc (SW_CPU_RESET),boot:0x3f (SPI_FAST_FLASH_BOOT)
configsip: 153911750, SPIWP:0xee
clk_drv:0x00,q_drv:0x00,d_drv:0x00,cs0_drv:0x00,hd_drv:0x00,wp_drv:0x00
mode:DIO, clock div:2
load:0x3fff0030,len:7172
load:0x40078000,len:15532
load:0x40080400,len:4
load:0x40080404,len:3904
entry 0x40080640
[0;32mI (30) boot: ESP-IDF v5.2 2nd stage bootloader[0m
[0;32mI (30) boot: compile time Apr  9 2025 14:48:32[0m
[0;32mI (30) boot: Multicore bootloader[0m
[0;32mI (34) boot: chip revision: v3.1[0m
[0;32mI (38) boot.esp32: SPI Speed      : 40MHz[0m
[0;32mI (42) boot.esp32: SPI Mode       : DIO[0m
[0;32mI (47) boot.esp32: SPI Flash Size : 2MB[0m
[0;32mI (52) boot: Enabling RNG early entropy source...[0m
[0;32mI (57) boot: Partition Table:[0m
[0;32mI (61) boot: ## Label            Usage          Type ST Offset   Length[0m
[0;32mI (68) boot:  0 nvs              WiFi data        01 02 00009000 00006000[0m
[0;32mI (75) boot:  1 phy_init         RF data          01 01 0000f000 00001000[0m
[0;32mI (83) boot:  2 factory          factory app      00 00 00010000 00100000[0m
[0;32mI (90) boot: End of partition table[0m
[0;32mI (94) esp_image: segment 0: paddr=00010020 vaddr=3f400020 size=0a274h ( 41588) map[0m
[0;32mI (117) esp_image: segment 1: paddr=0001a29c vaddr=3ff80000 size=00004h (     4) load[0m
[0;32mI (117) esp_image: segment 2: paddr=0001a2a8 vaddr=3ffb0000 size=0220ch (  8716) load[0m
[0;32mI (126) esp_image: segment 3: paddr=0001c4bc vaddr=40080000 size=03b5ch ( 15196) load[0m
[0;32mI (137) esp_image: segment 4: paddr=00020020 vaddr=400d0020 size=14fe8h ( 85992) map[0m
[0;32mI (169) esp_image: segment 5: paddr=00035010 vaddr=40083b5c size=08bc0h ( 35776) load[0m
[0;32mI (190) boot: Loaded app from partition at offset 0x10000[0m
[0;32mI (190) boot: Disabling RNG early entropy source...[0m
[0;32mI (201) cpu_start: Multicore app[0m
[0;32mI (210) cpu_start: Pro cpu start user code[0m
[0;32mI (210) cpu_start: cpu freq: 160000000 Hz[0m
[0;32mI (210) cpu_start: Application information:[0m
[0;32mI (213) cpu_start: Project name:     ntc[0m
[0;32mI (218) cpu_start: App version:      1[0m
[0;32mI (222) cpu_start: Compile time:     Apr  9 2025 14:47:55[0m
[0;32mI (228) cpu_start: ELF file SHA256:  cd6ae45e81e8ef28...[0m
[0;32mI (234) cpu_start: ESP-IDF:          v5.2[0m
[0;32mI (239) cpu_start: Min chip rev:     v0.0[0m
[0;32mI (244) cpu_start: Max chip rev:     v3.99 [0m
[0;32mI (249) cpu_start: Chip rev:         v3.1[0m
[0;32mI (254) heap_init: Initializing. RAM available for dynamic allocation:[0m
[0;32mI (261) heap_init: At 3FFAE6E0 len 00001920 (6 KiB): DRAM[0m
[0;32mI (267) heap_init: At 3FFB2B60 len 0002D4A0 (181 KiB): DRAM[0m
[0;32mI (273) heap_init: At 3FFE0440 len 00003AE0 (14 KiB): D/IRAM[0m
[0;32mI (279) heap_init: At 3FFE4350 len 0001BCB0 (111 KiB): D/IRAM[0m
[0;32mI (286) heap_init: At 4008C71C len 000138E4 (78 KiB): IRAM[0m
[0;32mI (293) spi_flash: detected chip: gd[0m
[0;32mI (296) spi_flash: flash io: dio[0m
[0;33mW (300) spi_flash: Detected size(8192k) larger than the size in the binary image header(2048k). Using the size in the binary image header.[0m
[0;32mI (314) main_task: Started on CPU0[0m
[0;32mI (324) main_task: Calling app_main()[0m
[0;32mI (324) adc: calibration scheme version is Line Fitting[0m
[0;32mI (324) adc: Calibration Success[0m
[0;32mI (324) main: current temp:50.00[0m
Guru Meditation Error: Core  1 panic'ed (IntegerDivideByZero). Exception was unhandled.

Core  1 register dump:
PC      : 0x400d54d5  PS      : 0x00060e30  A0      : 0x80086024  A1      : 0x3ffb6430  
A2      : 0x00000000  A3      : 0x00000000  A4      : 0x800867c9  A5      : 0x00060023  
A6      : 0x00000001  A7      : 0x0000000a  A8      : 0x00000638  A9      : 0x00000000  
A10     : 0xd1b71759  A11     : 0x000006e4  A12     : 0x3ffb28c8  A13     : 0x3ffb64dc  
A14     : 0x3ffb2584  A15     : 0x3ffb5be4  SAR     : 0x00000020  EXCCAUSE: 0x00000006  
EXCVADDR: 0x00000000  LBEG    : 0x00000000  LEND    : 0x00000000  LCOUNT  : 0x00000000  


Backtrace: 0x400d54d2:0x3ffb6430 0x40086021:0x3ffb6450




ELF file SHA256: cd6ae45e81e8ef28

Rebooting...
ets Jul 29 2019 12:21:46

rst:0xc (SW_CPU_RESET),boot:0x3f (SPI_FAST_FLASH_BOOT)
configsip: 153911750, SPIWP:0xee
clk_drv:0x00,q_drv:0x00,d_drv:0x00,cs0_drv:0x00,hd_drv:0x00,wp_drv:0x00
mode:DIO, clock div:2
load:0x3fff0030,len:7172
load:0x40078000,len:15532
load:0x40080400,len:4
load:0x40080404,len:3904
entry 0x40080640
[0;32mI (30) boot: ESP-IDF v5.2 2nd stage bootloader[0m
[0;32mI (30) boot: compile time Apr  9 2025 14:48:32[0m
[0;32mI (30) boot: Multicore bootloader[0m
[0;32mI (34) boot: chip revision: v3.1[0m
[0;32mI (38) boot.esp32: SPI Speed      : 40MHz[0m
[0;32mI (42) boot.esp32: SPI Mode       : DIO[0m
[0;32mI (47) boot.esp32: SPI Flash Size : 2MB[0m
[0;32mI (52) boot: Enabling RNG early entropy source...[0m
[0;32mI (57) boot: Partition Table:[0m
[0;32mI (61) boot: ## Label            Usage          Type ST Offset   Length[0m
[0;32mI (68) boot:  0 nvs              WiFi data        01 02 00009000 00006000[0m
[0;32mI (75) boot:  1 phy_init         RF data          01 01 0000f000 00001000[0m
[0;32mI (83) boot:  2 factory          factory app      00 00 00010000 00100000[0m
[0;32mI (90) boot: End of partition table[0m
[0;32mI (94) esp_image: segment 0: paddr=00010020 vaddr=3f400020 size=0a274h ( 41588) map[0m
[0;32mI (117) esp_image: segment 1: paddr=0001a29c vaddr=3ff80000 size=00004h (     4) load[0m
[0;32mI (117) esp_image: segment 2: paddr=0001a2a8 vaddr=3ffb0000 size=0220ch (  8716) load[0m
[0;32mI (126) esp_image: segment 3: paddr=0001c4bc vaddr=40080000 size=03b5ch ( 15196) load[0m
[0;32mI (137) esp_image: segment 4: paddr=00020020 vaddr=400d0020 size=14fe8h ( 85992) map[0m
[0;32mI (169) esp_image: segment 5: paddr=00035010 vaddr=40083b5c size=08bc0h ( 35776) load[0m
[0;32mI (190) boot: Loaded app from partition at offset 0x10000[0m
[0;32mI (190) boot: Disabling RNG early entropy source...[0m
[0;32mI (201) cpu_start: Multicore app[0m
[0;32mI (210) cpu_start: Pro cpu start user code[0m
[0;32mI (210) cpu_start: cpu freq: 160000000 Hz[0m
[0;32mI (210) cpu_start: Application information:[0m
[0;32mI (213) cpu_start: Project name:     ntc[0m
[0;32mI (218) cpu_start: App version:      1[0m
[0;32mI (222) cpu_start: Compile time:     Apr  9 2025 14:47:55[0m
[0;32mI (228) cpu_start: ELF file SHA256:  cd6ae45e81e8ef28...[0m
[0;32mI (234) cpu_start: ESP-IDF:          v5.2[0m
[0;32mI (239) cpu_start: Min chip rev:     v0.0[0m
[0;32mI (244) cpu_start: Max chip rev:     v3.99 [0m
[0;32mI (249) cpu_start: Chip rev:         v3.1[0m
[0;32mI (254) heap_init: Initializing. RAM available for dynamic allocation:[0m
[0;32mI (261) heap_init: At 3FFAE6E0 len 00001920 (6 KiB): DRAM[0m
[0;32mI (267) heap_init: At 3FFB2B60 len 0002D4A0 (181 KiB): DRAM[0m
[0;32mI (273) heap_init: At 3FFE0440 len 00003AE0 (14 KiB): D/IRAM[0m
[0;32mI (279) heap_init: At 3FFE4350 len 0001BCB0 (111 KiB): D/IRAM[0m
[0;32mI (286) heap_init: At 4008C71C len 000138E4 (78 KiB): IRAM[0m
[0;32mI (293) spi_flash: detected chip: gd[0m
[0;32mI (296) spi_flash: flash io: dio[0m
[0;33mW (300) spi_flash: Detected size(8192k) larger than the size in the binary image header(2048k). Using the size in the binary image header.[0m
[0;32mI (314) main_task: Started on CPU0[0m
[0;32mI (324) main_task: Calling app_main()[0m
[0;32mI (324) adc: calibration scheme version is Line Fitting[0m
[0;32mI (324) adc: Calibration Success[0m
[0;32mI (324) main: current temp:50.00[0m
Guru Meditation Error: Core  1 panic'ed (IntegerDivideByZero). Exception was unhandled.

Core  1 register dump:
PC      : 0x400d54d5  PS      : 0x00060e30  A0      : 0x80086024  A1      : 0x3ffb6430  
A2      : 0x00000000  A3      : 0x00000000  A4      : 0x800867c9  A5      : 0x00060023  
A6      : 0x00000001  A7      : 0x0000000a  A8      : 0x00000637  A9      : 0x00000000  
A10     : 0xd1b71759  A11     : 0x000006e9  A12     : 0x3ffb28c8  A13     : 0x3ffb64dc  
A14     : 0x3ffb2584  A15     : 0x3ffb5be4  SAR     : 0x00000020  EXCCAUSE: 0x00000006  
EXCVADDR: 0x00000000  LBEG    : 0x00000000  LEND    : 0x00000000  LCOUNT  : 0x00000000  


Backtrace: 0x400d54d2:0x3ffb6430 0x40086021:0x3ffb6450




ELF file SHA256: cd6ae45e81e8ef28

Rebooting...
ets Jul 29 2019 12:21:46

rst:0xc (SW_CPU_RESET),boot:0x3f (SPI_FAST_FLASH_BOOT)
configsip: 153911750, SPIWP:0xee
clk_drv:0x00,q_drv:0x00,d_drv:0x00,cs0_drv:0x00,hd_drv:0x00,wp_drv:0x00
mode:DIO, clock div:2
load:0x3fff0030,len:7172
load:0x40078000,len:15532
load:0x40080400,len:4
load:0x40080404,len:3904
entry 0x40080640
[0;32mI (30) boot: ESP-IDF v5.2 2nd stage bootloader[0m
[0;32mI (30) boot: compile time Apr  9 2025 14:48:32[0m
[0;32mI (30) boot: Multicore bootloader[0m
[0;32mI (34) boot: chip revision: v3.1[0m
[0;32mI (38) boot.esp32: SPI Speed      : 40MHz[0m
[0;32mI (42) boot.esp32: SPI Mode       : DIO[0m
[0;32mI (52) boot: Enabling RNG early entropy source...[0m
[0;32me          Type ST Offset   Length[0m
[0;32mI (68) boot:  0 nvs              WiFi data        01 02 00009000 00006000[0m
[0;32mI (75) boot:  1 phy_init         RF data          01 01 0000f000 00001000[0m
[0;32mI (83) boot:  2 factory          factory app      00 00 00010000 00100000[0m
[0;32mI (90) boot: End of partition table[0m
[0;32mI (94) esp_image: segment 0: paddr=00010020 vaddr=3f400020 size=0a274h ( 41588) map[0m
[0;32mI (117) esp_image: segment 1: paddr=0001a29c vaddr=3ff80000 size=00004h (     4) load[0m
[0;32mI (117) esp_image: segment 2: paddr=0001a2a8 vaddr=3ffb0000 size=0220ch (  8716) load[0m
[0;32mI (126) esp_image: segment 3: paddr=0001c4bc vaddr=40080000 size=03b5ch ( 15196) load[0m
[0;32mI (137) esp_image: segment 4: paddr=00020020 vaddr=400d0020 size=14fe8h ( 85992) map[0m
[0;32mI (169) esp_image: segment 5: paddr=00035010 vaddr=40083b5c size=08bc0h ( 35776) load[0m
[0;32mI (190) boot: Loaded app from partition at offset 0x10000[0m
[0;32mI (190) boot: Disabling RNG early entropy source...
[0;32mI (201) cpu_start: Multicore app[0m
[0;32mI (210) cpu_start: Pro cpu start user code[0m
[0;32mI (210) cpu_start: cpu freq: 160000000 Hz[0m
[0;32mI (210) cpu_start: Application information:[0m
[0;32mI (213) cpu_start: Project name:     ntc[0m
[0;32mI (218) cpu_start: App version:      1[0m
[0;32mI (222) cpu_start: Compile time:     Apr  9 2025 14:47:55[0m
[0;32mI (228) cpu_start: ELF file SHA256:  cd6ae45e81e8ef28...[0m
[0;32mI (234) cpu_start: ESP-IDF:          v5.2[0m
[0;32mI (239) cpu_start: Min chip rev:     v0.0[0m
[0;32mI (244) cpu_start: Max chip rev:     v3.99 [0m
[0;32mI (249) cpu_start: Chip rev:         v3.1[0m
[0;32mI (254) heap_init: Initializing. RAM available for dynamic allocation:[0m
[0;32mI (261) heap_init: At 3FFAE6E0 len 00001920 (6 KiB): DRAM[0m
[0;32mI (267) heap_init: At 3FFB2B60 len 0002D4A0 (181 KiB): DRAM[0m
[0;32mI (273) heap_init: At 3FFE0440 len 00003AE0 (14 KiB): D/IRAM[0m
[0;32mI (279) heap_init: At 3FFE4350 len 0001BCB0 (111 KiB): D/IRAM[0m
[0;32mI (286) heap_init: At 4008C71C len 000138E4 (78 KiB): IRAM[0m
[0;32mI (293) spi_flash: detected chip: gd[0m
[0;32mI (296) spi_flash: flash io: dio[0m
[0;33mW (300) spi_flash: Detected size(8192k) larger than the size in the binary image header(2048k). Using the size in the binary image header.[0m
[0;32mI (314) main_task: Started on CPU0[0m
[0;32mI (324) main_task: Calling app_main()[0m
[0;32mI (324) adc: calibration scheme version is Line Fitting[0m
[0;32mI (324) adc: Calibration Success[0m
[0;32mI (324) main: current temp:50.00[0m
Guru Meditation Error: Core  1 panic'ed (IntegerDivideByZero). Exception was unhandled.

Core  1 register dump:
PC      : 0x400d54d5  PS      : 0x00060e30  A0      : 0x80086024  A1      : 0x3ffb6430  
