6E0 len 00001920 (6 KiB): DRAM[0m
[0;32mI (260) heap_init: At �ets Jul 29 2019 12:21:46

rst:0x1 (POWERON_RESET),boot:0x3f (SPI_FAST_FLASH_BOOT)
configsip: 153911750, SPIWP:0xee
clk_drv:0x00,q_drv:0x00,d_drv:0x00,cs0_drv:0x00,hd_drv:0x00,wp_drv:0x00
mode:DIO, clock div:2
load:0x3fff0030,len:7172
load:0x40078000ot: ESP-IDF v5.2 2nd stage bootloader[0m
[0;32mI (30) boot: compile time May 11 2025 02:52:55[0m
[0;32mI (30) boot: Multicore bootloader[0m
[0;32mI (34) boot: chip revision: v3.1[0m
[0;32mI (38) boot.esp32: SPI Speed      : 40MHz[0m
[0;32mI (43) boot.esp32: SPI Mode       : DIO[0m
[0;32mI (47) boot.esp32: SPI Flash Size : 2MB[0m
[0;32mI (52) boot: Enabling RNG early entropy source...[0m
[0;32mI (57) boot: Partition Table:[0m
[0;32mI (61) boot: ## Label            Usage          Type ST Offset   Length[0m
[0;32mI (68) boot:  0 nvs              WiFi data        01 02 00009000 00006000[0m
[0;32mI (75) boot:  1 phy_init         RF data          01 01 0000f000 00001000[0m
[0;32mI (83) boot:  2 factory          factory app      00 00 00010000 00100000[0m
[0;32mI (90) boot: End of partition table[0m
[0;32mI (94) esp_image: segment 0: paddr=00010020 vaddr=3f400020 size=0a88ch ( 43148) map[0m
[0;32mI (118) esp_image: segment 1: paddr=0001a8b4 vaddr=3ffb0000 size=02254h (  8788) load[0m
[0;32mI (121) esp_image: segment 2: paddr=0001cb10 vaddr=40080000 size=03508h ( 13576) load[0m
[0;32mI (129) esp_image: segment 3: paddr=00020020 vaddr=400d0020 size=154f4h ( 87284) map[0m
[0;32mI (162) esp_image: segment 4: paddr=0003551c vaddr=40083508 size=09524h ( 38180) load[0m
[0;32mI (184) boot: Loaded app ;32mI (184) boot: Disabling RNG early entropy source...[0m
[0;32mI (195) cpu_start: Multicore app[0m
[0;32mI (204) cpu_start: Pro cpu start user code[0m
[0;32mI (204) cpu_start: cpu freq: 160000000 Hz[0m
[0;32mI (204) cpu_start: Application information:[0m
[0;32mI (207) cpu_start: Project name:     sr04[0m
[0;32mI (212) cpu_start: App version:      1[0m
[0;32mI (216) cpu_start: Compile time:     May 11 2025 02:52:14[0m
[0;32mI (222) cpu_start: ELF file SHA256:  07eedc4151653df8...[0m
[0;32mI (228) cpu_start: ESP-IDF:          v5.2[0m
[0;32mI (233) cpu_start: Min chip rev:     v0.0[0m
[0;32mI (237) cpu_start: Max chip rev:     v3.99 [0m
[0;32mI (242) cpu_start: Chip rev:         v3.1[0m
[0;32mI (247) heap_init: Initializing. RAM available for dynamic allocation:[0m
[0;32mI (254) heap_init: At 3FFAE6E0 len 00001920 (6 KiB): DRAM[0m
[0;32mI (260) heap_init: At 3FFB2B38 len 0002D4C8 (181 KiB): DRAM[0m
[0;32mI (267) heap_init: At 3FFE0440 len 00003AE0 (14 KiB): D/IRAM[0m
[0;32mI (273) heap_init: At 3FFE4350 len 0001BCB0 (111 KiB): D/IRAM[0m
[0;32mI (279) heap_init: At 4008CA2C len 000135D4 (77 KiB): IRAM[0m
[0;32mI (287) spi_flash: detected chip: gd[0m
[0;32mI (290) spi_flash: flash io: dio[0m
[0;33mW (294) spi_flash: Detected size(8192k) larger than the size in the binary image header(2048k). Using the size in the binary image header.[0m
[0;32mI (307) main_task: Started on CPU0[0m
[0;32mI (317) main_task: Calling app_main()[0m
[0;32mI (317) gpio: GPIO[33]| InputEn: 1| OutputEn: 0| OpenDrain: 0| Pullup: 1| Pulldown: 0| Intr:0 [0m
[0;32mI (367) main: diatance is 816.91[0m
[0;32mI (2367) main: can't wait diatance[0m
[0;32mI (2407) main: diatance is 817.00[0m
[0;32mI (4417) main: can't wait diatance[0m
[0;32mI (4457) main: diatance is 816.85[0m
[0;32mI (6467) main: can't wait diatance[0m
[0;32mI (6507) main: diatance is 817.06[0m
[0;32mI (8517) main: can't wait diatance[0m
[0;32mI (8557) main: diatance is 816.91[0m
[0;32mI (10567) main: can't wait diatance[0m
[0;32mI (10607) main: diatance is 817.01[0m
[0;32mI (12617) main: can't wait diatance[0m
[0;32mI (12657) main: diatance is 816.95[0m
[0;32mI (14667) main: can't wait diatance[0m
[0;32mI (14667) main: diatance is 41.74[0m
[0;32mI (16667) main: can't wait diatance[0m
[0;32mI (16667) main: diatance is 43.60[0m
[0;32mI (18667) main: can't wait diatance[0m
[0;32mI (18667) main: diatance is 42.22[0m
[0;32mI (20667) main: can't wait diatance[0m
[0;32mI (20667) main: diatance is 41.05[0m
[0;32mI (22667) main: can't wait diatance[0m
[0;32mI (22667) main: diatance is 40.34[0m
[0;32mI (24667) main: can't wait diatance[0m
[0;32mI (24707) main: diatance is 816.96[0m
[0;32mI (26717) main: can't wait diatance[0m
[0;32mI (26757) main: diatance is 816.85[0m
[0;32mI (28767) main: can't wait diatance[0m
[0;32mI (28807) main: diatance is 817.10[0m
[0;32mI (30817) main: can't wait diatance[0m
[0;32mI (30817) main: diatance is 5.54[0m
[0;32mI (32817) main: can't wait diatance[0m
[0;32mI (32817) main: diatance is 4.25[0m
[0;32mI (34817) main: can't wait diatance[0m
[0;32mI (34817) main: diatance is 4.26[0m
[0;32mI (36817) main: can't wait diatance[0m
[0;32mI (36857) main: diatance is 817.09[0m
[0;32mI (38867) main: can't wait diatance[0m
[0;32mI (38867) main: diatance is 9.79[0m
[0;32mI (40867) main: can't wait diatance[0m
[0;32mI (40907) main: diatance is 817.06[0m
[0;32mI (42917) main: can't wait diatance[0m
[0;32mI (42917) main: diatance is 69.18[0m
[0;32mI (44917) main: can't wait diatance[0m
[0;32mI (44917) main: diatance is 59.21[0m
[0;32mI (46917) main: can't wait diatance[0m
[0;32mI (46917) main: diatance is 9.12[0m
[0;32mI (48917) main: can't wait diatance[0m
[0;32mI (48917) main: diatance is 9.12[0m
[0;32mI (50917) main: can't wait diatance[0m
[0;32mI (50917) main: diatance is 8.11[0m
[0;32mI (52917) main: can't wait diatance[0m
[0;32mI (52957) main: diatance is 817.00[0m
[0;32mI (54967) main: can't wait diatance[0m
[0;32mI (54967) main: diatance is 98.70[0m
[0;32mI (56967) main: can't wait diatance[0m
[0;32mI (57007) main: diatance is 816.82[0m
[0;32mI (59017) main: can't wait diatance[0m
[0;32mI (59057) main: diatance is 817.09[0m
[0;32mI (61067) main: can't wait diatance[0m
[0;32mI (61107) main: diatance is 816.88[0m
[0;32mI (63117) main: can't wait diatance[0m
[0;32mI (63157) main: diatance is 816.87[0m
[0;32mI (65167) main: can't wait diatance[0m
[0;32mI (65207) main: diatance is 817.02[0m
[0;32mI (67217) main: can't wait diatance[0m
[0;32mI (67217) main: diatance is 16.87[0m
[0;32mI (69217) main: can't wait diatance[0m
[0;32mI (69217) main: diatance is 17.20[0m
[0;32mI (71217) main: can't wait diatance[0m
[0;32mI (71217) main: diatance is 17.84[0m
[0;32mI (73217) main: can't wait diatance[0m
[0;32mI (73217) main: diatance is 70.68[0m
[0;32mI (75217) main: can't wait diatance[0m
[0;32mI (75217) main: diatance is 71.44[0m
[0;32mI (77217) main: can't wait diatance[0m
[0;32mI (77257) main: diatance is 816.99[0m
[0;32mI (79267) main: can't wait diatance[0m
[0;32mI (79307) main: diatance is 817.06[0m
[0;32mI (81317) main: can't wait diatance[0m
[0;32mI (81357) main: diatance is 816.97[0m
[0;32mI (83367) main: can't wait diatance[0m
[0;32mI (83377) main: diatance is 259.31[0m
[0;32mI (85377) main: can't wait diatance[0m
[0;32mI (85417) main: diatance is 817.06[0m
[0;32mI (87427) main: can't wait diatance[0m
[0;32mI (87467) main: diatance is 816.59[0m
[0;32mI (89467) main: can't wait diatance[0m
[0;32mI (89467) main: diatance is 41.97[0m
[0;32mI (91467) main: can't wait diatance[0m
[0;32mI (91467) main: diatance is 44.20[0m
[0;32mI (93467) main: can't wait diatance[0m
[0;32mI (93467) main: diatance is 49.09[0m
[0;32mI (95467) main: can't wait diatance[0m
[0;32mI (95507) main: diatance is 817.01[0m
