h: Detected size(8192k) larger t�ets Jul 29 2019 12:21:46

rst:0x1 (POWERON_RESET),boot:0x3f (SPI_FAST_FLASH_BOOT)
configsip: 153911750, SPIWP:0xee
clk_drv:0x00,q_drv:0x00,d_drv:0x00,cs0_drv:0x00,hd_drv:0x00,wp_drv:0x00
mode:DIO, clock div:2
load:0x3fff0030,len:7172
load:0x40078000,len:15532
load:0x40080400,len:4
load:0x40080404,len:3904
entry 0x40080640
[0;32mI (30) boot: ESP-IDF v5.2 2nd stage bootloader[0m
[0;32mI (30) boot: compile time May 11 2025 02:52:55[0m
[0;32mI (30) boot: Multicore bootloader[0m
[0;32mI (34) boot: chip revision: v3.1[0m
[0;32mI (38) boot.esp32: SPI Speed      : 40MHz[0m
[0;32mI (43) boot.esp32: SPI Mode       : DIO[0m
[0;32mI (47) boot.esp32: SPI Flash Size : 2MB[0m
[0;32mI (52) boot: Enabling RNG early entropy source...[0m
[0;32mI (57) boot: Partition Table:[0m
[0;32mI (61) boot: ## Label            Usage          Type ST Offset   Length[0m
[0;32mI (68) boot:  0 nvs              WiFi data        01 02 00009000 00006000[0m
[0;32mI (75) boot:  1 phy_init         RF data          01 01 0000f000 00001000[0m
[0;32mI (83) boot:  2 factory          factory app      00 00 00010000 00100000[0m
[0;32mI (90) boot: End of partition table[0m
[0;32mI (95) esp_image: segment 0: paddr=00010020 vaddr=3f400020 size=0a88ch ( 43148) map[0m
[0;32mI (118) esp_image: segment 1: paddr=0001a8b4 vaddr=3ffb0000 size=02254h (  8788) load[0m
[0;32mI (121) esp_image: segment 2: paddr=0001cb10 vaddr=40080000 size=03508h ( 13576) load[0m
[0;32mI (129) esp_image: segment 3: paddr=00020020 vaddr=400d0020 size=15504h ( 87300) map[0m
[0;32mI (162) esp_image: segment 4: paddr=0003552c vaddr=40083508 size=0952ch ( 38188) load[0m
[0;32mI (184) boot: Loaded app from partition at offset 0x10000[0m
[0;32mI (184) boot: Disabling RNG early entropy source...[0m
[0;32mI (195) cpu_start: Multicore app[0m
[0;32mI (204) cpu_start: Pro cpu start user code[0m
[0;32mI (204) cpu_start: cpu freq: 160000000 Hz[0m
[0;32mI (204) cpu_start: Application information:[0m
[0;32mI (207) cpu_start: Project name:     sr04[0m
[0;32mI (212) cpu_start: App version:      1[0m
[0;32mI (216) cpu_start: Compile time:     May 11 2025 02:52:14[0m
[0;32mI (222) cpu_start: ELF file SHA256:  42cec42cfd9bd2a2...[0m
[0;32mI (228) cpu_start: ESP-IDF:          v5.2[0m
[0;32mI (233) cpu_start: Min chip rev:     v0.0[0m
[0;32mI (237) cpu_start: Max chip rev:     v3.99 [0m
[0;32mI (242) cpu_start: Chip rev:         v3.1[0m
[0;32mI (247) heap_init: Initializing. RAM available for dynamic allocation:[0m
[0;32mI (254) heap_init: At 3FFAE6E0 len 00001920 (6 KiB)02D4B8 (181 KiB): DRAM[0m
[0;32mI (267) heap_init: At 3FFE0440 len 00003AE0 (14 KiB): D/IRAM[0m
[0;32mI (273) heap_init: At 3FFE4350 len 0001BCB0 (111 KiB): D/IRAM[0m
[0;32mI (279) heap_init: At 4008CA34 len 000135CC (77 KiB): IRAM[0m
[0;32mI (287) spi_flash: detected chip: gd[0m
[0;32mI (290) spi_flash: flash io: dio[0m
[0;33mW (294) spi_flash: Detected size(8192k) larger than the size in the binary image header(2048k). Using the size in the binary image header.[0m
[0;32mI (308) main_task: Started on CPU0[0m
[0;32mI (318) main_task: Calling app_main()[0m
[0;32mI (318) gpio: GPIO[33]| InputEn: 1| OutputEn: 0| OpenDrain: 0| Pullup: 1| Pulce is 50.62[0m
[0;32mI (2328) main: can't wait diatance[0m
[0;32mI (2328) main: diatance is 34578.86[0m
[0;32mI (4328) main: can't wait diatance[0m
[0;32mI (4328) main: diatance is 69061.28[0m
[0;32mI (6328) main: can't wait diatance[0m
[0;32mI (6358) main: diatance is 104105.37[0m
[0;32mI (8358) main: can't wait diatance[0m
[0;32mI (8368) main: diatance is 138795.02[0m
[0;32mI (10368) main: can't wait diatance[0m
[0;32mI (10378) main: diatance is 173408.55[0m
[0;32mI (12378) main: can't wait diatance[0m
[0;32mI (12388) main: diatance is 208088.98[0m
[0;32mI (14388) main: can't wait diatance[0m
[0;32mI (14398) main: diatance is 242771.23[0m
[0;32mI (16398) main: can't wait diatance[0m
[0;32mI (16398) main: diatance is 277157.91[0m
[0;32mI (18398) main: can't wait diatance[0m
[0;32mI (18408) main: diatance is 311888.44[0m
[0;32mI (20408) main: can't wait diatance[0m
[0;32mI (20428) main: diatance is 346721.47[0m
[0;32mI (22428) main: can't wait diatance[0m
[0;32mI (22448) main: diatance is 381548.59[0m
[0;32mI (24448) main: can't wait diatance[0m
[0;32mI (24488) main: diatance is 416763.56[0m
[0;32mI (26498) main: can't wait diatance[0m
[0;32mI (26518) main: diatance is 451720.66[0m
[0;32mI (28518) main: can't wait diatance[0m
[0;32mI (28558) main: diatance is 486936.03[0m
[0;32mI (30568) main: can't wait diatance[0m
[0;32mI (30588) main: diatance is 521895.00[0m
[0;32mI (32588) main: can't wait diatance[0m
[0;32mI (32628) main: diatance is 557108.50[0m
[0;32mI (34638) main: can't wait diatance[0m
[0;32mI (34678) main: diatance is 592452.81[0m
[0;32mI (36688) main: can't wait diatance[0m
[0;32mI (36698) main: diatance is 627225.50[0m
[0;32mI (38698) main: can't wait diatance[0m
[0;32mI (38708) main: diatance is 661881.88[0m
[0;32mI (40708) main: can't wait diatance[0m
[0;32mI (40718) main: diatance is 696538.00[0m
[0;32mI (42718) main: can't wait diatance[0m
[0;32mI (42728) main: diatance is 731191.75[0m
[0;32mI (44728) main: can't wait diatance[0m
[0;32mI (44768) main: diatance is 766315.56[0m
[0;32mI (46768) main: can't wait diatance[0m
[0;32mI (46798) main: diatance is 801289.06[0m
[0;32mI (48798) main: can't wait diatance[0m
[0;32mI (48838) main: diatance is 836591.25[0m
[0;32mI (50848) main: can't wait diatance[0m
[0;32mI (50858) main: diatance is 871362.62[0m
[0;32mI (52858) main: can't wait diatance[0m
[0;32mI (52868) main: diatance is 906020.56[0m
[0;32mI (54868) main: can't wait diatance[0m
[0;32mI (54908) main: diatance is 15521.99[0m
[0;32mI (56908) main: can't wait diatance[0m
[0;32mI (56948) main: diatance is 50779.48[0m
[0;32mI (58958) main: can't wait diatance[0m
[0;32mI (58978) main: diatance is 85738.23[0m
[0;32mI (60978) main: can't wait diatance[0m
[0;32mI (60988) main: diatance is 120393.62[0m
[0;32mI (62988) main: can't wait diatance[0m
[0;32mI (63008) main: diatance is 155222.12[0m
[0;32mI (65008) main: can't wait diatance[0m
[0;32mI (65048) main: diatance is 190434.81[0m
[0;32mI (67058) main: can't wait diatance[0m
[0;32mI (67098) main: diatance is 225779.73[0m
[0;32mI (69108) main: can't wait diatance[0m
[0;32mI (69148) main: diatance is 261124.11[0m
[0;32mI (71158) main: can't wait diatance[0m
[0;32mI (71198) main: diatance is 296301.00[0m
[0;32mI (73198) main: can't wait diatance[0m
[0;32mI (73208) main: diatance is 331068.44[0m
[0;32mI (75208) main: can't wait diatance[0m
[0;32mI (75248) main: diatance is 366296.59[0m
[0;32mI (77258) main: can't wait diatance[0m
[0;32mI (77278) main: diatance is 401128.94[0m
[0;32mI (79278) main: can't wait diatance[0m
[0;32mI (79298) main: diatance is 435958.72[0m
[0;32mI (81298) main: can't wait diatance[0m
[0;32mI (81318) main: diatance is 470783.25[0m
[0;32mI (83318) main: can't wait diatance[0m
[0;32mI (83338) main: diatance is 505611.66[0m
[0;32mI (85338) main: can't wait diatance[0m
[0;32mI (85358) main: diatance is 540438.00[0m
[0;32mI (87358) main: can't wait diatance[0m
[0;32mI (87378) main: diatance is 575265.88[0m
[0;32mI (89378) main: can't wait diatance[0m
[0;32mI (89378) main: diatance is 609796.12[0m
[0;32mI (91378) main: can't wait diatance[0m
[0;32mI (91378) main: diatance is 644330.62[0m
[0;32mI (93378) main: can't wait diatance[0m
[0;32mI (93388) main: diatance is 679010.12[0m
[0;32mI (95388) main: can't wait diatance[0m
[0;32mI (95388) main: diatance is 713460.69[0m
[0;32mI (97388) main: can't wait diatance[0m
[0;32mI (97388) main: diatance is 747944.06[0m
[0;32mI (99388) main: can't wait diatance[0m
[0;32mI (99388) main: diatance is 782418.00[0m
[0;32mI (101388) main: can't wait diatance[0m
