j%�(260) heap_init: At 3FFB2B38 len 0002D4C8 (181 KiB): DRAM�ets Jul 29 2019 12:21:46

rst:0x1 (POWERON_RESET),boot:0x3f (SPI_FAST_FLASH_BOOT)
configsip: 153911750, SPIWP:0xee
clk_drv:0x00,q_drv:0x00,d_drv:0x00,cs0_drv:0x00,hd_drv:0x00,wp_drv:0x00
mode:DIO, clock div:2
load:0x3fff0030,len:7172
load:0x40078000,len:15532
load:0x40080400,len:4
load:0x40080404,len:3904
entry 0x40080640
[0;32mI (30) boot: ESP-IDF v5.2 2nd stage bootloader[0m
[0;32mI (30) boot: compile time May 11 2025 02:52:55[0m
[0;32mI (30) boot: Multicore bootloader[0m
[0;32mI (34) boot: chip revision: v3.1[0m
[0;32mI (38) boot.esp32: SPI Speed      : 40MHz[0m
[0;32mI (43) boot.esp32: SPI Mode       : DIO[0m
[0;32mI (47) boot.esp32: SPI Flash Size : 2MB[0m
[0;32mI (52) boot: Enabling RNG early entropy source...[0m
[0;32mI (57) boot: Partition Table:[0m
[0;32mI (61) boot: ## Label            Usage          Type ST Offset   Length[0m
[0;32mI (68) boot:  0 nvs              WiFi data        01 02 00009000 00006000[0m
[0;32mI (75) boot:  1 phy_init         RF data          01 01 0000f000 00001000[0m
[0;32mI (83) boot:  2 factory          factory app      00 00 00010000 00100000[0m
[0;32mI (90) boot: End of partition table[0m
[0;32mI (95) esp_image: segment 0: paddr=00010020 vaddr=3f400020 size=0a88ch ( 43148) map[0m
[0;32mI (118) esp_image: segment 1: paddr=0001a8b4 vaddr=3ffb0000 size=02254h (  8788) load[0m
[0;32mI (121) esp_image: segment 2: paddr=0001cb10 vaddr=40080000 size=03508h ( 13576) load[0m
[0;32mI (129) esp_image: segment 3: paddr=00020020 vaddr=400d0020 size=154a0h ( 87200) map[0m
[0;32mI (162) esp_image: segment 4: paddr=000354c8 vaddr=40083508 size=09524h ( 38180) load[0m
[0;32mI (184) boot: Loaded app from partition at offset 0x10000[0m
[0;32mI (184) boot: Disabling RNG early entropy source...[0m
[0;32mI (195) cpu_start: Multicore app[0m
[0;32mI (204) cpu_start: Pro cpu start user code[0m
[0;32mI (204) cpu_start: cpu freq: 160000000 Hz[0m
[0;32mI (204) cpu_start: Application information:[0m
[0;32mI (207) cpu_start: Project name:     sr04[0m
[0;32mI (212) cpu_start: App version:      1[0m
[0;32mI (216) cpu_start: Compile time:     May 11 2025 02:52:14[0m
[0;32mI (222) cpu_start: ELF file SHA256:  ba7f26939cda4ae7...[0m
[0;32mI (228) cpu_start: ESP-IDF:          v5.2[0m
[0;32mI (233) cpu_start: Min chip rev:     v0.0[0m
[0;32mI (237) cpu_start: Max chip rev:     v3.99 [0m
[0;32mI (242) cpu_start: Chip rev:         v3.1[0m
[0;32mI (247) heap_init: Initializing. RAM available for dynamic allocation:[0m
[0;32mI (254) heap_init: DRAM[0m
[0;32mI (260) heap_init: At 3FFB2B38 len 0002D4C8 (181 KiB): DRAM[0m
[0;32mI (267) heap_init: At 3FFE0440 len 00003AE0 (14 KiB): D/IRAM[0m
[0;32mI (273) heap_init: At 3FFE4350 len 0001BCB0 (111 KiB): D/IRAM[0m
[0;32mI (279) heap_init: At 4008CA2C len 000135D4 (77 KiB): IRAM[0m
[0;32mI (287) spi_flash: detected chip: gd[0m
[0;32mI (290) spi_flash: flash io: dio[0m
[0;33mW (294) spi_flash: Detected size(8192k) larger than the size in the binary image header(2048k). Using the size in the binary image header.[0m
[0;32mI (307) main_task: Started on CPU0[0m
[0;32mI (317) main_task: Calling app_main()[0m
[0;32mI (317) gpio: GPIO[33]| InputEn: 1| OutputEn: 0| OpenDrain: 0| Pullup: 1| Pulldown: 0| Intr:0 [0m
[0;32mI (367) main: diatance is 924821.81[0m
[0;32mI (2367) main: can't wait diatance[0m
[0;32mI (2407) main: diatance is 924821.81[0m
[0;32mI (4417) main: can't wait diatance[0m
[0;32mI (4457) main: diatance is 924822.06[0m
[0;32mI (6467) main: can't wait diatance[0m
[0;32mI (6467) main: diatance is 925580.38[0m
[0;32mI (8467) main: can't wait diatance[0m
[0;32mI (8477) main: diatance is 925397.75[0m
[0;32mI (10477) main: can't wait diatance[0m
[0;32mI (10487) main: diatance is 925397.12[0m
[0;32mI (12487) main: can't wait diatance[0m
[0;32mI (12497) main: diatance is 925395.19[0m
[0;32mI (14497) main: can't wait diatance[0m
[0;32mI (14507) main: diatance is 925397.06[0m
[0;32mI (16507) main: can't wait diatance[0m
[0;32mI (16507) main: diatance is 925627.69[0m
[0;32mI (18507) main: can't wait diatance[0m
[0;32mI (18507) main: diatance is 925634.25[0m
[0;32mI (20507) main: can't wait diatance[0m
[0;32mI (20547) main: diatance is 924821.94[0m
[0;32mI (22557) main: can't wait diatance[0m
[0;32mI (22597) main: diatance is 924821.75[0m
[0;32mI (24607) main: can't wait diatance[0m
[0;32mI (24647) main: diatance is 924821.94[0m
[0;32mI (26657) main: can't wait diatance[0m
[0;32mI (26697) main: diatance is 924822.00[0m
[0;32mI (28707) main: can't wait diatance[0m
[0;32mI (28747) main: diatance is 924821.88[0m
[0;32mI (30757) main: can't wait diatance[0m
[0;32mI (30797) main: diatance is 924821.81[0m
[0;32mI (32807) main: can't wait diatance[0m
[0;32mI (32847) main: diatance is 924822.00[0m
[0;32mI (34857) main: can't wait diatance[0m
[0;32mI (34887) main: diatance is 925105.81[0m
[0;32mI (36887) main: can't wait diatance[0m
[0;32mI (36887) main: diatance is 925616.50[0m
[0;32mI (38887) main: can't wait diatance[0m
[0;32mI (38887) main: diatance is 925632.06[0m
[0;32mI (40887) main: can't wait diatance[0m
[0;32mI (40927) main: diatance is 924821.94[0m
[0;32mI (42937) main: can't wait diatance[0m
[0;32mI (42937) main: diatance is 925630.06[0m
[0;32mI (44937) main: can't wait diatance[0m
[0;32mI (44937) main: diatance is 925623.25[0m
[0;32mI (46937) main: can't wait diatance[0m
[0;32mI (46977) main: diatance is 924822.12[0m
[0;32mI (48987) main: can't wait diatance[0m
[0;32mI (49027) main: diatance is 924821.88[0m
[0;32mI (51037) main: can't wait diatance[0m
[0;32mI (51037) main: diatance is 925630.69[0m
[0;32mI (53037) main: can't wait diatance[0m
[0;32mI (53037) main: diatance is 925630.69[0m
[0;32mI (55037) main: can't wait diatance[0m
[0;32mI (55037) main: diatance is 925630.69[0m
[0;32mI (57037) main: can't wait diatance[0m
[0;32mI (57037) main: diatance is 925630.75[0m
[0;32mI (59037) main: can't wait diatance[0m
[0;32mI (59037) main: diatance is 925630.69[0m
[0;32mI (61037) main: can't wait diatance[0m
[0;32mI (61037) main: diatance is 925630.69[0m
[0;32mI (63037) main: can't wait diatance[0m
[0;32mI (63037) main: diatance is 925630.69[0m
[0;32mI (65037) main: can't wait diatance[0m
[0;32mI (65037) main: diatance is 925630.69[0m
[0;32mI (67037) main: can't wait diatance[0m
[0;32mI (67037) main: diatance is 925629.00[0m
[0;32mI (69037) main: can't wait diatance[0m
[0;32mI (69037) main: diatance is 925630.75[0m
[0;32mI (71037) main: can't wait diatance[0m
[0;32mI (71037) main: diatance is 925630.69[0m
[0;32mI (73037) main: can't wait diatance[0m
[0;32mI (73037) main: diatance is 925630.69[0m
[0;32mI (75037) main: can't wait diatance[0m
[0;32mI (75037) main: diatance is 925629.00[0m
[0;32mI (77037) main: can't wait diatance[0m
[0;32mI (77037) main: diatance is 925630.75[0m
[0;32mI (79037) main: can't wait diatance[0m
[0;32mI (79037) main: diatance is 925629.00[0m
[0;32mI (81037) main: can't wait diatance[0m
[0;32mI (81037) main: diatance is 925630.75[0m
[0;32mI (83037) main: can't wait diatance[0m
[0;32mI (83037) main: diatance is 925630.69[0m
[0;32mI (85037) main: can't wait diatance[0m
[0;32mI (85037) main: diatance is 925629.00[0m
[0;32mI (87037) main: can't wait diatance[0m
[0;32mI (87037) main: diatance is 925630.69[0m
[0;32mI (89037) main: can't wait diatance[0m
[0;32mI (89037) main: diatance is 925630.69[0m
[0;32mI (91037) main: can't wait diatance[0m
[0;32mI (91037) main: diatance is 925630.75[0m
[0;32mI (93037) main: can't wait diatance[0m
[0;32mI (93037) main: diatance is 925630.69[0m
[0;32mI (95037) main: can't wait diatance[0m
[0;32mI (95037) main: diatance is 925630.69[0m
[0;32mI (97037) main: can't wait diatance[0m
[0;32mI (97037) main: diatance is 925630.75[0m
[0;32mI (99037) main: can't wait diatance[0m
[0;32mI (99037) main: diatance is 925630.69[0m
[0;32mI (101037) main: can't wait diatance[0m
[0;32mI (101037) main: diatance is 925629.00[0m
[0;32mI (103037) main: can't wait diatance[0m
[0;32mI (103037) main: diatance is 925629.00[0m
[0;32mI (105037) main: can't wait diatance[0m
[0;32mI (105037) main: diatance is 925630.69[0m
[0;32mI (107037) main: can't wait diatance[0m
[0;32mI (107037) main: diatance is 925629.00[0m
[0;32mI (109037) main: can't wait diatance[0m
[0;32mI (109037) main: diatance is 925630.75[0m
[0;32mI (111037) main: can't wait diatance[0m
[0;32mI (111037) main: diatance is 925630.69[0m
[0;32mI (113037) main: can't wait diatance[0m
[0;32mI (113037) main: diatance is 925630.75[0m
[0;32mI (115037) main: can't wait diatance[0m
[0;32mI (115037) main: diatance is 925630.69[0m
[0;32mI (117037) main: can't wait diatance[0m
[0;32mI (117037) main: diatance is 925630.69[0m
[0;32mI (119037) main: can't wait diatance[0m
[0;32mI (119037) main: diatance is 925629.00[0m
[0;32mI (121037) main: can't wait diatance[0m
[0;32mI (121037) main: diatance is 925629.00[0m
[0;32mI (123037) main: can't wait diatance[0m
[0;32mI (123037) main: diatance is 925629.00[0m
[0;32mI (125037) main: can't wait diatance[0m
[0;32mI (125037) main: diatance is 925629.00[0m
[0;32mI (127037) main: can't wait diatance[0m
[0;32mI (127037) main: diatance is 925630.75[0m
[0;32mI (129037) main: can't wait diatance[0m
[0;32mI (129037) main: diatance is 925630.75[0m
