tected size(8192k) larger than the size in the binary image heade�ets Jul 29 2019 12:21:46

rst:0x1 (POWERON_RESET),boot:0x3f (SPI_FAST_FLASH_BOOT)
configsip: 153911750, SPIWP:0xee
clk_drv:0x00,q_drv:0x00,d_drv:0x00,cs0_drv:0x00,hd_drv:0x00,wp_drv:0x00
00,len:15532
load:0x40080400,len:4
load:0x40080404,len:3904
entry 0x40080640
[0;32mI (30) boot: ESP-IDF v5.2 2nd stage bootloader[0m
[0;32mI (30) boot: compile time May 11 2025 02:52:55[0m
[0;32mI (30) boot: Multicore bootloader[0m
[0;32mI (34) boot: chip revision: v3.1[0m
[0;32mI (38) boot.esp32: SPI Speed      : 40MHz[0m
[0;32mI (43) boot.esp32: SPI Mode       : DIO[0m
[0;32mI (47) boot.esp32: SPI Flash Size : 2MB[0m
[0;32mI (52) boot: Enabling RNG early entropy source...[0m
[0;32mI (57) boot: Partition Table:[0m
[0;32mI (61) boot: ## Label            Usage          Type ST Offset   Length[0m
[0;32mI (68) boot:  0 nvs              WiFi data        01 02 00009000 00006000[0m
[0;32mI (75) boot:  1 phy_init         RF data          01 01 0000f000 00001000[0m
[0;32mI (83) boot:  2 factory          factory app      00 00 00010000 00100000[0m
[0;32mI (90) boot: End of partition table[0m
[0;32mI (95) esp_image: segment 0: paddr=00010020 vaddr=3f400020 size=0a8ach ( 43180) map[0m
[0;32mI (118) esp_image: segment 1: paddr=0001a8d4 vaddr=3ffb0000 size=02254h (  8788) load[0m
[0;32mI (121) esp_image: segment 2: paddr=0001cb30 vaddr=40080000 size=034e8h ( 13544) load[0m
[0;32mI (129) esp_image: segment 3: paddr=00020020 vaddr=400d0020 size=15458h ( 87128) map[0m
[0;32mI (162) esp_image: segment 4: paddr=00035480 vaddr=400834e8 size=09544h ( 38212) load[0m
[0;32mI (183) boot: Loaded app from partition at offset 0x10000[0m
[0;32mI (184) boot: Disabling RNG early entropy source...[0m
[0;32mI (195) cpu_start: Multicore app[0m
[0;32mI (204) cpu_start: Pro cpu start user code[0m
[0;32mI (204) cpu_start: cpu freq: 160000000 Hz[0m
[0;32mI (204) cpu_start: Application information:[0m
[0;32mI (207) cpu_start: Project name:     sr04[0m
[0;32mI (212) cpu_start: App version:      1[0m
[0;32mI (216) cpu_start: Compile time:     May 11 2025 02:52:14[0m
[0;32mI (222) cpu_start: ELF file SHA256:  babeb7a37fb44f81...[0m
[0;32mI (228) cpu_start: ESP-IDF:          v5.2[0m
[0;32mI (233) cpu_start: Min chip rev:     v0.0[0m
[0;32mI (237) cpu_start: Max chip rev:     v3.99 [0m
[0;32mI (242) cpu_start: Chip rev:         v3.1[0m
[0;32mI (247) heap_init: Initializing. RAM available for dynamic allocation:[0m
[0;32mI (254) heap_init: At 3FFAE6E0 len 00001920 (6 KiB): DRAM[0m
[0;32mI (260) heap_init: At 3FFB2B38 len 0002D4C8 (181 KiB): DRAM[0m
[0;32mI (267) heap_init: At 3FFE0440 len 00003AE0 (14 KiB): D/IRAM[0m
[0;32mI (273) heap_init: At 3FFE4350 len 0001BCB0 (111 KiB): D/IRAM[0m
[0;32mI (279) heap_init: At 4008CA2C len 000135D4 (77 KiB): IRAM[0m
[0;32mI (287) spi_flash: detected chip: gd[0m
[0;32mI (290) spi_flash: flash io: dio[0m
[0;33mW (294) spi_flash: Detected size(8192k) larger than the size in the binary image header(2048k). Using the size in the binary image header.[0m
[0;32mI (307) main_task: Started on CPU0[0m
[0;32mI (317)ain_task: Calling app_main()[0m
[0;32mI (317) gpio: GPIO[33]| InputEn: 1| OutputEn: 0| OpenDrain: 0| Pullup: 1| Pulldown: 0| Intr:0 [0m
[0;32mI (317) SR04: Configure Trig pin[0m
[0;32mI (327) gpio: GPIO[33]| InputEn: 0| OutputEn: 1| OpenDrain: 0| Pullup: 0| Pulldown: 0| Intr:0 [0m
[0;32mI (2337) main: can't wait diatance[0m
[0;32mI (4337) main: can't wait diatance[0m
[0;32mI (6337) main: can't wait diatance[0m
[0;32mI (8337) main: can't wait diatance[0m
[0;32mI (10337) main: can't wait diatance[0m
[0;32mI (12337) main: can't wait diatance[0m
[0;32mI (14337) main: can't wait diatance[0m
[0;32mI (16337) main: can't wait diatance[0m
[0;32mI (18337) main: can't wait diatance[0m
[0;32mI (20337) main: can't wait diatance[0m
[0;32mI (22337) main: can't wait diatance[0m
[0;32mI (24337) main: can't wait diatance[0m
[0;32mI (26337) main: can't wait diatance[0m
[0;32mI (28337) main: can't wait diatance[0m
[0;32mI (30337) main: can't wait diatance[0m
[0;32mI (32337) main: can't wait diatance[0m
[0;32mI (34337) main: can't wait diatance[0m
[0;32mI (36337) main: can't wait diatance[0m
[0;32mI (38337) main: can't wait diatance[0m
[0;32mI (40337) main: can't wait diatance[0m
[0;32mI (42337) main: can't wait diatance[0m
[0;32mI (44337) main: can't wait diatance[0m
[0;32mI (46337) main: can't wait diatance[0m
[0;32mI (48337) main: can't wait diatance[0m
[0;32mI (50337) main: can't wait diatance[0m
[0;32mI (52337) main: can't wait diatance[0m
[0;32mI (54337) main: can't wait diatance[0m
[0;32mI (56337) main: can't wait diatance[0m
[0;32mI (58337) main: can't wait diatance[0m
[0;32mI (60337) main: can't wait diatance[0m
[0;32mI (62337) main: can't wait diatance[0m
[0;32mI (64337) main: can't wait diatance[0m
[0;32mI (66337) main: can't wait diatance[0m
[0;32mI (68337) main: can't wait diatance[0m
[0;32mI (70337) main: can't wait diatance[0m
[0;32mI (72337) main: can't wait diatance[0m
[0;32mI (74337) main: can't wait diatance[0m
[0;32mI (76337) main: can't wait diatance[0m
[0;32mI (78337) main: can't wait diatance[0m
[0;32mI (80337) main: can't wait diatance[0m
[0;32mI (82337) main: can't wait diatance[0m
[0;32mI (84337) main: can't wait diatance[0m
[0;32mI (86337) main: can't wait diatance[0m
[0;32mI (88337) main: can't wait diatance[0m
[0;32mI (90337) main: can't wait diatance[0m
[0;32mI (92337) main: can't wait diatance[0m
[0;32mI (94337) main: can't wait diatance[0m
[0;32mI (96337) main: can't wait diatance[0m
[0;32mI (98337) main: can't wait diatance[0m
[0;32mI (100337) main: can't wait diatance[0m
[0;32mI (102337) main: can't wait diatance[0m
[0;32mI (104337) main: can't wait diatance[0m
[0;32mI (106337) main: can't wait diatance[0m
[0;32mI (108337) main: can't wait diatance[0m
[0;32mI (110337) main: can't wait diatance[0m
[0;32mI (112337) main: can't wait diatance[0m
[0;32mI (114337) main: can't wait diatance[0m
[0;32mI (116337) main: can't wait diatance[0m
[0;32mI (118337) main: can't wait diatance[0m
[0;32mI (120337) main: can't wait diatance[0m
[0;32mI (122337) main: can't wait diatance[0m
[0;32mI (124337) main: can't wait diatance[0m
[0;32mI (126337) main: can't wait diatance[0m
[0;32mI (128337) main: can't wait diatance[0m
[0;32mI (130337) main: can't wait diatance[0m
[0;32mI (132337) main: can't wait diatance[0m
[0;32mI (134337) main: can't wait diatance[0m
[0;32mI (136337) main: can't wait diatance[0m
[0;32mI (138337) main: can't wait diatance[0m
[0;32mI (140337) main: can't wait diatance[0m
[0;32mI (142337) main: can't wait diatance[0m
[0;32mI (144337) main: can't wait diatance[0m
[0;32mI (146337) main: can't wait diatance[0m
[0;32mI (148337) main: can't wait diatance[0m
[0;32mI (150337) main: can't wait diatance[0m
[0;32mI (152337) main: can't wait diatance[0m
[0;32mI (154337) main: can't wait diatance[0m
[0;32mI (156337) main: can't wait diatance[0m
[0;32mI (158337) main: can't wait diatance[0m
[0;32mI (160337) main: can't wait diatance[0m
[0;32mI (162337) main: can't wait diatance[0m
[0;32mI (164337) main: can't wait diatance[0m
[0;32mI (166337) main: can't wait diatance[0m
[0;32mI (168337) main: can't wait diatance[0m
[0;32mI (170337) main: can't wait diatance[0m
[0;32mI (172337) main: can't wait diatance[0m
[0;32mI (174337) main: can't wait diatance[0m
[0;32mI (176337) main: can't wait diatance[0m
[0;32mI (178337) main: can't wait diatance[0m
[0;32mI (180337) main: can't wait diatance[0m
[0;32mI (182337) main: can't wait diatance[0m
[0;32mI (184337) main: can't wait diatance[0m
[0;32mI (186337) main: can't wait diatance[0m
[0;32mI (188337) main: can't wait diatance[0m
[0;32mI (190337) main: can't wait diatance[0m
[0;32mI (192337) main: can't wait diatance[0m
[0;32mI (194337) main: can't wait diatance[0m
[0;32mI (196337) main: can't wait diatance[0m
[0;32mI (198337) main: can't wait diatance[0m
[0;32mI (200337) main: can't wait diatance[0m
[0;32mI (202337) main: can't wait diatance[0m
[0;32mI (204337) main: can't wait diatance[0m
[0;32mI (206337) main: can't wait diatance[0m
[0;32mI (208337) main: can't wait diatance[0m
[0;32mI (210337) main: can't wait diatance[0m
[0;32mI (212337) main: can't wait diatance[0m
[0;32mI (214337) main: can't wait diatance[0m
[0;32mI (216337) main: can't wait diatance[0m
[0;32mI (218337) main: can't wait diatance[0m
