[0m
[0;33mW (297) spi_flash: Detected size(8192k) larger than the siz�ets Jul 29 2019 12:21:46

rst:0x1 (POWERON_RESET),boot:0x3f (SPI_FAST_FLASH_BOOT)
configsip: 153911750, SPIWP:0xee
clk_drv:0:0x00,wp_drv:0x00
mode:DIO, clock div:2
load:0x3fff0030,len:7172
load:0x40078000,len:15532
load:0x40080400,len:4
load:0x40080404,len:3904
entry 0x40080640
[0;32mI (30) boot: ESP-IDF v5.2-dirty 2nd stage bootloader[0m
[0;32mI (30) boot: compile time May 24 2025 09:10:01[0m
[0;32mI (30) boot: Multicore bootloader[0m
[0;32mI (35) boot: chip revision: v3.1[0m
[0;32mI (38) boot.esp32: SPI Speed      : 40MHz[0m
[0;32mI (43) boot.esp32: SPI Mode       : DIO[0m
[0;32mI (48) boot.esp32: SPIabel            Usage          Type ST Offset   Length[0m
[0;32mI (68) boot:  0 nvs              WiFi data        01 02 00009000 00006000[0m
[0;32mI (76) boot:  1 phy_init         RF dat0f000 00001000[0m
[0;32mI (83) boot:  2 factory          factory app      00 00 00010000 00100000[0m
[0;32mI (91) boot:  3oot: End of partition table[0m
[0;32mI (102) esp_image: segment 0: paddr=00010020 vaddr=3f400020 size=0970ch ( 38668) map[0m
[0;32mI (124) esp_image: segment 1: paddr=00019734 vaddr=3ffb0000 size=02244h (  8772) load[0m
[0;32mI (128) esp_image: segment 2: paddr=0001b980 vaddr=40080000 size=04698h ( 18072) load[0m
[0;32mI (137) esp_image: segment 3: paddr=00020020 vaddr=400d0020 size=1369ch ( 79516) map[0m
[0;32mI (166) esp_image: segment 4: paddr=000336c4 vaddr=40084698 size=087b4h ( 34740) load[0m
[0;32mI (186) boot: Loaded app from partition at offset 0x10000[0m
[0;32mI (186) boot: Disabling RNG early entropy source...[0m
[0;32mI (198) cpu_start: Multicore app[0m
[0;32mI (207) cpu_start: Pro cpu start user code[0m
[0;32mI (207) cpu_start: cpu freq: 160000000 Hz[0m
[0;32mI (207) cpu_start: Application information:32mI (210) cpu_start: Project name:     partition[0m
[0;32mI (215) cpu_start: App version:      1[0m
[0;32mI (219) cpu_start: Compile time:     May 24 2025 09:09:29[0m
[0;32mI (225) cpu_start: ELF file SHA256:  d3f3d8a94ce95252...[0m
[0;32mI (231) cpu_start: ESP-IDF:          v5.2-dirty[0m
[0;32mI (236) cpu_start: Min chip rev:     v0.0[0m
[0;32mI (241) cpu_start: Max chip rev:     v3.99 [0m
[0;32mI (246) cpu_start: Chip rev:         v3.1[0m
[0;32mI (251) heap_init: Initializing. RAM available for dynamic allocation:[0m
[0;32mI (258) heap_init: At 3FFAE6E0 len 00001920 (6 KiB): DRAM[0m
[0;32mI (264) heap_init: At 3FFB2F18 len 0002D0E8 (180 KiB): DRAM[0m
[0;32mI (270) heap_init: At 3FFE0440 len 00003AE0 (14 KiB): D/IRAM[0m
[0;32mI (277) heap_init: At 3FFE4350 len 0001BCB0 (111 KiB): D/IRAM[0m
[0;32mI (283) heap_init: At 4008CE4C len 000131B4 (76 KiB): IRAM[0m
[0;32mI (291) spi_flash: detected chip: gd[0m
[0;32mI (293) spi_flash: flash io: dio[0m
[0;33mW (297) spi_flash: Detected size(8192k) larger than the size in the binary image header(4096k). Using the size in the binary image header.[0m
[0;32mI (311) main_task: Started on CPU0[0m
[0;32mI (321) main_task: Calling app_main()[0m
[0;32mI (331) main: Read partition str:this is for test string[0m
